../Core/Src/main.c:199:5:check_collision	5
../Core/Src/main.c:216:5:main	75
../Core/Src/main.c:549:6:SystemClock_Config	3
../Core/Src/main.c:597:13:MX_SPI1_Init	2
../Core/Src/main.c:635:13:MX_TIM1_Init	7
../Core/Src/main.c:710:13:MX_TIM2_Init	4
../Core/Src/main.c:755:13:MX_UART5_Init	2
../Core/Src/main.c:788:13:MX_USART2_UART_Init	2
../Core/Src/main.c:821:13:MX_USART3_UART_Init	2
../Core/Src/main.c:854:13:MX_USART6_UART_Init	2
../Core/Src/main.c:885:13:MX_DMA_Init	1
../Core/Src/main.c:907:13:MX_GPIO_Init	1
../Core/Src/main.c:963:6:HAL_UART_RxCpltCallback	12
../Core/Src/main.c:1015:6:Error_Handler	1
