../Core/Src/main.c:191:5:calcularARR	2
../Core/Src/main.c:197:6:generarSin	2
../Core/Src/main.c:202:6:playToneDAC	4
../Core/Src/main.c:225:5:presForFrequency	2
../Core/Src/main.c:230:6:noTone	1
../Core/Src/main.c:233:6:playTone	3
../Core/Src/main.c:249:6:playTonePRE	3
../Core/Src/main.c:265:6:noToneDAC	1
../Core/Src/main.c:275:5:main	3
../Core/Src/main.c:353:6:SystemClock_Config	3
../Core/Src/main.c:401:13:MX_DAC_Init	3
../Core/Src/main.c:441:13:MX_TIM1_Init	5
../Core/Src/main.c:505:13:MX_TIM6_Init	3
../Core/Src/main.c:543:13:MX_USART2_UART_Init	2
../Core/Src/main.c:574:13:MX_DMA_Init	1
../Core/Src/main.c:595:13:MX_GPIO_Init	1
../Core/Src/main.c:620:6:HAL_UART_RxCpltCallback	3
../Core/Src/main.c:631:6:UART_DMAReceiveCplt	1
../Core/Src/main.c:641:6:Error_Handler	1
