../Core/Src/main.c:210:6:play_note	16	static
../Core/Src/main.c:225:6:play_melody	32	static
../Core/Src/main.c:239:6:generarSin	16	static
../Core/Src/main.c:245:5:calcularARR	24	static
../Core/Src/main.c:257:6:noTone	4	static
../Core/Src/main.c:262:6:playTone	48	static
../Core/Src/main.c:300:5:main	16	static
../Core/Src/main.c:391:6:SystemClock_Config	88	static
../Core/Src/main.c:439:13:MX_DAC_Init	16	static
../Core/Src/main.c:479:13:MX_TIM1_Init	96	static
../Core/Src/main.c:554:13:MX_TIM6_Init	16	static
../Core/Src/main.c:592:13:MX_USART2_UART_Init	8	static
../Core/Src/main.c:625:13:MX_USART3_UART_Init	8	static
../Core/Src/main.c:658:13:MX_USART6_UART_Init	8	static
../Core/Src/main.c:689:13:MX_DMA_Init	16	static
../Core/Src/main.c:717:13:MX_GPIO_Init	48	static
../Core/Src/main.c:744:6:HAL_UART_RxCpltCallback	16	static
../Core/Src/main.c:759:6:Error_Handler	4	static,ignoring_inline_asm
