../Core/Src/main.c:210:6:play_note	2
../Core/Src/main.c:225:6:play_melody	2
../Core/Src/main.c:239:6:generarSin	2
../Core/Src/main.c:245:5:calcularARR	2
../Core/Src/main.c:257:6:noTone	1
../Core/Src/main.c:262:6:playTone	4
../Core/Src/main.c:300:5:main	5
../Core/Src/main.c:391:6:SystemClock_Config	3
../Core/Src/main.c:439:13:MX_DAC_Init	3
../Core/Src/main.c:479:13:MX_TIM1_Init	7
../Core/Src/main.c:554:13:MX_TIM6_Init	3
../Core/Src/main.c:592:13:MX_USART2_UART_Init	2
../Core/Src/main.c:625:13:MX_USART3_UART_Init	2
../Core/Src/main.c:658:13:MX_USART6_UART_Init	2
../Core/Src/main.c:689:13:MX_DMA_Init	1
../Core/Src/main.c:717:13:MX_GPIO_Init	1
../Core/Src/main.c:744:6:HAL_UART_RxCpltCallback	2
../Core/Src/main.c:759:6:Error_Handler	1
