../Core/Src/main.c:207:6:transmit_uart	24	static
../Core/Src/main.c:211:6:guardar_highscore	8344	static
../Core/Src/main.c:271:6:cargar_highscore	8408	static
../Core/Src/main.c:326:9:load_and_draw_image_from_sd	8560	static
../Core/Src/main.c:408:6:restartRace	8	static
../Core/Src/main.c:440:5:check_collision	16	static
../Core/Src/main.c:457:5:main	4776	static
../Core/Src/main.c:1085:6:SystemClock_Config	88	static
../Core/Src/main.c:1133:13:MX_SPI1_Init	8	static
../Core/Src/main.c:1171:13:MX_SPI2_Init	8	static
../Core/Src/main.c:1209:13:MX_TIM1_Init	96	static
../Core/Src/main.c:1284:13:MX_TIM2_Init	32	static
../Core/Src/main.c:1329:13:MX_TIM6_Init	16	static
../Core/Src/main.c:1367:13:MX_UART5_Init	8	static
../Core/Src/main.c:1400:13:MX_USART2_UART_Init	8	static
../Core/Src/main.c:1433:13:MX_USART3_UART_Init	8	static
../Core/Src/main.c:1466:13:MX_USART6_UART_Init	8	static
../Core/Src/main.c:1497:13:MX_DMA_Init	16	static
../Core/Src/main.c:1519:13:MX_GPIO_Init	48	static
../Core/Src/main.c:1577:6:HAL_TIM_PeriodElapsedCallback	16	static
../Core/Src/main.c:1624:6:HAL_UART_RxCpltCallback	16	static
../Core/Src/main.c:1677:6:Error_Handler	4	static,ignoring_inline_asm
