../Core/Src/main.c:207:6:transmit_uart	1
../Core/Src/main.c:211:6:guardar_highscore	8
../Core/Src/main.c:271:6:cargar_highscore	6
../Core/Src/main.c:326:9:load_and_draw_image_from_sd	17
../Core/Src/main.c:408:6:restartRace	1
../Core/Src/main.c:440:5:check_collision	5
../Core/Src/main.c:457:5:main	149
../Core/Src/main.c:1085:6:SystemClock_Config	3
../Core/Src/main.c:1133:13:MX_SPI1_Init	2
../Core/Src/main.c:1171:13:MX_SPI2_Init	2
../Core/Src/main.c:1209:13:MX_TIM1_Init	7
../Core/Src/main.c:1284:13:MX_TIM2_Init	4
../Core/Src/main.c:1329:13:MX_TIM6_Init	3
../Core/Src/main.c:1367:13:MX_UART5_Init	2
../Core/Src/main.c:1400:13:MX_USART2_UART_Init	2
../Core/Src/main.c:1433:13:MX_USART3_UART_Init	2
../Core/Src/main.c:1466:13:MX_USART6_UART_Init	2
../Core/Src/main.c:1497:13:MX_DMA_Init	1
../Core/Src/main.c:1519:13:MX_GPIO_Init	1
../Core/Src/main.c:1577:6:HAL_TIM_PeriodElapsedCallback	14
../Core/Src/main.c:1624:6:HAL_UART_RxCpltCallback	12
../Core/Src/main.c:1677:6:Error_Handler	1
