../Core/Src/stm32f4xx_it.c:78:6:NMI_Handler	4	static
../Core/Src/stm32f4xx_it.c:93:6:HardFault_Handler	4	static
../Core/Src/stm32f4xx_it.c:108:6:MemManage_Handler	4	static
../Core/Src/stm32f4xx_it.c:123:6:BusFault_Handler	4	static
../Core/Src/stm32f4xx_it.c:138:6:UsageFault_Handler	4	static
../Core/Src/stm32f4xx_it.c:153:6:SVC_Handler	4	static
../Core/Src/stm32f4xx_it.c:166:6:DebugMon_Handler	4	static
../Core/Src/stm32f4xx_it.c:179:6:PendSV_Handler	4	static
../Core/Src/stm32f4xx_it.c:192:6:SysTick_Handler	8	static
../Core/Src/stm32f4xx_it.c:218:6:DMA1_Stream1_IRQHandler	8	static
../Core/Src/stm32f4xx_it.c:232:6:TIM2_IRQHandler	8	static
../Core/Src/stm32f4xx_it.c:246:6:SPI2_IRQHandler	8	static
../Core/Src/stm32f4xx_it.c:260:6:USART3_IRQHandler	8	static
../Core/Src/stm32f4xx_it.c:274:6:TIM6_DAC_IRQHandler	8	static
../Core/Src/stm32f4xx_it.c:288:6:DMA2_Stream1_IRQHandler	8	static
../Core/Src/stm32f4xx_it.c:302:6:USART6_IRQHandler	8	static
