Archive member included to satisfy reference by file (symbol)

C:/ST/STM32CubeIDE_2.1.0/STM32CubeIDE/plugins/com.st.stm32cube.ide.mcu.externaltools.gnu-tools-for-stm32.14.3.rel1.win32_1.0.100.202602081740/tools/bin/../lib/gcc/arm-none-eabi/14.3.1/../../../../arm-none-eabi/lib/thumb/v7e-m+fp/hard\libc_nano.a(libc_a-exit.o)
                              C:/ST/STM32CubeIDE_2.1.0/STM32CubeIDE/plugins/com.st.stm32cube.ide.mcu.externaltools.gnu-tools-for-stm32.14.3.rel1.win32_1.0.100.202602081740/tools/bin/../lib/gcc/arm-none-eabi/14.3.1/../../../../arm-none-eabi/lib/thumb/v7e-m+fp/hard/crt0.o (exit)
C:/ST/STM32CubeIDE_2.1.0/STM32CubeIDE/plugins/com.st.stm32cube.ide.mcu.externaltools.gnu-tools-for-stm32.14.3.rel1.win32_1.0.100.202602081740/tools/bin/../lib/gcc/arm-none-eabi/14.3.1/../../../../arm-none-eabi/lib/thumb/v7e-m+fp/hard\libc_nano.a(libc_a-findfp.o)
                              C:/ST/STM32CubeIDE_2.1.0/STM32CubeIDE/plugins/com.st.stm32cube.ide.mcu.externaltools.gnu-tools-for-stm32.14.3.rel1.win32_1.0.100.202602081740/tools/bin/../lib/gcc/arm-none-eabi/14.3.1/../../../../arm-none-eabi/lib/thumb/v7e-m+fp/hard\libc_nano.a(libc_a-exit.o) (__stdio_exit_handler)
C:/ST/STM32CubeIDE_2.1.0/STM32CubeIDE/plugins/com.st.stm32cube.ide.mcu.externaltools.gnu-tools-for-stm32.14.3.rel1.win32_1.0.100.202602081740/tools/bin/../lib/gcc/arm-none-eabi/14.3.1/../../../../arm-none-eabi/lib/thumb/v7e-m+fp/hard\libc_nano.a(libc_a-fwalk.o)
                              C:/ST/STM32CubeIDE_2.1.0/STM32CubeIDE/plugins/com.st.stm32cube.ide.mcu.externaltools.gnu-tools-for-stm32.14.3.rel1.win32_1.0.100.202602081740/tools/bin/../lib/gcc/arm-none-eabi/14.3.1/../../../../arm-none-eabi/lib/thumb/v7e-m+fp/hard\libc_nano.a(libc_a-findfp.o) (_fwalk_sglue)
C:/ST/STM32CubeIDE_2.1.0/STM32CubeIDE/plugins/com.st.stm32cube.ide.mcu.externaltools.gnu-tools-for-stm32.14.3.rel1.win32_1.0.100.202602081740/tools/bin/../lib/gcc/arm-none-eabi/14.3.1/../../../../arm-none-eabi/lib/thumb/v7e-m+fp/hard\libc_nano.a(libc_a-stdio.o)
                              C:/ST/STM32CubeIDE_2.1.0/STM32CubeIDE/plugins/com.st.stm32cube.ide.mcu.externaltools.gnu-tools-for-stm32.14.3.rel1.win32_1.0.100.202602081740/tools/bin/../lib/gcc/arm-none-eabi/14.3.1/../../../../arm-none-eabi/lib/thumb/v7e-m+fp/hard\libc_nano.a(libc_a-findfp.o) (__sread)
C:/ST/STM32CubeIDE_2.1.0/STM32CubeIDE/plugins/com.st.stm32cube.ide.mcu.externaltools.gnu-tools-for-stm32.14.3.rel1.win32_1.0.100.202602081740/tools/bin/../lib/gcc/arm-none-eabi/14.3.1/../../../../arm-none-eabi/lib/thumb/v7e-m+fp/hard\libc_nano.a(libc_a-memset.o)
                              C:/ST/STM32CubeIDE_2.1.0/STM32CubeIDE/plugins/com.st.stm32cube.ide.mcu.externaltools.gnu-tools-for-stm32.14.3.rel1.win32_1.0.100.202602081740/tools/bin/../lib/gcc/arm-none-eabi/14.3.1/../../../../arm-none-eabi/lib/thumb/v7e-m+fp/hard/crt0.o (memset)
C:/ST/STM32CubeIDE_2.1.0/STM32CubeIDE/plugins/com.st.stm32cube.ide.mcu.externaltools.gnu-tools-for-stm32.14.3.rel1.win32_1.0.100.202602081740/tools/bin/../lib/gcc/arm-none-eabi/14.3.1/../../../../arm-none-eabi/lib/thumb/v7e-m+fp/hard\libc_nano.a(libc_a-closer.o)
                              C:/ST/STM32CubeIDE_2.1.0/STM32CubeIDE/plugins/com.st.stm32cube.ide.mcu.externaltools.gnu-tools-for-stm32.14.3.rel1.win32_1.0.100.202602081740/tools/bin/../lib/gcc/arm-none-eabi/14.3.1/../../../../arm-none-eabi/lib/thumb/v7e-m+fp/hard\libc_nano.a(libc_a-stdio.o) (_close_r)
C:/ST/STM32CubeIDE_2.1.0/STM32CubeIDE/plugins/com.st.stm32cube.ide.mcu.externaltools.gnu-tools-for-stm32.14.3.rel1.win32_1.0.100.202602081740/tools/bin/../lib/gcc/arm-none-eabi/14.3.1/../../../../arm-none-eabi/lib/thumb/v7e-m+fp/hard\libc_nano.a(libc_a-reent.o)
                              C:/ST/STM32CubeIDE_2.1.0/STM32CubeIDE/plugins/com.st.stm32cube.ide.mcu.externaltools.gnu-tools-for-stm32.14.3.rel1.win32_1.0.100.202602081740/tools/bin/../lib/gcc/arm-none-eabi/14.3.1/../../../../arm-none-eabi/lib/thumb/v7e-m+fp/hard\libc_nano.a(libc_a-closer.o) (errno)
C:/ST/STM32CubeIDE_2.1.0/STM32CubeIDE/plugins/com.st.stm32cube.ide.mcu.externaltools.gnu-tools-for-stm32.14.3.rel1.win32_1.0.100.202602081740/tools/bin/../lib/gcc/arm-none-eabi/14.3.1/../../../../arm-none-eabi/lib/thumb/v7e-m+fp/hard\libc_nano.a(libc_a-impure.o)
                              C:/ST/STM32CubeIDE_2.1.0/STM32CubeIDE/plugins/com.st.stm32cube.ide.mcu.externaltools.gnu-tools-for-stm32.14.3.rel1.win32_1.0.100.202602081740/tools/bin/../lib/gcc/arm-none-eabi/14.3.1/../../../../arm-none-eabi/lib/thumb/v7e-m+fp/hard\libc_nano.a(libc_a-reent.o) (_impure_ptr)
C:/ST/STM32CubeIDE_2.1.0/STM32CubeIDE/plugins/com.st.stm32cube.ide.mcu.externaltools.gnu-tools-for-stm32.14.3.rel1.win32_1.0.100.202602081740/tools/bin/../lib/gcc/arm-none-eabi/14.3.1/../../../../arm-none-eabi/lib/thumb/v7e-m+fp/hard\libc_nano.a(libc_a-lseekr.o)
[...]
Memory Configuration

Name             Origin             Length             Attributes
RAM              0x20000000         0x00020000         xrw
FLASH            0x08000000         0x00080000         xr
*default*        0x00000000         0xffffffff

Linker script and memory map

LOAD C:/ST/STM32CubeIDE_2.1.0/STM32CubeIDE/plugins/com.st.stm32cube.ide.mcu.externaltools.gnu-tools-for-stm32.14.3.rel1.win32_1.0.100.202602081740/tools/bin/../lib/gcc/arm-none-eabi/14.3.1/thumb/v7e-m+fp/hard/crti.o
LOAD C:/ST/STM32CubeIDE_2.1.0/STM32CubeIDE/plugins/com.st.stm32cube.ide.mcu.externaltools.gnu-tools-for-stm32.14.3.rel1.win32_1.0.100.202602081740/tools/bin/../lib/gcc/arm-none-eabi/14.3.1/thumb/v7e-m+fp/hard/crtbegin.o
LOAD C:/ST/STM32CubeIDE_2.1.0/STM32CubeIDE/plugins/com.st.stm32cube.ide.mcu.externaltools.gnu-tools-for-stm32.14.3.rel1.win32_1.0.100.202602081740/tools/bin/../lib/gcc/arm-none-eabi/14.3.1/../../../../arm-none-eabi/lib/thumb/v7e-m+fp/hard/crt0.o
LOAD ./Core/Src/font.o
LOAD ./Core/Src/graficos.o
LOAD ./Core/Src/ili9341.o
LOAD ./Core/Src/main.o
LOAD ./Core/Src/stm32f4xx_hal_msp.o
LOAD ./Core/Src/stm32f4xx_it.o
LOAD ./Core/Src/syscalls.o
LOAD ./Core/Src/sysmem.o
LOAD ./Core/Src/system_stm32f4xx.o
LOAD ./Core/Startup/startup_stm32f446retx.o
LOAD ./Drivers/STM32F4xx_HAL_Driver/Src/stm32f4xx_hal.o
LOAD ./Drivers/STM32F4xx_HAL_Driver/Src/stm32f4xx_hal_cortex.o
LOAD ./Drivers/STM32F4xx_HAL_Driver/Src/stm32f4xx_hal_dma.o
LOAD ./Drivers/STM32F4xx_HAL_Driver/Src/stm32f4xx_hal_dma_ex.o
LOAD ./Drivers/STM32F4xx_HAL_Driver/Src/stm32f4xx_hal_exti.o
LOAD ./Drivers/STM32F4xx_HAL_Driver/Src/stm32f4xx_hal_flash.o
LOAD ./Drivers/STM32F4xx_HAL_Driver/Src/stm32f4xx_hal_flash_ex.o
LOAD ./Drivers/STM32F4xx_HAL_Driver/Src/stm32f4xx_hal_flash_ramfunc.o
LOAD ./Drivers/STM32F4xx_HAL_Driver/Src/stm32f4xx_hal_gpio.o
LOAD ./Drivers/STM32F4xx_HAL_Driver/Src/stm32f4xx_hal_pwr.o
LOAD ./Drivers/STM32F4xx_HAL_Driver/Src/stm32f4xx_hal_pwr_ex.o
LOAD ./Drivers/STM32F4xx_HAL_Driver/Src/stm32f4xx_hal_rcc.o
LOAD ./Drivers/STM32F4xx_HAL_Driver/Src/stm32f4xx_hal_rcc_ex.o
LOAD ./Drivers/STM32F4xx_HAL_Driver/Src/stm32f4xx_hal_spi.o
LOAD ./Drivers/STM32F4xx_HAL_Driver/Src/stm32f4xx_hal_tim.o
LOAD ./Drivers/STM32F4xx_HAL_Driver/Src/stm32f4xx_hal_tim_ex.o
LOAD ./Drivers/STM32F4xx_HAL_Driver/Src/stm32f4xx_hal_uart.o
START GROUP
LOAD C:/ST/STM32CubeIDE_2.1.0/STM32CubeIDE/plugins/com.st.stm32cube.ide.mcu.externaltools.gnu-tools-for-stm32.14.3.rel1.win32_1.0.100.202602081740/tools/bin/../lib/gcc/arm-none-eabi/14.3.1/../../../../arm-none-eabi/lib/thumb/v7e-m+fp/hard\libc_nano.a
LOAD C:/ST/STM32CubeIDE_2.1.0/STM32CubeIDE/plugins/com.st.stm32cube.ide.mcu.externaltools.gnu-tools-for-stm32.14.3.rel1.win32_1.0.100.202602081740/tools/bin/../lib/gcc/arm-none-eabi/14.3.1/../../../../arm-none-eabi/lib/thumb/v7e-m+fp/hard\libm.a
END GROUP
START GROUP
LOAD C:/ST/STM32CubeIDE_2.1.0/STM32CubeIDE/plugins/com.st.stm32cube.ide.mcu.externaltools.gnu-tools-for-stm32.14.3.rel1.win32_1.0.100.202602081740/tools/bin/../lib/gcc/arm-none-eabi/14.3.1/thumb/v7e-m+fp/hard\libgcc.a
LOAD C:/ST/STM32CubeIDE_2.1.0/STM32CubeIDE/plugins/com.st.stm32cube.ide.mcu.externaltools.gnu-tools-for-stm32.14.3.rel1.win32_1.0.100.202602081740/tools/bin/../lib/gcc/arm-none-eabi/14.3.1/../../../../arm-none-eabi/lib/thumb/v7e-m+fp/hard\libc_nano.a
END GROUP
START GROUP
LOAD C:/ST/STM32CubeIDE_2.1.0/STM32CubeIDE/plugins/com.st.stm32cube.ide.mcu.externaltools.gnu-tools-for-stm32.14.3.rel1.win32_1.0.100.202602081740/tools/bin/../lib/gcc/arm-none-eabi/14.3.1/thumb/v7e-m+fp/hard\libgcc.a
LOAD C:/ST/STM32CubeIDE_2.1.0/STM32CubeIDE/plugins/com.st.stm32cube.ide.mcu.externaltools.gnu-tools-for-stm32.14.3.rel1.win32_1.0.100.202602081740/tools/bin/../lib/gcc/arm-none-eabi/14.3.1/../../../../arm-none-eabi/lib/thumb/v7e-m+fp/hard\libc_nano.a
LOAD C:/ST/STM32CubeIDE_2.1.0/STM32CubeIDE/plugins/com.st.stm32cube.ide.mcu.externaltools.gnu-tools-for-stm32.14.3.rel1.win32_1.0.100.202602081740/tools/bin/../lib/gcc/arm-none-eabi/14.3.1/../../../../arm-none-eabi/lib/thumb/v7e-m+fp/hard\libnosys.a
END GROUP
START GROUP
LOAD C:/ST/STM32CubeIDE_2.1.0/STM32CubeIDE/plugins/com.st.stm32cube.ide.mcu.externaltools.gnu-tools-for-stm32.14.3.rel1.win32_1.0.100.202602081740/tools/bin/../lib/gcc/arm-none-eabi/14.3.1/thumb/v7e-m+fp/hard\libgcc.a
LOAD C:/ST/STM32CubeIDE_2.1.0/STM32CubeIDE/plugins/com.st.stm32cube.ide.mcu.externaltools.gnu-tools-for-stm32.14.3.rel1.win32_1.0.100.202602081740/tools/bin/../lib/gcc/arm-none-eabi/14.3.1/../../../../arm-none-eabi/lib/thumb/v7e-m+fp/hard\libc_nano.a
LOAD C:/ST/STM32CubeIDE_2.1.0/STM32CubeIDE/plugins/com.st.stm32cube.ide.mcu.externaltools.gnu-tools-for-stm32.14.3.rel1.win32_1.0.100.202602081740/tools/bin/../lib/gcc/arm-none-eabi/14.3.1/../../../../arm-none-eabi/lib/thumb/v7e-m+fp/hard\libnosys.a
END GROUP
LOAD C:/ST/STM32CubeIDE_2.1.0/STM32CubeIDE/plugins/com.st.stm32cube.ide.mcu.externaltools.gnu-tools-for-stm32.14.3.rel1.win32_1.0.100.202602081740/tools/bin/../lib/gcc/arm-none-eabi/14.3.1/thumb/v7e-m+fp/hard/crtend.o
LOAD C:/ST/STM32CubeIDE_2.1.0/STM32CubeIDE/plugins/com.st.stm32cube.ide.mcu.externaltools.gnu-tools-for-stm32.14.3.rel1.win32_1.0.100.202602081740/tools/bin/../lib/gcc/arm-none-eabi/14.3.1/thumb/v7e-m+fp/hard/crtn.o
                0x20020000                        _estack = (ORIGIN (RAM) + LENGTH (RAM))
                0x00000200                        _Min_Heap_Size = 0x200
                0x00000400                        _Min_Stack_Size = 0x400

.isr_vector     0x08000000      0x1c4
                0x08000000                        . = ALIGN (0x4)
 *(.isr_vector)
 .isr_vector    0x08000000      0x1c4 ./Core/Startup/startup_stm32f446retx.o
                0x08000000                g_pfnVectors
                0x080001c4                        . = ALIGN (0x4)

.text           0x080001c4     0x6758
                0x080001c4                        . = ALIGN (0x4)
 *(.text)
 .text          0x080001c4       0x40 C:/ST/STM32CubeIDE_2.1.0/STM32CubeIDE/plugins/com.st.stm32cube.ide.mcu.externaltools.gnu-tools-for-stm32.14.3.rel1.win32_1.0.100.202602081740/tools/bin/../lib/gcc/arm-none-eabi/14.3.1/thumb/v7e-m+fp/hard/crtbegin.o
 .text          0x08000204       0x30 C:/ST/STM32CubeIDE_2.1.0/STM32CubeIDE/plugins/com.st.stm32cube.ide.mcu.externaltools.gnu-tools-for-stm32.14.3.rel1.win32_1.0.100.202602081740/tools/bin/../lib/gcc/arm-none-eabi/14.3.1/thumb/v7e-m+fp/hard\libgcc.a(_aeabi_uldivmod.o)
                0x08000204                __aeabi_uldivmod
 .text          0x08000234      0x2f8 C:/ST/STM32CubeIDE_2.1.0/STM32CubeIDE/plugins/com.st.stm32cube.ide.mcu.externaltools.gnu-tools-for-stm32.14.3.rel1.win32_1.0.100.202602081740/tools/bin/../lib/gcc/arm-none-eabi/14.3.1/thumb/v7e-m+fp/hard\libgcc.a(_udivmoddi4.o)
                0x08000234                __udivmoddi4
 .text          0x0800052c        0x4 C:/ST/STM32CubeIDE_2.1.0/STM32CubeIDE/plugins/com.st.stm32cube.ide.mcu.externaltools.gnu-tools-for-stm32.14.3.rel1.win32_1.0.100.202602081740/tools/bin/../lib/gcc/arm-none-eabi/14.3.1/thumb/v7e-m+fp/hard\libgcc.a(_dvmd_tls.o)
                0x0800052c                __aeabi_idiv0
                0x0800052c                __aeabi_ldiv0
 *(.text*)
 .text.LCD_Init
                0x08000530      0x1f8 ./Core/Src/ili9341.o
                0x08000530                LCD_Init
 .text.LCD_CMD  0x08000728       0x68 ./Core/Src/ili9341.o
                0x08000728                LCD_CMD
 .text.LCD_DATA
                0x08000790       0x40 ./Core/Src/ili9341.o
                0x08000790                LCD_DATA
 .text.SetWindows
                0x080007d0       0x80 ./Core/Src/ili9341.o
                0x080007d0                SetWindows
 .text.LCD_Clear
                0x08000850       0x78 ./Core/Src/ili9341.o
                0x08000850                LCD_Clear
 .text.H_line   0x080008c8       0x74 ./Core/Src/ili9341.o
                0x080008c8                H_line
 .text.V_line   0x0800093c       0x74 ./Core/Src/ili9341.o
                0x0800093c                V_line
 .text.LCD_Bitmap
                0x080009b0       0x90 ./Core/Src/ili9341.o
                0x080009b0                LCD_Bitmap
 .text.LCD_Sprite
                0x08000a40      0x14c ./Core/Src/ili9341.o
                0x08000a40                LCD_Sprite
 .text.check_collision
                0x08000b8c       0x5e ./Core/Src/main.o
                0x08000b8c                check_collision
 *fill*         0x08000bea        0x2 
 .text.main     0x08000bec      0x92c ./Core/Src/main.o
                0x08000bec                main
 .text.SystemClock_Config
                0x08001518       0xdc ./Core/Src/main.o
                0x08001518                SystemClock_Config
 .text.MX_SPI1_Init
                0x080015f4       0x6c ./Core/Src/main.o
 .text.MX_TIM1_Init
                0x08001660      0x140 ./Core/Src/main.o
 .text.MX_TIM2_Init
                0x080017a0       0x98 ./Core/Src/main.o
 .text.MX_UART5_Init
                0x08001838       0x54 ./Core/Src/main.o
 .text.MX_USART2_UART_Init
                0x0800188c       0x54 ./Core/Src/main.o
 .text.MX_USART3_UART_Init
                0x080018e0       0x54 ./Core/Src/main.o
 .text.MX_USART6_UART_Init
                0x08001934       0x54 ./Core/Src/main.o
 .text.MX_DMA_Init
                0x08001988       0x6c ./Core/Src/main.o
 .text.MX_GPIO_Init
                0x080019f4      0x148 ./Core/Src/main.o
 .text.HAL_UART_RxCpltCallback
                0x08001b3c      0x228 ./Core/Src/main.o
                0x08001b3c                HAL_UART_RxCpltCallback
 .text.Error_Handler
                0x08001d64        0xc ./Core/Src/main.o
                0x08001d64                Error_Handler
 .text.HAL_MspInit
                0x08001d70       0x50 ./Core/Src/stm32f4xx_hal_msp.o
                0x08001d70                HAL_MspInit
 .text.HAL_SPI_MspInit
                0x08001dc0       0x90 ./Core/Src/stm32f4xx_hal_msp.o
                0x08001dc0                HAL_SPI_MspInit
 .text.HAL_TIM_Base_MspInit
                0x08001e50       0x78 ./Core/Src/stm32f4xx_hal_msp.o
                0x08001e50                HAL_TIM_Base_MspInit
 .text.HAL_TIM_MspPostInit
                0x08001ec8       0x74 ./Core/Src/stm32f4xx_hal_msp.o
                0x08001ec8                HAL_TIM_MspPostInit
 .text.HAL_UART_MspInit
                0x08001f3c      0x344 ./Core/Src/stm32f4xx_hal_msp.o
                0x08001f3c                HAL_UART_MspInit
 .text.NMI_Handler
                0x08002280        0x8 ./Core/Src/stm32f4xx_it.o
                0x08002280                NMI_Handler
 .text.HardFault_Handler
                0x08002288        0x8 ./Core/Src/stm32f4xx_it.o
                0x08002288                HardFault_Handler
 .text.MemManage_Handler
                0x08002290        0x8 ./Core/Src/stm32f4xx_it.o
                0x08002290                MemManage_Handler
 .text.BusFault_Handler
                0x08002298        0x8 ./Core/Src/stm32f4xx_it.o
                0x08002298                BusFault_Handler
 .text.UsageFault_Handler
                0x080022a0        0x8 ./Core/Src/stm32f4xx_it.o
                0x080022a0                UsageFault_Handler
 .text.SVC_Handler
                0x080022a8        0xe ./Core/Src/stm32f4xx_it.o
                0x080022a8                SVC_Handler
 .text.DebugMon_Handler
                0x080022b6        0xe ./Core/Src/stm32f4xx_it.o
                0x080022b6                DebugMon_Handler
 .text.PendSV_Handler
                0x080022c4        0xe ./Core/Src/stm32f4xx_it.o
                0x080022c4                PendSV_Handler
 .text.SysTick_Handler
                0x080022d2        0xc ./Core/Src/stm32f4xx_it.o
                0x080022d2                SysTick_Handler
 *fill*         0x080022de        0x2 
 .text.DMA1_Stream1_IRQHandler
                0x080022e0       0x14 ./Core/Src/stm32f4xx_it.o
                0x080022e0                DMA1_Stream1_IRQHandler
 .text.TIM2_IRQHandler
                0x080022f4       0x14 ./Core/Src/stm32f4xx_it.o
                0x080022f4                TIM2_IRQHandler
 .text.USART3_IRQHandler
                0x08002308       0x14 ./Core/Src/stm32f4xx_it.o
                0x08002308                USART3_IRQHandler
 .text.DMA2_Stream1_IRQHandler
                0x0800231c       0x14 ./Core/Src/stm32f4xx_it.o
                0x0800231c                DMA2_Stream1_IRQHandler
 .text.USART6_IRQHandler
                0x08002330       0x14 ./Core/Src/stm32f4xx_it.o
                0x08002330                USART6_IRQHandler
 .text.SystemInit
                0x08002344       0x24 ./Core/Src/system_stm32f4xx.o
                0x08002344                SystemInit
 .text.Reset_Handler
                0x08002368       0x50 ./Core/Startup/startup_stm32f446retx.o
                0x08002368                Reset_Handler
 .text.Default_Handler
                0x080023b8        0x2 ./Core/Startup/startup_stm32f446retx.o
                0x080023b8                RTC_Alarm_IRQHandler
                0x080023b8                EXTI2_IRQHandler
                0x080023b8                TIM8_CC_IRQHandler
                0x080023b8                FMPI2C1_EV_IRQHandler
                0x080023b8                SPI4_IRQHandler
                0x080023b8                TIM1_CC_IRQHandler
                0x080023b8                DMA2_Stream5_IRQHandler
                0x080023b8                DMA1_Stream5_IRQHandler
                0x080023b8                PVD_IRQHandler
                0x080023b8                SDIO_IRQHandler
                0x080023b8                TAMP_STAMP_IRQHandler
                0x080023b8                CAN2_RX1_IRQHandler
                0x080023b8                EXTI3_IRQHandler
                0x080023b8                TIM8_TRG_COM_TIM14_IRQHandler
                0x080023b8                TIM1_UP_TIM10_IRQHandler
                0x080023b8                TIM8_UP_TIM13_IRQHandler
                0x080023b8                I2C3_ER_IRQHandler
                0x080023b8                EXTI0_IRQHandler
                0x080023b8                I2C2_EV_IRQHandler
                0x080023b8                DMA1_Stream2_IRQHandler
                0x080023b8                CAN1_RX0_IRQHandler
                0x080023b8                FPU_IRQHandler
                0x080023b8                OTG_HS_WKUP_IRQHandler
                0x080023b8                CAN2_SCE_IRQHandler
                0x080023b8                DMA2_Stream2_IRQHandler
                0x080023b8                SPI1_IRQHandler
                0x080023b8                TIM6_DAC_IRQHandler
                0x080023b8                TIM1_BRK_TIM9_IRQHandler
                0x080023b8                DCMI_IRQHandler
                0x080023b8                CAN2_RX0_IRQHandler
                0x080023b8                DMA2_Stream3_IRQHandler
                0x080023b8                SAI2_IRQHandler
                0x080023b8                CAN1_RX1_IRQHandler
                0x080023b8                UART5_IRQHandler
                0x080023b8                DMA2_Stream0_IRQHandler
                0x080023b8                TIM4_IRQHandler
                0x080023b8                QUADSPI_IRQHandler
                0x080023b8                I2C1_EV_IRQHandler
                0x080023b8                DMA1_Stream6_IRQHandler
                0x080023b8                UART4_IRQHandler
                0x080023b8                TIM3_IRQHandler
                0x080023b8                RCC_IRQHandler
                0x080023b8                TIM8_BRK_TIM12_IRQHandler
                0x080023b8                Default_Handler
                0x080023b8                CEC_IRQHandler
                0x080023b8                EXTI15_10_IRQHandler
                0x080023b8                ADC_IRQHandler
                0x080023b8                DMA1_Stream7_IRQHandler
                0x080023b8                TIM7_IRQHandler
                0x080023b8                CAN2_TX_IRQHandler
                0x080023b8                TIM5_IRQHandler
                0x080023b8                DMA2_Stream7_IRQHandler
                0x080023b8                I2C3_EV_IRQHandler
                0x080023b8                EXTI9_5_IRQHandler
                0x080023b8                RTC_WKUP_IRQHandler
                0x080023b8                SPDIF_RX_IRQHandler
                0x080023b8                SPI2_IRQHandler
                0x080023b8                OTG_HS_EP1_IN_IRQHandler
                0x080023b8                DMA1_Stream0_IRQHandler
                0x080023b8                CAN1_TX_IRQHandler
                0x080023b8                FMPI2C1_ER_IRQHandler
                0x080023b8                EXTI4_IRQHandler
                0x080023b8                OTG_HS_EP1_OUT_IRQHandler
                0x080023b8                WWDG_IRQHandler
                0x080023b8                OTG_FS_WKUP_IRQHandler
                0x080023b8                TIM1_TRG_COM_TIM11_IRQHandler
                0x080023b8                OTG_HS_IRQHandler
                0x080023b8                EXTI1_IRQHandler
                0x080023b8                USART2_IRQHandler
                0x080023b8                I2C2_ER_IRQHandler
                0x080023b8                CAN1_SCE_IRQHandler
                0x080023b8                FLASH_IRQHandler
                0x080023b8                DMA2_Stream4_IRQHandler
                0x080023b8                USART1_IRQHandler
                0x080023b8                OTG_FS_IRQHandler
                0x080023b8                SPI3_IRQHandler
                0x080023b8                DMA1_Stream4_IRQHandler
                0x080023b8                I2C1_ER_IRQHandler
                0x080023b8                FMC_IRQHandler
                0x080023b8                DMA2_Stream6_IRQHandler
                0x080023b8                SAI1_IRQHandler
                0x080023b8                DMA1_Stream3_IRQHandler
 *fill*         0x080023ba        0x2 
 .text.HAL_Init
                0x080023bc       0x44 ./Drivers/STM32F4xx_HAL_Driver/Src/stm32f4xx_hal.o
                0x080023bc                HAL_Init
 .text.HAL_InitTick
                0x08002400       0x60 ./Drivers/STM32F4xx_HAL_Driver/Src/stm32f4xx_hal.o
                0x08002400                HAL_InitTick
 .text.HAL_IncTick
                0x08002460       0x28 ./Drivers/STM32F4xx_HAL_Driver/Src/stm32f4xx_hal.o
                0x08002460                HAL_IncTick
 .text.HAL_GetTick
                0x08002488       0x18 ./Drivers/STM32F4xx_HAL_Driver/Src/stm32f4xx_hal.o
                0x08002488                HAL_GetTick
 .text.HAL_Delay
                0x080024a0       0x48 ./Drivers/STM32F4xx_HAL_Driver/Src/stm32f4xx_hal.o
                0x080024a0                HAL_Delay
 .text.__NVIC_SetPriorityGrouping
                0x080024e8       0x48 ./Drivers/STM32F4xx_HAL_Driver/Src/stm32f4xx_hal_cortex.o
 .text.__NVIC_GetPriorityGrouping
                0x08002530       0x1c ./Drivers/STM32F4xx_HAL_Driver/Src/stm32f4xx_hal_cortex.o
 .text.__NVIC_EnableIRQ
                0x0800254c       0x3c ./Drivers/STM32F4xx_HAL_Driver/Src/stm32f4xx_hal_cortex.o
 .text.__NVIC_SetPriority
                0x08002588       0x54 ./Drivers/STM32F4xx_HAL_Driver/Src/stm32f4xx_hal_cortex.o
 .text.NVIC_EncodePriority
                0x080025dc       0x66 ./Drivers/STM32F4xx_HAL_Driver/Src/stm32f4xx_hal_cortex.o
 *fill*         0x08002642        0x2 
 .text.SysTick_Config
                0x08002644       0x44 ./Drivers/STM32F4xx_HAL_Driver/Src/stm32f4xx_hal_cortex.o
 .text.HAL_NVIC_SetPriorityGrouping
                0x08002688       0x16 ./Drivers/STM32F4xx_HAL_Driver/Src/stm32f4xx_hal_cortex.o
                0x08002688                HAL_NVIC_SetPriorityGrouping
 .text.HAL_NVIC_SetPriority
                0x0800269e       0x38 ./Drivers/STM32F4xx_HAL_Driver/Src/stm32f4xx_hal_cortex.o
                0x0800269e                HAL_NVIC_SetPriority
 .text.HAL_NVIC_EnableIRQ
                0x080026d6       0x1c ./Drivers/STM32F4xx_HAL_Driver/Src/stm32f4xx_hal_cortex.o
                0x080026d6                HAL_NVIC_EnableIRQ
 .text.HAL_SYSTICK_Config
                0x080026f2       0x18 ./Drivers/STM32F4xx_HAL_Driver/Src/stm32f4xx_hal_cortex.o
                0x080026f2                HAL_SYSTICK_Config
 *fill*         0x0800270a        0x2 
 .text.HAL_DMA_Init
                0x0800270c      0x15c ./Drivers/STM32F4xx_HAL_Driver/Src/stm32f4xx_hal_dma.o
                0x0800270c                HAL_DMA_Init
 .text.HAL_DMA_Start_IT
                0x08002868       0xb0 ./Drivers/STM32F4xx_HAL_Driver/Src/stm32f4xx_hal_dma.o
                0x08002868                HAL_DMA_Start_IT
 .text.HAL_DMA_Abort
                0x08002918       0xe0 ./Drivers/STM32F4xx_HAL_Driver/Src/stm32f4xx_hal_dma.o
                0x08002918                HAL_DMA_Abort
 .text.HAL_DMA_Abort_IT
                0x080029f8       0x44 ./Drivers/STM32F4xx_HAL_Driver/Src/stm32f4xx_hal_dma.o
                0x080029f8                HAL_DMA_Abort_IT
 .text.HAL_DMA_IRQHandler
                0x08002a3c      0x314 ./Drivers/STM32F4xx_HAL_Driver/Src/stm32f4xx_hal_dma.o
                0x08002a3c                HAL_DMA_IRQHandler
 .text.DMA_SetConfig
                0x08002d50       0x5c ./Drivers/STM32F4xx_HAL_Driver/Src/stm32f4xx_hal_dma.o
 .text.DMA_CalcBaseAndBitshift
                0x08002dac       0x6c ./Drivers/STM32F4xx_HAL_Driver/Src/stm32f4xx_hal_dma.o
 .text.DMA_CheckFifoParam
                0x08002e18       0xf8 ./Drivers/STM32F4xx_HAL_Driver/Src/stm32f4xx_hal_dma.o
 .text.HAL_GPIO_Init
                0x08002f10      0x328 ./Drivers/STM32F4xx_HAL_Driver/Src/stm32f4xx_hal_gpio.o
                0x08002f10                HAL_GPIO_Init
 .text.HAL_GPIO_WritePin
                0x08003238       0x32 ./Drivers/STM32F4xx_HAL_Driver/Src/stm32f4xx_hal_gpio.o
                0x08003238                HAL_GPIO_WritePin
 *fill*         0x0800326a        0x2 
 .text.HAL_RCC_ClockConfig
                0x0800326c      0x1cc ./Drivers/STM32F4xx_HAL_Driver/Src/stm32f4xx_hal_rcc.o
                0x0800326c                HAL_RCC_ClockConfig
 .text.HAL_RCC_GetHCLKFreq
                0x08003438       0x18 ./Drivers/STM32F4xx_HAL_Driver/Src/stm32f4xx_hal_rcc.o
                0x08003438                HAL_RCC_GetHCLKFreq
 .text.HAL_RCC_GetPCLK1Freq
                0x08003450       0x28 ./Drivers/STM32F4xx_HAL_Driver/Src/stm32f4xx_hal_rcc.o
                0x08003450                HAL_RCC_GetPCLK1Freq
 .text.HAL_RCC_GetPCLK2Freq
                0x08003478       0x28 ./Drivers/STM32F4xx_HAL_Driver/Src/stm32f4xx_hal_rcc.o
                0x08003478                HAL_RCC_GetPCLK2Freq
 .text.HAL_RCC_GetSysClockFreq
                0x080034a0      0x460 ./Drivers/STM32F4xx_HAL_Driver/Src/stm32f4xx_hal_rcc_ex.o
                0x080034a0                HAL_RCC_GetSysClockFreq
 .text.HAL_RCC_OscConfig
                0x08003900      0x53c ./Drivers/STM32F4xx_HAL_Driver/Src/stm32f4xx_hal_rcc_ex.o
                0x08003900                HAL_RCC_OscConfig
 .text.HAL_SPI_Init
                0x08003e3c      0x112 ./Drivers/STM32F4xx_HAL_Driver/Src/stm32f4xx_hal_spi.o
                0x08003e3c                HAL_SPI_Init
 .text.HAL_SPI_Transmit
                0x08003f4e      0x288 ./Drivers/STM32F4xx_HAL_Driver/Src/stm32f4xx_hal_spi.o
                0x08003f4e                HAL_SPI_Transmit
 *fill*         0x080041d6        0x2 
 .text.SPI_WaitFlagStateUntilTimeout
                0x080041d8      0x110 ./Drivers/STM32F4xx_HAL_Driver/Src/stm32f4xx_hal_spi.o
 .text.SPI_EndRxTxTransaction
                0x080042e8       0xa8 ./Drivers/STM32F4xx_HAL_Driver/Src/stm32f4xx_hal_spi.o
 .text.HAL_TIM_Base_Init
                0x08004390       0x9e ./Drivers/STM32F4xx_HAL_Driver/Src/stm32f4xx_hal_tim.o
                0x08004390                HAL_TIM_Base_Init
 *fill*         0x0800442e        0x2 
 .text.HAL_TIM_Base_Start_IT
                0x08004430       0xe0 ./Drivers/STM32F4xx_HAL_Driver/Src/stm32f4xx_hal_tim.o
                0x08004430                HAL_TIM_Base_Start_IT
 .text.HAL_TIM_PWM_Init
                0x08004510       0x9e ./Drivers/STM32F4xx_HAL_Driver/Src/stm32f4xx_hal_tim.o
                0x08004510                HAL_TIM_PWM_Init
 .text.HAL_TIM_PWM_MspInit
                0x080045ae       0x14 ./Drivers/STM32F4xx_HAL_Driver/Src/stm32f4xx_hal_tim.o
                0x080045ae                HAL_TIM_PWM_MspInit
 *fill*         0x080045c2        0x2 
 .text.HAL_TIM_PWM_Start
                0x080045c4      0x190 ./Drivers/STM32F4xx_HAL_Driver/Src/stm32f4xx_hal_tim.o
                0x080045c4                HAL_TIM_PWM_Start
 .text.HAL_TIM_IRQHandler
                0x08004754      0x1e0 ./Drivers/STM32F4xx_HAL_Driver/Src/stm32f4xx_hal_tim.o
                0x08004754                HAL_TIM_IRQHandler
 .text.HAL_TIM_PWM_ConfigChannel
                0x08004934      0x184 ./Drivers/STM32F4xx_HAL_Driver/Src/stm32f4xx_hal_tim.o
                0x08004934                HAL_TIM_PWM_ConfigChannel
 .text.HAL_TIM_ConfigClockSource
                0x08004ab8      0x18e ./Drivers/STM32F4xx_HAL_Driver/Src/stm32f4xx_hal_tim.o
                0x08004ab8                HAL_TIM_ConfigClockSource
 .text.HAL_TIM_PeriodElapsedCallback
                0x08004c46       0x14 ./Drivers/STM32F4xx_HAL_Driver/Src/stm32f4xx_hal_tim.o
                0x08004c46                HAL_TIM_PeriodElapsedCallback
 .text.HAL_TIM_OC_DelayElapsedCallback
                0x08004c5a       0x14 ./Drivers/STM32F4xx_HAL_Driver/Src/stm32f4xx_hal_tim.o
                0x08004c5a                HAL_TIM_OC_DelayElapsedCallback
 .text.HAL_TIM_IC_CaptureCallback
                0x08004c6e       0x14 ./Drivers/STM32F4xx_HAL_Driver/Src/stm32f4xx_hal_tim.o
                0x08004c6e                HAL_TIM_IC_CaptureCallback
 .text.HAL_TIM_PWM_PulseFinishedCallback
                0x08004c82       0x14 ./Drivers/STM32F4xx_HAL_Driver/Src/stm32f4xx_hal_tim.o
                0x08004c82                HAL_TIM_PWM_PulseFinishedCallback
 .text.HAL_TIM_TriggerCallback
                0x08004c96       0x14 ./Drivers/STM32F4xx_HAL_Driver/Src/stm32f4xx_hal_tim.o
                0x08004c96                HAL_TIM_TriggerCallback
 *fill*         0x08004caa        0x2 
 .text.TIM_Base_SetConfig
                0x08004cac      0x14c ./Drivers/STM32F4xx_HAL_Driver/Src/stm32f4xx_hal_tim.o
                0x08004cac                TIM_Base_SetConfig
 .text.TIM_OC1_SetConfig
                0x08004df8       0xe0 ./Drivers/STM32F4xx_HAL_Driver/Src/stm32f4xx_hal_tim.o
 .text.TIM_OC2_SetConfig
                0x08004ed8       0xec ./Drivers/STM32F4xx_HAL_Driver/Src/stm32f4xx_hal_tim.o
                0x08004ed8                TIM_OC2_SetConfig
 .text.TIM_OC3_SetConfig
                0x08004fc4       0xe8 ./Drivers/STM32F4xx_HAL_Driver/Src/stm32f4xx_hal_tim.o
 .text.TIM_OC4_SetConfig
                0x080050ac       0xac ./Drivers/STM32F4xx_HAL_Driver/Src/stm32f4xx_hal_tim.o
 .text.TIM_TI1_ConfigInputStage
                0x08005158       0x5e ./Drivers/STM32F4xx_HAL_Driver/Src/stm32f4xx_hal_tim.o
 .text.TIM_TI2_ConfigInputStage
                0x080051b6       0x60 ./Drivers/STM32F4xx_HAL_Driver/Src/stm32f4xx_hal_tim.o
 .text.TIM_ITRx_SetConfig
                0x08005216       0x36 ./Drivers/STM32F4xx_HAL_Driver/Src/stm32f4xx_hal_tim.o
 .text.TIM_ETR_SetConfig
                0x0800524c       0x40 ./Drivers/STM32F4xx_HAL_Driver/Src/stm32f4xx_hal_tim.o
                0x0800524c                TIM_ETR_SetConfig
 .text.TIM_CCxChannelCmd
                0x0800528c       0x4a ./Drivers/STM32F4xx_HAL_Driver/Src/stm32f4xx_hal_tim.o
                0x0800528c                TIM_CCxChannelCmd
 *fill*         0x080052d6        0x2 
 .text.HAL_TIMEx_MasterConfigSynchronization
                0x080052d8       0xf8 ./Drivers/STM32F4xx_HAL_Driver/Src/stm32f4xx_hal_tim_ex.o
                0x080052d8                HAL_TIMEx_MasterConfigSynchronization
 .text.HAL_TIMEx_ConfigBreakDeadTime
                0x080053d0       0xa4 ./Drivers/STM32F4xx_HAL_Driver/Src/stm32f4xx_hal_tim_ex.o
                0x080053d0                HAL_TIMEx_ConfigBreakDeadTime
 .text.HAL_TIMEx_CommutCallback
                0x08005474       0x14 ./Drivers/STM32F4xx_HAL_Driver/Src/stm32f4xx_hal_tim_ex.o
                0x08005474                HAL_TIMEx_CommutCallback
 .text.HAL_TIMEx_BreakCallback
                0x08005488       0x14 ./Drivers/STM32F4xx_HAL_Driver/Src/stm32f4xx_hal_tim_ex.o
                0x08005488                HAL_TIMEx_BreakCallback
 .text.HAL_UART_Init
                0x0800549c       0xa0 ./Drivers/STM32F4xx_HAL_Driver/Src/stm32f4xx_hal_uart.o
                0x0800549c                HAL_UART_Init
 .text.HAL_UART_Transmit
                0x0800553c      0x116 ./Drivers/STM32F4xx_HAL_Driver/Src/stm32f4xx_hal_uart.o
                0x0800553c                HAL_UART_Transmit
 .text.HAL_UART_Receive_DMA
                0x08005652       0x4a ./Drivers/STM32F4xx_HAL_Driver/Src/stm32f4xx_hal_uart.o
                0x08005652                HAL_UART_Receive_DMA
 .text.HAL_UART_IRQHandler
                0x0800569c      0x554 ./Drivers/STM32F4xx_HAL_Driver/Src/stm32f4xx_hal_uart.o
                0x0800569c                HAL_UART_IRQHandler
 .text.HAL_UART_TxCpltCallback
                0x08005bf0       0x14 ./Drivers/STM32F4xx_HAL_Driver/Src/stm32f4xx_hal_uart.o
                0x08005bf0                HAL_UART_TxCpltCallback
 .text.HAL_UART_RxHalfCpltCallback
                0x08005c04       0x14 ./Drivers/STM32F4xx_HAL_Driver/Src/stm32f4xx_hal_uart.o
                0x08005c04                HAL_UART_RxHalfCpltCallback
 .text.HAL_UART_ErrorCallback
                0x08005c18       0x14 ./Drivers/STM32F4xx_HAL_Driver/Src/stm32f4xx_hal_uart.o
                0x08005c18                HAL_UART_ErrorCallback
 .text.HAL_UARTEx_RxEventCallback
                0x08005c2c       0x18 ./Drivers/STM32F4xx_HAL_Driver/Src/stm32f4xx_hal_uart.o
                0x08005c2c                HAL_UARTEx_RxEventCallback
 .text.UART_DMAReceiveCplt
                0x08005c44      0x12c ./Drivers/STM32F4xx_HAL_Driver/Src/stm32f4xx_hal_uart.o
 .text.UART_DMARxHalfCplt
                0x08005d70       0x3c ./Drivers/STM32F4xx_HAL_Driver/Src/stm32f4xx_hal_uart.o
 .text.UART_DMAError
                0x08005dac       0x94 ./Drivers/STM32F4xx_HAL_Driver/Src/stm32f4xx_hal_uart.o
 .text.UART_WaitOnFlagUntilTimeout
                0x08005e40       0xb2 ./Drivers/STM32F4xx_HAL_Driver/Src/stm32f4xx_hal_uart.o
 *fill*         0x08005ef2        0x2 
 .text.UART_Start_Receive_DMA
                0x08005ef4      0x14c ./Drivers/STM32F4xx_HAL_Driver/Src/stm32f4xx_hal_uart.o
                0x08005ef4                UART_Start_Receive_DMA
 .text.UART_EndTxTransfer
                0x08006040       0x50 ./Drivers/STM32F4xx_HAL_Driver/Src/stm32f4xx_hal_uart.o
 .text.UART_EndRxTransfer
                0x08006090       0xc6 ./Drivers/STM32F4xx_HAL_Driver/Src/stm32f4xx_hal_uart.o
 .text.UART_DMAAbortOnError
                0x08006156       0x22 ./Drivers/STM32F4xx_HAL_Driver/Src/stm32f4xx_hal_uart.o
 .text.UART_Transmit_IT
                0x08006178       0xa0 ./Drivers/STM32F4xx_HAL_Driver/Src/stm32f4xx_hal_uart.o
 .text.UART_EndTransmit_IT
                0x08006218       0x30 ./Drivers/STM32F4xx_HAL_Driver/Src/stm32f4xx_hal_uart.o
 .text.UART_Receive_IT
                0x08006248      0x17c ./Drivers/STM32F4xx_HAL_Driver/Src/stm32f4xx_hal_uart.o
 .text.UART_SetConfig
                0x080063c4      0x4e8 ./Drivers/STM32F4xx_HAL_Driver/Src/stm32f4xx_hal_uart.o
 .text.memset   0x080068ac       0x10 C:/ST/STM32CubeIDE_2.1.0/STM32CubeIDE/plugins/com.st.stm32cube.ide.mcu.externaltools.gnu-tools-for-stm32.14.3.rel1.win32_1.0.100.202602081740/tools/bin/../lib/gcc/arm-none-eabi/14.3.1/../../../../arm-none-eabi/lib/thumb/v7e-m+fp/hard\libc_nano.a(libc_a-memset.o)
                0x080068ac                memset
 .text.__libc_init_array
                0x080068bc       0x48 C:/ST/STM32CubeIDE_2.1.0/STM32CubeIDE/plugins/com.st.stm32cube.ide.mcu.externaltools.gnu-tools-for-stm32.14.3.rel1.win32_1.0.100.202602081740/tools/bin/../lib/gcc/arm-none-eabi/14.3.1/../../../../arm-none-eabi/lib/thumb/v7e-m+fp/hard\libc_nano.a(libc_a-init.o)
                0x080068bc                __libc_init_array
 *(.glue_7)
 .glue_7        0x08006904        0x0 linker stubs
 *(.glue_7t)
 .glue_7t       0x08006904        0x0 linker stubs
 *(.eh_frame)
 .eh_frame      0x08006904        0x0 C:/ST/STM32CubeIDE_2.1.0/STM32CubeIDE/plugins/com.st.stm32cube.ide.mcu.externaltools.gnu-tools-for-stm32.14.3.rel1.win32_1.0.100.202602081740/tools/bin/../lib/gcc/arm-none-eabi/14.3.1/thumb/v7e-m+fp/hard/crtbegin.o
 *(.init)
 .init          0x08006904        0x4 C:/ST/STM32CubeIDE_2.1.0/STM32CubeIDE/plugins/com.st.stm32cube.ide.mcu.externaltools.gnu-tools-for-stm32.14.3.rel1.win32_1.0.100.202602081740/tools/bin/../lib/gcc/arm-none-eabi/14.3.1/thumb/v7e-m+fp/hard/crti.o
                0x08006904                _init
 .init          0x08006908        0x8 C:/ST/STM32CubeIDE_2.1.0/STM32CubeIDE/plugins/com.st.stm32cube.ide.mcu.externaltools.gnu-tools-for-stm32.14.3.rel1.win32_1.0.100.202602081740/tools/bin/../lib/gcc/arm-none-eabi/14.3.1/thumb/v7e-m+fp/hard/crtn.o
 *(.fini)
 .fini          0x08006910        0x4 C:/ST/STM32CubeIDE_2.1.0/STM32CubeIDE/plugins/com.st.stm32cube.ide.mcu.externaltools.gnu-tools-for-stm32.14.3.rel1.win32_1.0.100.202602081740/tools/bin/../lib/gcc/arm-none-eabi/14.3.1/thumb/v7e-m+fp/hard/crti.o
                0x08006910                _fini
 .fini          0x08006914        0x8 C:/ST/STM32CubeIDE_2.1.0/STM32CubeIDE/plugins/com.st.stm32cube.ide.mcu.externaltools.gnu-tools-for-stm32.14.3.rel1.win32_1.0.100.202602081740/tools/bin/../lib/gcc/arm-none-eabi/14.3.1/thumb/v7e-m+fp/hard/crtn.o
                0x0800691c                        . = ALIGN (0x4)
                0x0800691c                        _etext = .

.vfp11_veneer   0x0800691c        0x0
 .vfp11_veneer  0x0800691c        0x0 linker stubs

.v4_bx          0x0800691c        0x0
 .v4_bx         0x0800691c        0x0 linker stubs

.iplt           0x0800691c        0x0
 .iplt          0x0800691c        0x0 C:/ST/STM32CubeIDE_2.1.0/STM32CubeIDE/plugins/com.st.stm32cube.ide.mcu.externaltools.gnu-tools-for-stm32.14.3.rel1.win32_1.0.100.202602081740/tools/bin/../lib/gcc/arm-none-eabi/14.3.1/thumb/v7e-m+fp/hard/crtbegin.o

.rodata         0x0800691c    0x26820
                0x0800691c                        . = ALIGN (0x4)
 *(.rodata)
 *(.rodata*)
 .rodata.pista5
                0x0800691c    0x25800 ./Core/Src/graficos.o
                0x0800691c                pista5
 .rodata.cars1  0x0802c11c      0x800 ./Core/Src/main.o
                0x0802c11c                cars1
 .rodata.cars2  0x0802c91c      0x800 ./Core/Src/main.o
                0x0802c91c                cars2
 .rodata.AHBPrescTable
                0x0802d11c       0x10 ./Core/Src/system_stm32f4xx.o
                0x0802d11c                AHBPrescTable
 .rodata.APBPrescTable
                0x0802d12c        0x8 ./Core/Src/system_stm32f4xx.o
                0x0802d12c                APBPrescTable
 .rodata.flagBitshiftOffset.0
                0x0802d134        0x8 ./Drivers/STM32F4xx_HAL_Driver/Src/stm32f4xx_hal_dma.o
                0x0802d13c                        . = ALIGN (0x4)

.ARM.extab      0x0802d13c        0x0
                0x0802d13c                        . = ALIGN (0x4)
 *(.ARM.extab* .gnu.linkonce.armextab.*)
                0x0802d13c                        . = ALIGN (0x4)

.ARM            0x0802d13c        0x8
                0x0802d13c                        . = ALIGN (0x4)
                0x0802d13c                        __exidx_start = .
 *(.ARM.exidx*)
 .ARM.exidx     0x0802d13c        0x8 C:/ST/STM32CubeIDE_2.1.0/STM32CubeIDE/plugins/com.st.stm32cube.ide.mcu.externaltools.gnu-tools-for-stm32.14.3.rel1.win32_1.0.100.202602081740/tools/bin/../lib/gcc/arm-none-eabi/14.3.1/thumb/v7e-m+fp/hard\libgcc.a(_udivmoddi4.o)
                0x0802d144                        __exidx_end = .
                0x0802d144                        . = ALIGN (0x4)

.preinit_array  0x0802d144        0x0
                0x0802d144                        . = ALIGN (0x4)
                0x0802d144                        PROVIDE (__preinit_array_start = .)
 *(.preinit_array*)
                0x0802d144                        PROVIDE (__preinit_array_end = .)
                0x0802d144                        . = ALIGN (0x4)

.init_array     0x0802d144        0x4
                0x0802d144                        . = ALIGN (0x4)
                0x0802d144                        PROVIDE (__init_array_start = .)
 *(SORT_BY_NAME(.init_array.*))
 *(.init_array*)
 .init_array    0x0802d144        0x4 C:/ST/STM32CubeIDE_2.1.0/STM32CubeIDE/plugins/com.st.stm32cube.ide.mcu.externaltools.gnu-tools-for-stm32.14.3.rel1.win32_1.0.100.202602081740/tools/bin/../lib/gcc/arm-none-eabi/14.3.1/thumb/v7e-m+fp/hard/crtbegin.o
                0x0802d148                        PROVIDE (__init_array_end = .)
                0x0802d148                        . = ALIGN (0x4)

.fini_array     0x0802d148        0x4
                0x0802d148                        . = ALIGN (0x4)
                [!provide]                        PROVIDE (__fini_array_start = .)
 *(SORT_BY_NAME(.fini_array.*))
 *(.fini_array*)
 .fini_array    0x0802d148        0x4 C:/ST/STM32CubeIDE_2.1.0/STM32CubeIDE/plugins/com.st.stm32cube.ide.mcu.externaltools.gnu-tools-for-stm32.14.3.rel1.win32_1.0.100.202602081740/tools/bin/../lib/gcc/arm-none-eabi/14.3.1/thumb/v7e-m+fp/hard/crtbegin.o
                [!provide]                        PROVIDE (__fini_array_end = .)
                0x0802d14c                        . = ALIGN (0x4)
                0x0802d14c                        _sidata = LOADADDR (.data)

.rel.dyn        0x0802d14c        0x0
 .rel.iplt      0x0802d14c        0x0 C:/ST/STM32CubeIDE_2.1.0/STM32CubeIDE/plugins/com.st.stm32cube.ide.mcu.externaltools.gnu-tools-for-stm32.14.3.rel1.win32_1.0.100.202602081740/tools/bin/../lib/gcc/arm-none-eabi/14.3.1/thumb/v7e-m+fp/hard/crtbegin.o

.data           0x20000000       0x18 load address 0x0802d14c
                0x20000000                        . = ALIGN (0x4)
                0x20000000                        _sdata = .
 *(.data)
 *(.data*)
 .data.dir_x_car1
                0x20000000        0x2 ./Core/Src/main.o
                0x20000000                dir_x_car1
 .data.dir_y_car1
                0x20000002        0x2 ./Core/Src/main.o
                0x20000002                dir_y_car1
 .data.indx1    0x20000004        0x1 ./Core/Src/main.o
                0x20000004                indx1
 *fill*         0x20000005        0x1 
 .data.dir_x_car2
                0x20000006        0x2 ./Core/Src/main.o
                0x20000006                dir_x_car2
 .data.dir_y_car2
                0x20000008        0x2 ./Core/Src/main.o
                0x20000008                dir_y_car2
 .data.indx2    0x2000000a        0x1 ./Core/Src/main.o
                0x2000000a                indx2
 .data.STEP_SIZE
                0x2000000b        0x1 ./Core/Src/main.o
                0x2000000b                STEP_SIZE
 .data.SystemCoreClock
                0x2000000c        0x4 ./Core/Src/system_stm32f4xx.o
                0x2000000c                SystemCoreClock
 .data.uwTickPrio
                0x20000010        0x4 ./Drivers/STM32F4xx_HAL_Driver/Src/stm32f4xx_hal.o
                0x20000010                uwTickPrio
 .data.uwTickFreq
                0x20000014        0x1 ./Drivers/STM32F4xx_HAL_Driver/Src/stm32f4xx_hal.o
                0x20000014                uwTickFreq
 *(.RamFunc)
 *(.RamFunc*)
                0x20000018                        . = ALIGN (0x4)
 *fill*         0x20000015        0x3 
                0x20000018                        _edata = .

.igot.plt       0x20000018        0x0 load address 0x0802d164
 .igot.plt      0x20000018        0x0 C:/ST/STM32CubeIDE_2.1.0/STM32CubeIDE/plugins/com.st.stm32cube.ide.mcu.externaltools.gnu-tools-for-stm32.14.3.rel1.win32_1.0.100.202602081740/tools/bin/../lib/gcc/arm-none-eabi/14.3.1/thumb/v7e-m+fp/hard/crtbegin.o
                0x20000018                        . = ALIGN (0x4)

.bss            0x20000018      0x430 load address 0x0802d164
                0x20000018                        _sbss = .
                0x20000018                        __bss_start__ = _sbss
 *(.bss)
 .bss           0x20000018       0x1c C:/ST/STM32CubeIDE_2.1.0/STM32CubeIDE/plugins/com.st.stm32cube.ide.mcu.externaltools.gnu-tools-for-stm32.14.3.rel1.win32_1.0.100.202602081740/tools/bin/../lib/gcc/arm-none-eabi/14.3.1/thumb/v7e-m+fp/hard/crtbegin.o
 *(.bss*)
 .bss.hspi1     0x20000034       0x58 ./Core/Src/main.o
                0x20000034                hspi1
 .bss.htim1     0x2000008c       0x48 ./Core/Src/main.o
                0x2000008c                htim1
 .bss.htim2     0x200000d4       0x48 ./Core/Src/main.o
                0x200000d4                htim2
 .bss.huart5    0x2000011c       0x48 ./Core/Src/main.o
                0x2000011c                huart5
 .bss.huart2    0x20000164       0x48 ./Core/Src/main.o
                0x20000164                huart2
 .bss.huart3    0x200001ac       0x48 ./Core/Src/main.o
                0x200001ac                huart3
 .bss.huart6    0x200001f4       0x48 ./Core/Src/main.o
                0x200001f4                huart6
 .bss.hdma_usart3_rx
                0x2000023c       0x60 ./Core/Src/main.o
                0x2000023c                hdma_usart3_rx
 .bss.hdma_usart6_rx
                0x2000029c       0x60 ./Core/Src/main.o
                0x2000029c                hdma_usart6_rx
 .bss.rx_control1
                0x200002fc        0x1 ./Core/Src/main.o
                0x200002fc                rx_control1
 *fill*         0x200002fd        0x3 
 .bss.rx_control2
                0x20000300        0x1 ./Core/Src/main.o
                0x20000300                rx_control2
 *fill*         0x20000301        0x1 
 .bss.new_x_car1
                0x20000302        0x2 ./Core/Src/main.o
                0x20000302                new_x_car1
 .bss.new_y_car1
                0x20000304        0x2 ./Core/Src/main.o
                0x20000304                new_y_car1
 .bss.move_ready1
                0x20000306        0x1 ./Core/Src/main.o
                0x20000306                move_ready1
 .bss.cmd1      0x20000307        0x1 ./Core/Src/main.o
                0x20000307                cmd1
 .bss.new_x_car2
                0x20000308        0x2 ./Core/Src/main.o
                0x20000308                new_x_car2
 .bss.new_y_car2
                0x2000030a        0x2 ./Core/Src/main.o
                0x2000030a                new_y_car2
 .bss.move_ready2
                0x2000030c        0x1 ./Core/Src/main.o
                0x2000030c                move_ready2
 .bss.cmd2      0x2000030d        0x1 ./Core/Src/main.o
                0x2000030d                cmd2
 .bss.prev_x_car1
                0x2000030e        0x2 ./Core/Src/main.o
                0x2000030e                prev_x_car1
 .bss.prev_x_car2
                0x20000310        0x2 ./Core/Src/main.o
                0x20000310                prev_x_car2
 .bss.laps_car1
                0x20000312        0x1 ./Core/Src/main.o
                0x20000312                laps_car1
 .bss.laps_car2
                0x20000313        0x1 ./Core/Src/main.o
                0x20000313                laps_car2
 .bss.crossed_car1
                0x20000314        0x1 ./Core/Src/main.o
                0x20000314                crossed_car1
 .bss.crossed_car2
                0x20000315        0x1 ./Core/Src/main.o
                0x20000315                crossed_car2
 .bss.cp_car2   0x20000316        0x1 ./Core/Src/main.o
                0x20000316                cp_car2
 .bss.cp_car1   0x20000317        0x1 ./Core/Src/main.o
                0x20000317                cp_car1
 .bss.collision_map
                0x20000318      0x12c ./Core/Src/main.o
                0x20000318                collision_map
 .bss.uwTick    0x20000444        0x4 ./Drivers/STM32F4xx_HAL_Driver/Src/stm32f4xx_hal.o
                0x20000444                uwTick
 *(COMMON)
                0x20000448                        . = ALIGN (0x4)
                0x20000448                        _ebss = .
                0x20000448                        __bss_end__ = _ebss

._user_heap_stack
                0x20000448      0x600 load address 0x0802d164
                0x20000448                        . = ALIGN (0x8)
                [!provide]                        PROVIDE (end = .)
                0x20000448                        PROVIDE (_end = .)
                0x20000648                        . = (. + _Min_Heap_Size)
 *fill*         0x20000448      0x200 
                0x20000a48                        . = (. + _Min_Stack_Size)
 *fill*         0x20000648      0x400 
                0x20000a48                        . = ALIGN (0x8)

/DISCARD/
 libc.a(*)
 libm.a(*)
 libgcc.a(*)

.ARM.attributes
                0x00000000       0x30
 *(.ARM.attributes)
 .ARM.attributes
                0x00000000       0x22 C:/ST/STM32CubeIDE_2.1.0/STM32CubeIDE/plugins/com.st.stm32cube.ide.mcu.externaltools.gnu-tools-for-stm32.14.3.rel1.win32_1.0.100.202602081740/tools/bin/../lib/gcc/arm-none-eabi/14.3.1/thumb/v7e-m+fp/hard/crti.o
 .ARM.attributes
                0x00000022       0x34 C:/ST/STM32CubeIDE_2.1.0/STM32CubeIDE/plugins/com.st.stm32cube.ide.mcu.externaltools.gnu-tools-for-stm32.14.3.rel1.win32_1.0.100.202602081740/tools/bin/../lib/gcc/arm-none-eabi/14.3.1/thumb/v7e-m+fp/hard/crtbegin.o
 .ARM.attributes
                0x00000056       0x34 ./Core/Src/graficos.o
 .ARM.attributes
                0x0000008a       0x34 ./Core/Src/ili9341.o
 .ARM.attributes
                0x000000be       0x34 ./Core/Src/main.o
 .ARM.attributes
                0x000000f2       0x34 ./Core/Src/stm32f4xx_hal_msp.o
 .ARM.attributes
                0x00000126       0x34 ./Core/Src/stm32f4xx_it.o
 .ARM.attributes
                0x0000015a       0x34 ./Core/Src/system_stm32f4xx.o
 .ARM.attributes
                0x0000018e       0x21 ./Core/Startup/startup_stm32f446retx.o
 .ARM.attributes
                0x000001af       0x34 ./Drivers/STM32F4xx_HAL_Driver/Src/stm32f4xx_hal.o
 .ARM.attributes
                0x000001e3       0x34 ./Drivers/STM32F4xx_HAL_Driver/Src/stm32f4xx_hal_cortex.o
 .ARM.attributes
                0x00000217       0x34 ./Drivers/STM32F4xx_HAL_Driver/Src/stm32f4xx_hal_dma.o
 .ARM.attributes
                0x0000024b       0x34 ./Drivers/STM32F4xx_HAL_Driver/Src/stm32f4xx_hal_gpio.o
 .ARM.attributes
                0x0000027f       0x34 ./Drivers/STM32F4xx_HAL_Driver/Src/stm32f4xx_hal_rcc.o
 .ARM.attributes
                0x000002b3       0x34 ./Drivers/STM32F4xx_HAL_Driver/Src/stm32f4xx_hal_rcc_ex.o
 .ARM.attributes
                0x000002e7       0x34 ./Drivers/STM32F4xx_HAL_Driver/Src/stm32f4xx_hal_spi.o
 .ARM.attributes
                0x0000031b       0x34 ./Drivers/STM32F4xx_HAL_Driver/Src/stm32f4xx_hal_tim.o
 .ARM.attributes
                0x0000034f       0x34 ./Drivers/STM32F4xx_HAL_Driver/Src/stm32f4xx_hal_tim_ex.o
 .ARM.attributes
                0x00000383       0x34 ./Drivers/STM32F4xx_HAL_Driver/Src/stm32f4xx_hal_uart.o
 .ARM.attributes
                0x000003b7       0x34 C:/ST/STM32CubeIDE_2.1.0/STM32CubeIDE/plugins/com.st.stm32cube.ide.mcu.externaltools.gnu-tools-for-stm32.14.3.rel1.win32_1.0.100.202602081740/tools/bin/../lib/gcc/arm-none-eabi/14.3.1/../../../../arm-none-eabi/lib/thumb/v7e-m+fp/hard\libc_nano.a(libc_a-memset.o)
 .ARM.attributes
                0x000003eb       0x34 C:/ST/STM32CubeIDE_2.1.0/STM32CubeIDE/plugins/com.st.stm32cube.ide.mcu.externaltools.gnu-tools-for-stm32.14.3.rel1.win32_1.0.100.202602081740/tools/bin/../lib/gcc/arm-none-eabi/14.3.1/../../../../arm-none-eabi/lib/thumb/v7e-m+fp/hard\libc_nano.a(libc_a-init.o)
 .ARM.attributes
                0x0000041f       0x22 C:/ST/STM32CubeIDE_2.1.0/STM32CubeIDE/plugins/com.st.stm32cube.ide.mcu.externaltools.gnu-tools-for-stm32.14.3.rel1.win32_1.0.100.202602081740/tools/bin/../lib/gcc/arm-none-eabi/14.3.1/thumb/v7e-m+fp/hard\libgcc.a(_aeabi_uldivmod.o)
 .ARM.attributes
                0x00000441       0x34 C:/ST/STM32CubeIDE_2.1.0/STM32CubeIDE/plugins/com.st.stm32cube.ide.mcu.externaltools.gnu-tools-for-stm32.14.3.rel1.win32_1.0.100.202602081740/tools/bin/../lib/gcc/arm-none-eabi/14.3.1/thumb/v7e-m+fp/hard\libgcc.a(_udivmoddi4.o)
 .ARM.attributes
                0x00000475       0x22 C:/ST/STM32CubeIDE_2.1.0/STM32CubeIDE/plugins/com.st.stm32cube.ide.mcu.externaltools.gnu-tools-for-stm32.14.3.rel1.win32_1.0.100.202602081740/tools/bin/../lib/gcc/arm-none-eabi/14.3.1/thumb/v7e-m+fp/hard\libgcc.a(_dvmd_tls.o)
 .ARM.attributes
                0x00000497       0x22 C:/ST/STM32CubeIDE_2.1.0/STM32CubeIDE/plugins/com.st.stm32cube.ide.mcu.externaltools.gnu-tools-for-stm32.14.3.rel1.win32_1.0.100.202602081740/tools/bin/../lib/gcc/arm-none-eabi/14.3.1/thumb/v7e-m+fp/hard/crtn.o
OUTPUT(ILI9341SPI.elf elf32-littlearm)
LOAD linker stubs
LOAD C:/ST/STM32CubeIDE_2.1.0/STM32CubeIDE/plugins/com.st.stm32cube.ide.mcu.externaltools.gnu-tools-for-stm32.14.3.rel1.win32_1.0.100.202602081740/tools/bin/../lib/gcc/arm-none-eabi/14.3.1/../../../../arm-none-eabi/lib/thumb/v7e-m+fp/hard\libc.a
LOAD C:/ST/STM32CubeIDE_2.1.0/STM32CubeIDE/plugins/com.st.stm32cube.ide.mcu.externaltools.gnu-tools-for-stm32.14.3.rel1.win32_1.0.100.202602081740/tools/bin/../lib/gcc/arm-none-eabi/14.3.1/../../../../arm-none-eabi/lib/thumb/v7e-m+fp/hard\libm.a
LOAD C:/ST/STM32CubeIDE_2.1.0/STM32CubeIDE/plugins/com.st.stm32cube.ide.mcu.externaltools.gnu-tools-for-stm32.14.3.rel1.win32_1.0.100.202602081740/tools/bin/../lib/gcc/arm-none-eabi/14.3.1/thumb/v7e-m+fp/hard\libgcc.a

.debug_info     0x00000000    0x10fdd
 .debug_info    0x00000000      0x140 ./Core/Src/graficos.o
 .debug_info    0x00000140      0xde3 ./Core/Src/ili9341.o
 .debug_info    0x00000f23     0x2075 ./Core/Src/main.o
 .debug_info    0x00002f98     0x1456 ./Core/Src/stm32f4xx_hal_msp.o
 .debug_info    0x000043ee      0x9f4 ./Core/Src/stm32f4xx_it.o
 .debug_info    0x00004de2      0x54a ./Core/Src/system_stm32f4xx.o
 .debug_info    0x0000532c       0x30 ./Core/Startup/startup_stm32f446retx.o
 .debug_info    0x0000535c      0x99a ./Drivers/STM32F4xx_HAL_Driver/Src/stm32f4xx_hal.o
 .debug_info    0x00005cf6      0xdaa ./Drivers/STM32F4xx_HAL_Driver/Src/stm32f4xx_hal_cortex.o
 .debug_info    0x00006aa0      0x8e7 ./Drivers/STM32F4xx_HAL_Driver/Src/stm32f4xx_hal_dma.o
 .debug_info    0x00007387      0x70b ./Drivers/STM32F4xx_HAL_Driver/Src/stm32f4xx_hal_gpio.o
 .debug_info    0x00007a92      0x8ff ./Drivers/STM32F4xx_HAL_Driver/Src/stm32f4xx_hal_rcc.o
 .debug_info    0x00008391      0x960 ./Drivers/STM32F4xx_HAL_Driver/Src/stm32f4xx_hal_rcc_ex.o
 .debug_info    0x00008cf1     0x1525 ./Drivers/STM32F4xx_HAL_Driver/Src/stm32f4xx_hal_spi.o
 .debug_info    0x0000a216     0x299d ./Drivers/STM32F4xx_HAL_Driver/Src/stm32f4xx_hal_tim.o
 .debug_info    0x0000cbb3     0x14db ./Drivers/STM32F4xx_HAL_Driver/Src/stm32f4xx_hal_tim_ex.o
 .debug_info    0x0000e08e     0x2f4f ./Drivers/STM32F4xx_HAL_Driver/Src/stm32f4xx_hal_uart.o

.debug_abbrev   0x00000000     0x2413
 .debug_abbrev  0x00000000       0x77 ./Core/Src/graficos.o
 .debug_abbrev  0x00000077      0x290 ./Core/Src/ili9341.o
 .debug_abbrev  0x00000307      0x305 ./Core/Src/main.o
 .debug_abbrev  0x0000060c      0x261 ./Core/Src/stm32f4xx_hal_msp.o
 .debug_abbrev  0x0000086d      0x1b4 ./Core/Src/stm32f4xx_it.o
 .debug_abbrev  0x00000a21      0x11a ./Core/Src/system_stm32f4xx.o
 .debug_abbrev  0x00000b3b       0x24 ./Core/Startup/startup_stm32f446retx.o
 .debug_abbrev  0x00000b5f      0x214 ./Drivers/STM32F4xx_HAL_Driver/Src/stm32f4xx_hal.o
 .debug_abbrev  0x00000d73      0x31d ./Drivers/STM32F4xx_HAL_Driver/Src/stm32f4xx_hal_cortex.o
 .debug_abbrev  0x00001090      0x264 ./Drivers/STM32F4xx_HAL_Driver/Src/stm32f4xx_hal_dma.o
 .debug_abbrev  0x000012f4      0x1d4 ./Drivers/STM32F4xx_HAL_Driver/Src/stm32f4xx_hal_gpio.o
 .debug_abbrev  0x000014c8      0x2b7 ./Drivers/STM32F4xx_HAL_Driver/Src/stm32f4xx_hal_rcc.o
 .debug_abbrev  0x0000177f      0x211 ./Drivers/STM32F4xx_HAL_Driver/Src/stm32f4xx_hal_rcc_ex.o
 .debug_abbrev  0x00001990      0x27a ./Drivers/STM32F4xx_HAL_Driver/Src/stm32f4xx_hal_spi.o
 .debug_abbrev  0x00001c0a      0x278 ./Drivers/STM32F4xx_HAL_Driver/Src/stm32f4xx_hal_tim.o
 .debug_abbrev  0x00001e82      0x283 ./Drivers/STM32F4xx_HAL_Driver/Src/stm32f4xx_hal_tim_ex.o
 .debug_abbrev  0x00002105      0x30e ./Drivers/STM32F4xx_HAL_Driver/Src/stm32f4xx_hal_uart.o

.debug_aranges  0x00000000      0xf68
 .debug_aranges
                0x00000000       0x18 ./Core/Src/graficos.o
 .debug_aranges
                0x00000018       0x80 ./Core/Src/ili9341.o
 .debug_aranges
                0x00000098       0x88 ./Core/Src/main.o
 .debug_aranges
                0x00000120       0x58 ./Core/Src/stm32f4xx_hal_msp.o
 .debug_aranges
                0x00000178       0x88 ./Core/Src/stm32f4xx_it.o
 .debug_aranges
                0x00000200       0x28 ./Core/Src/system_stm32f4xx.o
 .debug_aranges
                0x00000228       0x28 ./Core/Startup/startup_stm32f446retx.o
 .debug_aranges
                0x00000250       0xf0 ./Drivers/STM32F4xx_HAL_Driver/Src/stm32f4xx_hal.o
 .debug_aranges
                0x00000340      0x130 ./Drivers/STM32F4xx_HAL_Driver/Src/stm32f4xx_hal_cortex.o
 .debug_aranges
                0x00000470       0x90 ./Drivers/STM32F4xx_HAL_Driver/Src/stm32f4xx_hal_dma.o
 .debug_aranges
                0x00000500       0x58 ./Drivers/STM32F4xx_HAL_Driver/Src/stm32f4xx_hal_gpio.o
 .debug_aranges
                0x00000558       0x88 ./Drivers/STM32F4xx_HAL_Driver/Src/stm32f4xx_hal_rcc.o
 .debug_aranges
                0x000005e0       0x78 ./Drivers/STM32F4xx_HAL_Driver/Src/stm32f4xx_hal_rcc_ex.o
 .debug_aranges
                0x00000658      0x1d0 ./Drivers/STM32F4xx_HAL_Driver/Src/stm32f4xx_hal_spi.o
 .debug_aranges
                0x00000828      0x3d0 ./Drivers/STM32F4xx_HAL_Driver/Src/stm32f4xx_hal_tim.o
 .debug_aranges
                0x00000bf8      0x168 ./Drivers/STM32F4xx_HAL_Driver/Src/stm32f4xx_hal_tim_ex.o
 .debug_aranges
                0x00000d60      0x208 ./Drivers/STM32F4xx_HAL_Driver/Src/stm32f4xx_hal_uart.o

.debug_macro    0x00000000    0x22697
 .debug_macro   0x00000000       0xbe ./Core/Src/graficos.o
 .debug_macro   0x000000be       0x5b ./Core/Src/graficos.o
 .debug_macro   0x00000119       0x2a ./Core/Src/graficos.o
 .debug_macro   0x00000143       0x94 ./Core/Src/graficos.o
 .debug_macro   0x000001d7       0x43 ./Core/Src/graficos.o
 .debug_macro   0x0000021a       0x3a ./Core/Src/graficos.o
 .debug_macro   0x00000254       0x57 ./Core/Src/graficos.o
 .debug_macro   0x000002ab       0x89 ./Core/Src/graficos.o
 .debug_macro   0x00000334      0x460 ./Core/Src/graficos.o
 .debug_macro   0x00000794      0x1a7 ./Core/Src/graficos.o
 .debug_macro   0x0000093b      0x36e ./Core/Src/ili9341.o
 .debug_macro   0x00000ca9       0x34 ./Core/Src/ili9341.o
 .debug_macro   0x00000cdd       0x16 ./Core/Src/ili9341.o
 .debug_macro   0x00000cf3      0x11c ./Core/Src/ili9341.o
 .debug_macro   0x00000e0f       0x9b ./Core/Src/ili9341.o
 .debug_macro   0x00000eaa      0x364 ./Core/Src/ili9341.o
 .debug_macro   0x0000120e       0x16 ./Core/Src/ili9341.o
 .debug_macro   0x00001224       0x4a ./Core/Src/ili9341.o
 .debug_macro   0x0000126e       0x34 ./Core/Src/ili9341.o
 .debug_macro   0x000012a2       0x10 ./Core/Src/ili9341.o
 .debug_macro   0x000012b2       0x58 ./Core/Src/ili9341.o
 .debug_macro   0x0000130a       0x8e ./Core/Src/ili9341.o
 .debug_macro   0x00001398       0x1c ./Core/Src/ili9341.o
 .debug_macro   0x000013b4      0x17e ./Core/Src/ili9341.o
 .debug_macro   0x00001532       0x16 ./Core/Src/ili9341.o
 .debug_macro   0x00001548       0x29 ./Core/Src/ili9341.o
 .debug_macro   0x00001571       0x16 ./Core/Src/ili9341.o
 .debug_macro   0x00001587       0x3c ./Core/Src/ili9341.o
 .debug_macro   0x000015c3       0x20 ./Core/Src/ili9341.o
 .debug_macro   0x000015e3       0x2e ./Core/Src/ili9341.o
 .debug_macro   0x00001611       0x28 ./Core/Src/ili9341.o
 .debug_macro   0x00001639       0x1c ./Core/Src/ili9341.o
 .debug_macro   0x00001655       0x22 ./Core/Src/ili9341.o
 .debug_macro   0x00001677       0xfb ./Core/Src/ili9341.o
 .debug_macro   0x00001772     0x1011 ./Core/Src/ili9341.o
 .debug_macro   0x00002783      0x11f ./Core/Src/ili9341.o
 .debug_macro   0x000028a2    0x1675e ./Core/Src/ili9341.o
 .debug_macro   0x00019000       0x6d ./Core/Src/ili9341.o
 .debug_macro   0x0001906d      0x2a1 ./Core/Src/ili9341.o
 .debug_macro   0x0001930e     0x3693 ./Core/Src/ili9341.o
 .debug_macro   0x0001c9a1       0x56 ./Core/Src/ili9341.o
 .debug_macro   0x0001c9f7      0xca5 ./Core/Src/ili9341.o
 .debug_macro   0x0001d69c      0x9e9 ./Core/Src/ili9341.o
 .debug_macro   0x0001e085      0x115 ./Core/Src/ili9341.o
 .debug_macro   0x0001e19a      0x1a0 ./Core/Src/ili9341.o
 .debug_macro   0x0001e33a       0xa5 ./Core/Src/ili9341.o
 .debug_macro   0x0001e3df      0x16d ./Core/Src/ili9341.o
 .debug_macro   0x0001e54c      0x287 ./Core/Src/ili9341.o
 .debug_macro   0x0001e7d3       0x5f ./Core/Src/ili9341.o
 .debug_macro   0x0001e832      0x236 ./Core/Src/ili9341.o
 .debug_macro   0x0001ea68      0x132 ./Core/Src/ili9341.o
 .debug_macro   0x0001eb9a      0x29c ./Core/Src/ili9341.o
 .debug_macro   0x0001ee36       0x2e ./Core/Src/ili9341.o
 .debug_macro   0x0001ee64      0x127 ./Core/Src/ili9341.o
 .debug_macro   0x0001ef8b       0xe8 ./Core/Src/ili9341.o
 .debug_macro   0x0001f073       0x89 ./Core/Src/ili9341.o
 .debug_macro   0x0001f0fc      0x225 ./Core/Src/ili9341.o
 .debug_macro   0x0001f321      0x8ed ./Core/Src/ili9341.o
 .debug_macro   0x0001fc0e       0x53 ./Core/Src/ili9341.o
 .debug_macro   0x0001fc61      0x2aa ./Core/Src/ili9341.o
 .debug_macro   0x0001ff0b      0x126 ./Core/Src/ili9341.o
 .debug_macro   0x00020031      0x1d9 ./Core/Src/ili9341.o
 .debug_macro   0x0002020a      0x1db ./Core/Src/ili9341.o
 .debug_macro   0x000203e5      0x149 ./Core/Src/ili9341.o
 .debug_macro   0x0002052e       0x10 ./Core/Src/ili9341.o
 .debug_macro   0x0002053e      0x118 ./Core/Src/ili9341.o
 .debug_macro   0x00020656       0x3a ./Core/Src/ili9341.o
 .debug_macro   0x00020690       0x82 ./Core/Src/ili9341.o
 .debug_macro   0x00020712      0x327 ./Core/Src/main.o
 .debug_macro   0x00020a39      0x190 ./Core/Src/main.o
 .debug_macro   0x00020bc9       0x5c ./Core/Src/main.o
 .debug_macro   0x00020c25       0x7c ./Core/Src/main.o
 .debug_macro   0x00020ca1       0xc4 ./Core/Src/main.o
 .debug_macro   0x00020d65       0x61 ./Core/Src/main.o
 .debug_macro   0x00020dc6       0x10 ./Core/Src/main.o
 .debug_macro   0x00020dd6      0x1e7 ./Core/Src/stm32f4xx_hal_msp.o
 .debug_macro   0x00020fbd      0x1f1 ./Core/Src/stm32f4xx_it.o
 .debug_macro   0x000211ae      0x1d8 ./Core/Src/system_stm32f4xx.o
 .debug_macro   0x00021386      0x238 ./Drivers/STM32F4xx_HAL_Driver/Src/stm32f4xx_hal.o
 .debug_macro   0x000215be      0x1d8 ./Drivers/STM32F4xx_HAL_Driver/Src/stm32f4xx_hal_cortex.o
 .debug_macro   0x00021796      0x1de ./Drivers/STM32F4xx_HAL_Driver/Src/stm32f4xx_hal_dma.o
 .debug_macro   0x00021974      0x1de ./Drivers/STM32F4xx_HAL_Driver/Src/stm32f4xx_hal_gpio.o
 .debug_macro   0x00021b52      0x1fc ./Drivers/STM32F4xx_HAL_Driver/Src/stm32f4xx_hal_rcc.o
 .debug_macro   0x00021d4e      0x1d8 ./Drivers/STM32F4xx_HAL_Driver/Src/stm32f4xx_hal_rcc_ex.o
 .debug_macro   0x00021f26      0x1e7 ./Drivers/STM32F4xx_HAL_Driver/Src/stm32f4xx_hal_spi.o
 .debug_macro   0x0002210d      0x1d9 ./Drivers/STM32F4xx_HAL_Driver/Src/stm32f4xx_hal_tim.o
 .debug_macro   0x000222e6      0x1d8 ./Drivers/STM32F4xx_HAL_Driver/Src/stm32f4xx_hal_tim_ex.o
 .debug_macro   0x000224be      0x1d9 ./Drivers/STM32F4xx_HAL_Driver/Src/stm32f4xx_hal_uart.o

.debug_line     0x00000000    0x128c4
 .debug_line    0x00000000      0x527 ./Core/Src/graficos.o
 .debug_line    0x00000527      0xe0a ./Core/Src/ili9341.o
 .debug_line    0x00001331     0x10a4 ./Core/Src/main.o
 .debug_line    0x000023d5      0x9a4 ./Core/Src/stm32f4xx_hal_msp.o
 .debug_line    0x00002d79      0x888 ./Core/Src/stm32f4xx_it.o
 .debug_line    0x00003601      0x7e6 ./Core/Src/system_stm32f4xx.o
 .debug_line    0x00003de7       0x7a ./Core/Startup/startup_stm32f446retx.o
 .debug_line    0x00003e61      0xa56 ./Drivers/STM32F4xx_HAL_Driver/Src/stm32f4xx_hal.o
 .debug_line    0x000048b7      0xd23 ./Drivers/STM32F4xx_HAL_Driver/Src/stm32f4xx_hal_cortex.o
 .debug_line    0x000055da      0xfbf ./Drivers/STM32F4xx_HAL_Driver/Src/stm32f4xx_hal_dma.o
 .debug_line    0x00006599      0xb94 ./Drivers/STM32F4xx_HAL_Driver/Src/stm32f4xx_hal_gpio.o
 .debug_line    0x0000712d      0xe6e ./Drivers/STM32F4xx_HAL_Driver/Src/stm32f4xx_hal_rcc.o
 .debug_line    0x00007f9b     0x151f ./Drivers/STM32F4xx_HAL_Driver/Src/stm32f4xx_hal_rcc_ex.o
 .debug_line    0x000094ba     0x1cee ./Drivers/STM32F4xx_HAL_Driver/Src/stm32f4xx_hal_spi.o
 .debug_line    0x0000b1a8     0x37ce ./Drivers/STM32F4xx_HAL_Driver/Src/stm32f4xx_hal_tim.o
 .debug_line    0x0000e976     0x19b3 ./Drivers/STM32F4xx_HAL_Driver/Src/stm32f4xx_hal_tim_ex.o
 .debug_line    0x00010329     0x259b ./Drivers/STM32F4xx_HAL_Driver/Src/stm32f4xx_hal_uart.o

.debug_str      0x00000000    0xd68d4
 .debug_str     0x00000000    0xd68d4 ./Core/Src/graficos.o
                               0x5d9d (size before relaxing)
 .debug_str     0x000d68d4    0xd2618 ./Core/Src/ili9341.o
 .debug_str     0x000d68d4    0xcfce2 ./Core/Src/main.o
 .debug_str     0x000d68d4    0xcbed3 ./Core/Src/stm32f4xx_hal_msp.o
 .debug_str     0x000d68d4    0xcb656 ./Core/Src/stm32f4xx_it.o
 .debug_str     0x000d68d4    0xcadc6 ./Core/Src/system_stm32f4xx.o
 .debug_str     0x000d68d4       0x79 ./Core/Startup/startup_stm32f446retx.o
 .debug_str     0x000d68d4    0xcb98b ./Drivers/STM32F4xx_HAL_Driver/Src/stm32f4xx_hal.o
 .debug_str     0x000d68d4    0xcb6e2 ./Drivers/STM32F4xx_HAL_Driver/Src/stm32f4xx_hal_cortex.o
 .debug_str     0x000d68d4    0xcb1bb ./Drivers/STM32F4xx_HAL_Driver/Src/stm32f4xx_hal_dma.o
 .debug_str     0x000d68d4    0xcaf41 ./Drivers/STM32F4xx_HAL_Driver/Src/stm32f4xx_hal_gpio.o
 .debug_str     0x000d68d4    0xcb1ff ./Drivers/STM32F4xx_HAL_Driver/Src/stm32f4xx_hal_rcc.o
 .debug_str     0x000d68d4    0xcb232 ./Drivers/STM32F4xx_HAL_Driver/Src/stm32f4xx_hal_rcc_ex.o
 .debug_str     0x000d68d4    0xcb65f ./Drivers/STM32F4xx_HAL_Driver/Src/stm32f4xx_hal_spi.o
 .debug_str     0x000d68d4    0xcc12b ./Drivers/STM32F4xx_HAL_Driver/Src/stm32f4xx_hal_tim.o
 .debug_str     0x000d68d4    0xcb937 ./Drivers/STM32F4xx_HAL_Driver/Src/stm32f4xx_hal_tim_ex.o
 .debug_str     0x000d68d4    0xcb7b6 ./Drivers/STM32F4xx_HAL_Driver/Src/stm32f4xx_hal_uart.o

.comment        0x00000000       0x43
 .comment       0x00000000       0x43 ./Core/Src/graficos.o
                                 0x44 (size before relaxing)
 .comment       0x00000043       0x44 ./Core/Src/ili9341.o
 .comment       0x00000043       0x44 ./Core/Src/main.o
 .comment       0x00000043       0x44 ./Core/Src/stm32f4xx_hal_msp.o
 .comment       0x00000043       0x44 ./Core/Src/stm32f4xx_it.o
 .comment       0x00000043       0x44 ./Core/Src/system_stm32f4xx.o
 .comment       0x00000043       0x44 ./Drivers/STM32F4xx_HAL_Driver/Src/stm32f4xx_hal.o
 .comment       0x00000043       0x44 ./Drivers/STM32F4xx_HAL_Driver/Src/stm32f4xx_hal_cortex.o
 .comment       0x00000043       0x44 ./Drivers/STM32F4xx_HAL_Driver/Src/stm32f4xx_hal_dma.o
 .comment       0x00000043       0x44 ./Drivers/STM32F4xx_HAL_Driver/Src/stm32f4xx_hal_gpio.o
 .comment       0x00000043       0x44 ./Drivers/STM32F4xx_HAL_Driver/Src/stm32f4xx_hal_rcc.o
 .comment       0x00000043       0x44 ./Drivers/STM32F4xx_HAL_Driver/Src/stm32f4xx_hal_rcc_ex.o
 .comment       0x00000043       0x44 ./Drivers/STM32F4xx_HAL_Driver/Src/stm32f4xx_hal_spi.o
 .comment       0x00000043       0x44 ./Drivers/STM32F4xx_HAL_Driver/Src/stm32f4xx_hal_tim.o
 .comment       0x00000043       0x44 ./Drivers/STM32F4xx_HAL_Driver/Src/stm32f4xx_hal_tim_ex.o
 .comment       0x00000043       0x44 ./Drivers/STM32F4xx_HAL_Driver/Src/stm32f4xx_hal_uart.o

.debug_rnglists
                0x00000000      0xc09
 .debug_rnglists
                0x00000000       0x62 ./Core/Src/ili9341.o
 .debug_rnglists
                0x00000062       0x67 ./Core/Src/main.o
 .debug_rnglists
                0x000000c9       0x40 ./Core/Src/stm32f4xx_hal_msp.o
 .debug_rnglists
                0x00000109       0x61 ./Core/Src/stm32f4xx_it.o
 .debug_rnglists
                0x0000016a       0x1a ./Core/Src/system_stm32f4xx.o
 .debug_rnglists
                0x00000184       0x19 ./Core/Startup/startup_stm32f446retx.o
 .debug_rnglists
                0x0000019d       0xaf ./Drivers/STM32F4xx_HAL_Driver/Src/stm32f4xx_hal.o
 .debug_rnglists
                0x0000024c       0xe0 ./Drivers/STM32F4xx_HAL_Driver/Src/stm32f4xx_hal_cortex.o
 .debug_rnglists
                0x0000032c       0x70 ./Drivers/STM32F4xx_HAL_Driver/Src/stm32f4xx_hal_dma.o
 .debug_rnglists
                0x0000039c       0x3f ./Drivers/STM32F4xx_HAL_Driver/Src/stm32f4xx_hal_gpio.o
 .debug_rnglists
                0x000003db       0x66 ./Drivers/STM32F4xx_HAL_Driver/Src/stm32f4xx_hal_rcc.o
 .debug_rnglists
                0x00000441       0x5e ./Drivers/STM32F4xx_HAL_Driver/Src/stm32f4xx_hal_rcc_ex.o
 .debug_rnglists
                0x0000049f      0x16f ./Drivers/STM32F4xx_HAL_Driver/Src/stm32f4xx_hal_spi.o
 .debug_rnglists
                0x0000060e      0x31a ./Drivers/STM32F4xx_HAL_Driver/Src/stm32f4xx_hal_tim.o
 .debug_rnglists
                0x00000928      0x125 ./Drivers/STM32F4xx_HAL_Driver/Src/stm32f4xx_hal_tim_ex.o
 .debug_rnglists
                0x00000a4d      0x1bc ./Drivers/STM32F4xx_HAL_Driver/Src/stm32f4xx_hal_uart.o

.debug_frame    0x00000000     0x3e18
 .debug_frame   0x00000000      0x1f0 ./Core/Src/ili9341.o
 .debug_frame   0x000001f0      0x1d4 ./Core/Src/main.o
 .debug_frame   0x000003c4      0x134 ./Core/Src/stm32f4xx_hal_msp.o
 .debug_frame   0x000004f8      0x184 ./Core/Src/stm32f4xx_it.o
 .debug_frame   0x0000067c       0x50 ./Core/Src/system_stm32f4xx.o
 .debug_frame   0x000006cc      0x31c ./Drivers/STM32F4xx_HAL_Driver/Src/stm32f4xx_hal.o
 .debug_frame   0x000009e8      0x4b8 ./Drivers/STM32F4xx_HAL_Driver/Src/stm32f4xx_hal_cortex.o
 .debug_frame   0x00000ea0      0x230 ./Drivers/STM32F4xx_HAL_Driver/Src/stm32f4xx_hal_dma.o
 .debug_frame   0x000010d0      0x130 ./Drivers/STM32F4xx_HAL_Driver/Src/stm32f4xx_hal_gpio.o
 .debug_frame   0x00001200      0x1d8 ./Drivers/STM32F4xx_HAL_Driver/Src/stm32f4xx_hal_rcc.o
 .debug_frame   0x000013d8      0x1d8 ./Drivers/STM32F4xx_HAL_Driver/Src/stm32f4xx_hal_rcc_ex.o
 .debug_frame   0x000015b0      0x7e0 ./Drivers/STM32F4xx_HAL_Driver/Src/stm32f4xx_hal_spi.o
 .debug_frame   0x00001d90     0x10f0 ./Drivers/STM32F4xx_HAL_Driver/Src/stm32f4xx_hal_tim.o
 .debug_frame   0x00002e80      0x600 ./Drivers/STM32F4xx_HAL_Driver/Src/stm32f4xx_hal_tim_ex.o
 .debug_frame   0x00003480      0x8ec ./Drivers/STM32F4xx_HAL_Driver/Src/stm32f4xx_hal_uart.o
 .debug_frame   0x00003d6c       0x20 C:/ST/STM32CubeIDE_2.1.0/STM32CubeIDE/plugins/com.st.stm32cube.ide.mcu.externaltools.gnu-tools-for-stm32.14.3.rel1.win32_1.0.100.202602081740/tools/bin/../lib/gcc/arm-none-eabi/14.3.1/../../../../arm-none-eabi/lib/thumb/v7e-m+fp/hard\libc_nano.a(libc_a-memset.o)
 .debug_frame   0x00003d8c       0x2c C:/ST/STM32CubeIDE_2.1.0/STM32CubeIDE/plugins/com.st.stm32cube.ide.mcu.externaltools.gnu-tools-for-stm32.14.3.rel1.win32_1.0.100.202602081740/tools/bin/../lib/gcc/arm-none-eabi/14.3.1/../../../../arm-none-eabi/lib/thumb/v7e-m+fp/hard\libc_nano.a(libc_a-init.o)
 .debug_frame   0x00003db8       0x2c C:/ST/STM32CubeIDE_2.1.0/STM32CubeIDE/plugins/com.st.stm32cube.ide.mcu.externaltools.gnu-tools-for-stm32.14.3.rel1.win32_1.0.100.202602081740/tools/bin/../lib/gcc/arm-none-eabi/14.3.1/thumb/v7e-m+fp/hard\libgcc.a(_aeabi_uldivmod.o)
 .debug_frame   0x00003de4       0x34 C:/ST/STM32CubeIDE_2.1.0/STM32CubeIDE/plugins/com.st.stm32cube.ide.mcu.externaltools.gnu-tools-for-stm32.14.3.rel1.win32_1.0.100.202602081740/tools/bin/../lib/gcc/arm-none-eabi/14.3.1/thumb/v7e-m+fp/hard\libgcc.a(_udivmoddi4.o)

.debug_line_str
                0x00000000       0x5d
 .debug_line_str
                0x00000000       0x5d ./Core/Startup/startup_stm32f446retx.o
