../Core/Src/main.c:116:6:Parking_DrawCar	4
../Core/Src/main.c:136:6:Parking_ClearCar	3
../Core/Src/main.c:151:6:Draw_Segment	8
../Core/Src/main.c:177:6:Draw_Display	3
../Core/Src/main.c:192:5:main	22
../Core/Src/main.c:365:6:SystemClock_Config	3
../Core/Src/main.c:413:13:MX_ADC1_Init	6
../Core/Src/main.c:492:13:MX_I2C1_Init	2
../Core/Src/main.c:526:13:MX_SPI1_Init	2
../Core/Src/main.c:564:13:MX_TIM1_Init	7
../Core/Src/main.c:639:13:MX_USART2_UART_Init	2
../Core/Src/main.c:670:13:MX_DMA_Init	1
../Core/Src/main.c:691:13:MX_GPIO_Init	1
../Core/Src/main.c:751:6:HAL_I2C_ListenCpltCallback	1
../Core/Src/main.c:754:6:HAL_I2C_AddrCallback	5
../Core/Src/main.c:766:6:HAL_I2C_SlaveRxCpltCallback	1
../Core/Src/main.c:771:6:HAL_I2C_ErrorCallback	2
../Core/Src/main.c:776:6:HAL_I2C_SlaveTxCpltCallback	1
../Core/Src/main.c:788:6:HAL_ADC_ConvCpltCallback	2
../Core/Src/main.c:801:6:Error_Handler	1
