../Core/Src/main.c:72:6:Display_Number	88	static
../Core/Src/main.c:114:5:main	8	static
../Core/Src/main.c:212:6:SystemClock_Config	88	static
../Core/Src/main.c:260:13:MX_ADC1_Init	24	static
../Core/Src/main.c:339:13:MX_I2C1_Init	8	static
../Core/Src/main.c:373:13:MX_USART2_UART_Init	8	static
../Core/Src/main.c:404:13:MX_DMA_Init	16	static
../Core/Src/main.c:422:13:MX_GPIO_Init	48	static
../Core/Src/main.c:477:6:HAL_I2C_ListenCpltCallback	16	static
../Core/Src/main.c:480:6:HAL_I2C_AddrCallback	16	static
../Core/Src/main.c:492:6:HAL_I2C_SlaveRxCpltCallback	16	static
../Core/Src/main.c:497:6:HAL_I2C_ErrorCallback	16	static
../Core/Src/main.c:502:6:HAL_I2C_SlaveTxCpltCallback	16	static
../Core/Src/main.c:514:6:HAL_ADC_ConvCpltCallback	16	static
../Core/Src/main.c:527:6:Error_Handler	4	static,ignoring_inline_asm
