Archive member included to satisfy reference by file (symbol)

C:/ST/STM32CubeIDE_2.1.0/STM32CubeIDE/plugins/com.st.stm32cube.ide.mcu.externaltools.gnu-tools-for-stm32.14.3.rel1.win32_1.0.100.202602081740/tools/bin/../lib/gcc/arm-none-eabi/14.3.1/../../../../arm-none-eabi/lib/thumb/v7e-m+fp/hard\libc_nano.a(libc_a-exit.o)
                              C:/ST/STM32CubeIDE_2.1.0/STM32CubeIDE/plugins/com.st.stm32cube.ide.mcu.externaltools.gnu-tools-for-stm32.14.3.rel1.win32_1.0.100.202602081740/tools/bin/../lib/gcc/arm-none-eabi/14.3.1/../../../../arm-none-eabi/lib/thumb/v7e-m+fp/hard/crt0.o (exit)
C:/ST/STM32CubeIDE_2.1.0/STM32CubeIDE/plugins/com.st.stm32cube.ide.mcu.externaltools.gnu-tools-for-stm32.14.3.rel1.win32_1.0.100.202602081740/tools/bin/../lib/gcc/arm-none-eabi/14.3.1/../../../../arm-none-eabi/lib/thumb/v7e-m+fp/hard\libc_nano.a(libc_a-strtol.o)
                              ./Core/Src/main.o (strtol)
C:/ST/STM32CubeIDE_2.1.0/STM32CubeIDE/plugins/com.st.stm32cube.ide.mcu.externaltools.gnu-tools-for-stm32.14.3.rel1.win32_1.0.100.202602081740/tools/bin/../lib/gcc/arm-none-eabi/14.3.1/../../../../arm-none-eabi/lib/thumb/v7e-m+fp/hard\libc_nano.a(libc_a-ctype_.o)
                              C:/ST/STM32CubeIDE_2.1.0/STM32CubeIDE/plugins/com.st.stm32cube.ide.mcu.externaltools.gnu-tools-for-stm32.14.3.rel1.win32_1.0.100.202602081740/tools/bin/../lib/gcc/arm-none-eabi/14.3.1/../../../../arm-none-eabi/lib/thumb/v7e-m+fp/hard\libc_nano.a(libc_a-strtol.o) (_ctype_)
C:/ST/STM32CubeIDE_2.1.0/STM32CubeIDE/plugins/com.st.stm32cube.ide.mcu.externaltools.gnu-tools-for-stm32.14.3.rel1.win32_1.0.100.202602081740/tools/bin/../lib/gcc/arm-none-eabi/14.3.1/../../../../arm-none-eabi/lib/thumb/v7e-m+fp/hard\libc_nano.a(libc_a-findfp.o)
                              C:/ST/STM32CubeIDE_2.1.0/STM32CubeIDE/plugins/com.st.stm32cube.ide.mcu.externaltools.gnu-tools-for-stm32.14.3.rel1.win32_1.0.100.202602081740/tools/bin/../lib/gcc/arm-none-eabi/14.3.1/../../../../arm-none-eabi/lib/thumb/v7e-m+fp/hard\libc_nano.a(libc_a-exit.o) (__stdio_exit_handler)
C:/ST/STM32CubeIDE_2.1.0/STM32CubeIDE/plugins/com.st.stm32cube.ide.mcu.externaltools.gnu-tools-for-stm32.14.3.rel1.win32_1.0.100.202602081740/tools/bin/../lib/gcc/arm-none-eabi/14.3.1/../../../../arm-none-eabi/lib/thumb/v7e-m+fp/hard\libc_nano.a(libc_a-fwalk.o)
                              C:/ST/STM32CubeIDE_2.1.0/STM32CubeIDE/plugins/com.st.stm32cube.ide.mcu.externaltools.gnu-tools-for-stm32.14.3.rel1.win32_1.0.100.202602081740/tools/bin/../lib/gcc/arm-none-eabi/14.3.1/../../../../arm-none-eabi/lib/thumb/v7e-m+fp/hard\libc_nano.a(libc_a-findfp.o) (_fwalk_sglue)
C:/ST/STM32CubeIDE_2.1.0/STM32CubeIDE/plugins/com.st.stm32cube.ide.mcu.externaltools.gnu-tools-for-stm32.14.3.rel1.win32_1.0.100.202602081740/tools/bin/../lib/gcc/arm-none-eabi/14.3.1/../../../../arm-none-eabi/lib/thumb/v7e-m+fp/hard\libc_nano.a(libc_a-sprintf.o)
                              ./Core/Src/fatfs_sd.o (sprintf)
C:/ST/STM32CubeIDE_2.1.0/STM32CubeIDE/plugins/com.st.stm32cube.ide.mcu.externaltools.gnu-tools-for-stm32.14.3.rel1.win32_1.0.100.202602081740/tools/bin/../lib/gcc/arm-none-eabi/14.3.1/../../../../arm-none-eabi/lib/thumb/v7e-m+fp/hard\libc_nano.a(libc_a-sscanf.o)
                              ./Core/Src/main.o (sscanf)
C:/ST/STM32CubeIDE_2.1.0/STM32CubeIDE/plugins/com.st.stm32cube.ide.mcu.externaltools.gnu-tools-for-stm32.14.3.rel1.win32_1.0.100.202602081740/tools/bin/../lib/gcc/arm-none-eabi/14.3.1/../../../../arm-none-eabi/lib/thumb/v7e-m+fp/hard\libc_nano.a(libc_a-stdio.o)
                              C:/ST/STM32CubeIDE_2.1.0/STM32CubeIDE/plugins/com.st.stm32cube.ide.mcu.externaltools.gnu-tools-for-stm32.14.3.rel1.win32_1.0.100.202602081740/tools/bin/../lib/gcc/arm-none-eabi/14.3.1/../../../../arm-none-eabi/lib/thumb/v7e-m+fp/hard\libc_nano.a(libc_a-findfp.o) (__sread)
C:/ST/STM32CubeIDE_2.1.0/STM32CubeIDE/plugins/com.st.stm32cube.ide.mcu.externaltools.gnu-tools-for-stm32.14.3.rel1.win32_1.0.100.202602081740/tools/bin/../lib/gcc/arm-none-eabi/14.3.1/../../../../arm-none-eabi/lib/thumb/v7e-m+fp/hard\libc_nano.a(libc_a-memset.o)
                              C:/ST/STM32CubeIDE_2.1.0/STM32CubeIDE/plugins/com.st.stm32cube.ide.mcu.externaltools.gnu-tools-for-stm32.14.3.rel1.win32_1.0.100.202602081740/tools/bin/../lib/gcc/arm-none-eabi/14.3.1/../../../../arm-none-eabi/lib/thumb/v7e-m+fp/hard/crt0.o (memset)
C:/ST/STM32CubeIDE_2.1.0/STM32CubeIDE/plugins/com.st.stm32cube.ide.mcu.externaltools.gnu-tools-for-stm32.14.3.rel1.win32_1.0.100.202602081740/tools/bin/../lib/gcc/arm-none-eabi/14.3.1/../../../../arm-none-eabi/lib/thumb/v7e-m+fp/hard\libc_nano.a(libc_a-closer.o)
                              C:/ST/STM32CubeIDE_2.1.0/STM32CubeIDE/plugins/com.st.stm32cube.ide.mcu.externaltools.gnu-tools-for-stm32.14.3.rel1.win32_1.0.100.202602081740/tools/bin/../lib/gcc/arm-none-eabi/14.3.1/../../../../arm-none-eabi/lib/thumb/v7e-m+fp/hard\libc_nano.a(libc_a-stdio.o) (_close_r)
[...]
Memory Configuration

Name             Origin             Length             Attributes
RAM              0x20000000         0x00020000         xrw
FLASH            0x08000000         0x00080000         xr
*default*        0x00000000         0xffffffff

Linker script and memory map

LOAD C:/ST/STM32CubeIDE_2.1.0/STM32CubeIDE/plugins/com.st.stm32cube.ide.mcu.externaltools.gnu-tools-for-stm32.14.3.rel1.win32_1.0.100.202602081740/tools/bin/../lib/gcc/arm-none-eabi/14.3.1/thumb/v7e-m+fp/hard/crti.o
LOAD C:/ST/STM32CubeIDE_2.1.0/STM32CubeIDE/plugins/com.st.stm32cube.ide.mcu.externaltools.gnu-tools-for-stm32.14.3.rel1.win32_1.0.100.202602081740/tools/bin/../lib/gcc/arm-none-eabi/14.3.1/thumb/v7e-m+fp/hard/crtbegin.o
LOAD C:/ST/STM32CubeIDE_2.1.0/STM32CubeIDE/plugins/com.st.stm32cube.ide.mcu.externaltools.gnu-tools-for-stm32.14.3.rel1.win32_1.0.100.202602081740/tools/bin/../lib/gcc/arm-none-eabi/14.3.1/../../../../arm-none-eabi/lib/thumb/v7e-m+fp/hard/crt0.o
LOAD ./Core/Src/fatfs_sd.o
LOAD ./Core/Src/font.o
LOAD ./Core/Src/graficos.o
LOAD ./Core/Src/ili9341.o
LOAD ./Core/Src/main.o
LOAD ./Core/Src/stm32f4xx_hal_msp.o
LOAD ./Core/Src/stm32f4xx_it.o
LOAD ./Core/Src/syscalls.o
LOAD ./Core/Src/sysmem.o
LOAD ./Core/Src/system_stm32f4xx.o
LOAD ./Core/Startup/startup_stm32f446retx.o
LOAD ./Drivers/STM32F4xx_HAL_Driver/Src/stm32f4xx_hal.o
LOAD ./Drivers/STM32F4xx_HAL_Driver/Src/stm32f4xx_hal_cortex.o
LOAD ./Drivers/STM32F4xx_HAL_Driver/Src/stm32f4xx_hal_dma.o
LOAD ./Drivers/STM32F4xx_HAL_Driver/Src/stm32f4xx_hal_dma_ex.o
LOAD ./Drivers/STM32F4xx_HAL_Driver/Src/stm32f4xx_hal_exti.o
LOAD ./Drivers/STM32F4xx_HAL_Driver/Src/stm32f4xx_hal_flash.o
LOAD ./Drivers/STM32F4xx_HAL_Driver/Src/stm32f4xx_hal_flash_ex.o
LOAD ./Drivers/STM32F4xx_HAL_Driver/Src/stm32f4xx_hal_flash_ramfunc.o
LOAD ./Drivers/STM32F4xx_HAL_Driver/Src/stm32f4xx_hal_gpio.o
LOAD ./Drivers/STM32F4xx_HAL_Driver/Src/stm32f4xx_hal_pwr.o
LOAD ./Drivers/STM32F4xx_HAL_Driver/Src/stm32f4xx_hal_pwr_ex.o
LOAD ./Drivers/STM32F4xx_HAL_Driver/Src/stm32f4xx_hal_rcc.o
LOAD ./Drivers/STM32F4xx_HAL_Driver/Src/stm32f4xx_hal_rcc_ex.o
LOAD ./Drivers/STM32F4xx_HAL_Driver/Src/stm32f4xx_hal_spi.o
LOAD ./Drivers/STM32F4xx_HAL_Driver/Src/stm32f4xx_hal_tim.o
LOAD ./Drivers/STM32F4xx_HAL_Driver/Src/stm32f4xx_hal_tim_ex.o
LOAD ./Drivers/STM32F4xx_HAL_Driver/Src/stm32f4xx_hal_uart.o
LOAD ./FATFS/App/fatfs.o
LOAD ./FATFS/Target/user_diskio.o
LOAD ./Middlewares/Third_Party/FatFs/src/diskio.o
LOAD ./Middlewares/Third_Party/FatFs/src/ff.o
LOAD ./Middlewares/Third_Party/FatFs/src/ff_gen_drv.o
LOAD ./Middlewares/Third_Party/FatFs/src/option/ccsbcs.o
LOAD ./Middlewares/Third_Party/FatFs/src/option/syscall.o
START GROUP
LOAD C:/ST/STM32CubeIDE_2.1.0/STM32CubeIDE/plugins/com.st.stm32cube.ide.mcu.externaltools.gnu-tools-for-stm32.14.3.rel1.win32_1.0.100.202602081740/tools/bin/../lib/gcc/arm-none-eabi/14.3.1/../../../../arm-none-eabi/lib/thumb/v7e-m+fp/hard\libc_nano.a
LOAD C:/ST/STM32CubeIDE_2.1.0/STM32CubeIDE/plugins/com.st.stm32cube.ide.mcu.externaltools.gnu-tools-for-stm32.14.3.rel1.win32_1.0.100.202602081740/tools/bin/../lib/gcc/arm-none-eabi/14.3.1/../../../../arm-none-eabi/lib/thumb/v7e-m+fp/hard\libm.a
END GROUP
START GROUP
LOAD C:/ST/STM32CubeIDE_2.1.0/STM32CubeIDE/plugins/com.st.stm32cube.ide.mcu.externaltools.gnu-tools-for-stm32.14.3.rel1.win32_1.0.100.202602081740/tools/bin/../lib/gcc/arm-none-eabi/14.3.1/thumb/v7e-m+fp/hard\libgcc.a
LOAD C:/ST/STM32CubeIDE_2.1.0/STM32CubeIDE/plugins/com.st.stm32cube.ide.mcu.externaltools.gnu-tools-for-stm32.14.3.rel1.win32_1.0.100.202602081740/tools/bin/../lib/gcc/arm-none-eabi/14.3.1/../../../../arm-none-eabi/lib/thumb/v7e-m+fp/hard\libc_nano.a
END GROUP
START GROUP
LOAD C:/ST/STM32CubeIDE_2.1.0/STM32CubeIDE/plugins/com.st.stm32cube.ide.mcu.externaltools.gnu-tools-for-stm32.14.3.rel1.win32_1.0.100.202602081740/tools/bin/../lib/gcc/arm-none-eabi/14.3.1/thumb/v7e-m+fp/hard\libgcc.a
LOAD C:/ST/STM32CubeIDE_2.1.0/STM32CubeIDE/plugins/com.st.stm32cube.ide.mcu.externaltools.gnu-tools-for-stm32.14.3.rel1.win32_1.0.100.202602081740/tools/bin/../lib/gcc/arm-none-eabi/14.3.1/../../../../arm-none-eabi/lib/thumb/v7e-m+fp/hard\libc_nano.a
LOAD C:/ST/STM32CubeIDE_2.1.0/STM32CubeIDE/plugins/com.st.stm32cube.ide.mcu.externaltools.gnu-tools-for-stm32.14.3.rel1.win32_1.0.100.202602081740/tools/bin/../lib/gcc/arm-none-eabi/14.3.1/../../../../arm-none-eabi/lib/thumb/v7e-m+fp/hard\libnosys.a
END GROUP
START GROUP
LOAD C:/ST/STM32CubeIDE_2.1.0/STM32CubeIDE/plugins/com.st.stm32cube.ide.mcu.externaltools.gnu-tools-for-stm32.14.3.rel1.win32_1.0.100.202602081740/tools/bin/../lib/gcc/arm-none-eabi/14.3.1/thumb/v7e-m+fp/hard\libgcc.a
LOAD C:/ST/STM32CubeIDE_2.1.0/STM32CubeIDE/plugins/com.st.stm32cube.ide.mcu.externaltools.gnu-tools-for-stm32.14.3.rel1.win32_1.0.100.202602081740/tools/bin/../lib/gcc/arm-none-eabi/14.3.1/../../../../arm-none-eabi/lib/thumb/v7e-m+fp/hard\libc_nano.a
LOAD C:/ST/STM32CubeIDE_2.1.0/STM32CubeIDE/plugins/com.st.stm32cube.ide.mcu.externaltools.gnu-tools-for-stm32.14.3.rel1.win32_1.0.100.202602081740/tools/bin/../lib/gcc/arm-none-eabi/14.3.1/../../../../arm-none-eabi/lib/thumb/v7e-m+fp/hard\libnosys.a
END GROUP
LOAD C:/ST/STM32CubeIDE_2.1.0/STM32CubeIDE/plugins/com.st.stm32cube.ide.mcu.externaltools.gnu-tools-for-stm32.14.3.rel1.win32_1.0.100.202602081740/tools/bin/../lib/gcc/arm-none-eabi/14.3.1/thumb/v7e-m+fp/hard/crtend.o
LOAD C:/ST/STM32CubeIDE_2.1.0/STM32CubeIDE/plugins/com.st.stm32cube.ide.mcu.externaltools.gnu-tools-for-stm32.14.3.rel1.win32_1.0.100.202602081740/tools/bin/../lib/gcc/arm-none-eabi/14.3.1/thumb/v7e-m+fp/hard/crtn.o
                0x20020000                        _estack = (ORIGIN (RAM) + LENGTH (RAM))
                0x00000200                        _Min_Heap_Size = 0x200
                0x00000400                        _Min_Stack_Size = 0x400

.isr_vector     0x08000000      0x1c4
                0x08000000                        . = ALIGN (0x4)
 *(.isr_vector)
 .isr_vector    0x08000000      0x1c4 ./Core/Startup/startup_stm32f446retx.o
                0x08000000                g_pfnVectors
                0x080001c4                        . = ALIGN (0x4)

.text           0x080001d0     0xe714
                0x080001d0                        . = ALIGN (0x4)
 *(.text)
 .text          0x080001d0       0x40 C:/ST/STM32CubeIDE_2.1.0/STM32CubeIDE/plugins/com.st.stm32cube.ide.mcu.externaltools.gnu-tools-for-stm32.14.3.rel1.win32_1.0.100.202602081740/tools/bin/../lib/gcc/arm-none-eabi/14.3.1/thumb/v7e-m+fp/hard/crtbegin.o
 .text          0x08000210       0x10 C:/ST/STM32CubeIDE_2.1.0/STM32CubeIDE/plugins/com.st.stm32cube.ide.mcu.externaltools.gnu-tools-for-stm32.14.3.rel1.win32_1.0.100.202602081740/tools/bin/../lib/gcc/arm-none-eabi/14.3.1/../../../../arm-none-eabi/lib/thumb/v7e-m+fp/hard\libc_nano.a(libc_a-strlen.o)
                0x08000210                strlen
 .text          0x08000220       0xa0 C:/ST/STM32CubeIDE_2.1.0/STM32CubeIDE/plugins/com.st.stm32cube.ide.mcu.externaltools.gnu-tools-for-stm32.14.3.rel1.win32_1.0.100.202602081740/tools/bin/../lib/gcc/arm-none-eabi/14.3.1/../../../../arm-none-eabi/lib/thumb/v7e-m+fp/hard\libc_nano.a(libc_a-memchr.o)
                0x08000220                memchr
 .text          0x080002c0       0x30 C:/ST/STM32CubeIDE_2.1.0/STM32CubeIDE/plugins/com.st.stm32cube.ide.mcu.externaltools.gnu-tools-for-stm32.14.3.rel1.win32_1.0.100.202602081740/tools/bin/../lib/gcc/arm-none-eabi/14.3.1/thumb/v7e-m+fp/hard\libgcc.a(_aeabi_uldivmod.o)
                0x080002c0                __aeabi_uldivmod
 .text          0x080002f0      0x2f8 C:/ST/STM32CubeIDE_2.1.0/STM32CubeIDE/plugins/com.st.stm32cube.ide.mcu.externaltools.gnu-tools-for-stm32.14.3.rel1.win32_1.0.100.202602081740/tools/bin/../lib/gcc/arm-none-eabi/14.3.1/thumb/v7e-m+fp/hard\libgcc.a(_udivmoddi4.o)
                0x080002f0                __udivmoddi4
 .text          0x080005e8        0x4 C:/ST/STM32CubeIDE_2.1.0/STM32CubeIDE/plugins/com.st.stm32cube.ide.mcu.externaltools.gnu-tools-for-stm32.14.3.rel1.win32_1.0.100.202602081740/tools/bin/../lib/gcc/arm-none-eabi/14.3.1/thumb/v7e-m+fp/hard\libgcc.a(_dvmd_tls.o)
                0x080005e8                __aeabi_idiv0
                0x080005e8                __aeabi_ldiv0
 *(.text*)
 .text.SELECT   0x080005ec       0x1c ./Core/Src/fatfs_sd.o
 .text.DESELECT
                0x08000608       0x1c ./Core/Src/fatfs_sd.o
 .text.SPI_TxByte
                0x08000624       0x34 ./Core/Src/fatfs_sd.o
 .text.SPI_TxBuffer
                0x08000658       0x34 ./Core/Src/fatfs_sd.o
 .text.SPI_RxByte
                0x0800068c       0x38 ./Core/Src/fatfs_sd.o
 .text.SPI_RxBytePtr
                0x080006c4       0x1c ./Core/Src/fatfs_sd.o
 .text.SD_ReadyWait
                0x080006e0       0x34 ./Core/Src/fatfs_sd.o
 .text.SD_PowerOn
                0x08000714       0x84 ./Core/Src/fatfs_sd.o
 .text.SD_PowerOff
                0x08000798       0x18 ./Core/Src/fatfs_sd.o
 .text.SD_CheckPower
                0x080007b0       0x18 ./Core/Src/fatfs_sd.o
 .text.SD_RxDataBlock
                0x080007c8       0x60 ./Core/Src/fatfs_sd.o
 .text.SD_TxDataBlock
                0x08000828       0xa0 ./Core/Src/fatfs_sd.o
 .text.SD_SendCmd
                0x080008c8       0xa8 ./Core/Src/fatfs_sd.o
 .text.SD_disk_initialize
                0x08000970      0x23c ./Core/Src/fatfs_sd.o
                0x08000970                SD_disk_initialize
 .text.SD_disk_status
                0x08000bac       0x2c ./Core/Src/fatfs_sd.o
                0x08000bac                SD_disk_status
 .text.SD_disk_read
                0x08000bd8       0xd4 ./Core/Src/fatfs_sd.o
                0x08000bd8                SD_disk_read
 .text.SD_disk_write
                0x08000cac      0x108 ./Core/Src/fatfs_sd.o
                0x08000cac                SD_disk_write
 .text.SD_disk_ioctl
                0x08000db4      0x25c ./Core/Src/fatfs_sd.o
                0x08000db4                SD_disk_ioctl
 .text.LCD_Init
                0x08001010      0x1f8 ./Core/Src/ili9341.o
                0x08001010                LCD_Init
 .text.LCD_CMD  0x08001208       0x68 ./Core/Src/ili9341.o
                0x08001208                LCD_CMD
 .text.LCD_DATA
                0x08001270       0x40 ./Core/Src/ili9341.o
                0x08001270                LCD_DATA
 .text.SetWindows
                0x080012b0       0x80 ./Core/Src/ili9341.o
                0x080012b0                SetWindows
 .text.LCD_Clear
                0x08001330       0x78 ./Core/Src/ili9341.o
                0x08001330                LCD_Clear
 .text.H_line   0x080013a8       0x74 ./Core/Src/ili9341.o
                0x080013a8                H_line
 .text.V_line   0x0800141c       0x74 ./Core/Src/ili9341.o
                0x0800141c                V_line
 .text.LCD_Print
                0x08001490      0x1d0 ./Core/Src/ili9341.o
                0x08001490                LCD_Print
 .text.LCD_Bitmap
                0x08001660       0x90 ./Core/Src/ili9341.o
                0x08001660                LCD_Bitmap
 .text.LCD_Sprite
                0x080016f0      0x14c ./Core/Src/ili9341.o
                0x080016f0                LCD_Sprite
 .text.transmit_uart
                0x0800183c       0x2c ./Core/Src/main.o
                0x0800183c                transmit_uart
 .text.guardar_highscore
                0x08001868      0x228 ./Core/Src/main.o
                0x08001868                guardar_highscore
 .text.cargar_highscore
                0x08001a90      0x208 ./Core/Src/main.o
                0x08001a90                cargar_highscore
 .text.load_and_draw_image_from_sd
                0x08001c98      0x430 ./Core/Src/main.o
                0x08001c98                load_and_draw_image_from_sd
 .text.restartRace
                0x080020c8       0xf4 ./Core/Src/main.o
                0x080020c8                restartRace
 .text.check_collision
                0x080021bc       0x5e ./Core/Src/main.o
                0x080021bc                check_collision
 *fill*         0x0800221a        0x2 
 .text.main     0x0800221c     0x1db0 ./Core/Src/main.o
                0x0800221c                main
 .text.SystemClock_Config
                0x08003fcc       0xdc ./Core/Src/main.o
                0x08003fcc                SystemClock_Config
 .text.MX_SPI1_Init
                0x080040a8       0x6c ./Core/Src/main.o
 .text.MX_SPI2_Init
                0x08004114       0x6c ./Core/Src/main.o
 .text.MX_TIM1_Init
                0x08004180      0x140 ./Core/Src/main.o
 .text.MX_TIM2_Init
                0x080042c0       0x98 ./Core/Src/main.o
 .text.MX_TIM6_Init
                0x08004358       0x6c ./Core/Src/main.o
 .text.MX_UART5_Init
                0x080043c4       0x54 ./Core/Src/main.o
 .text.MX_USART2_UART_Init
                0x08004418       0x54 ./Core/Src/main.o
 .text.MX_USART3_UART_Init
                0x0800446c       0x54 ./Core/Src/main.o
 .text.MX_USART6_UART_Init
                0x080044c0       0x54 ./Core/Src/main.o
 .text.MX_DMA_Init
                0x08004514       0x6c ./Core/Src/main.o
 .text.MX_GPIO_Init
                0x08004580      0x154 ./Core/Src/main.o
 .text.HAL_TIM_PeriodElapsedCallback
                0x080046d4      0x124 ./Core/Src/main.o
                0x080046d4                HAL_TIM_PeriodElapsedCallback
 .text.HAL_UART_RxCpltCallback
                0x080047f8      0x220 ./Core/Src/main.o
                0x080047f8                HAL_UART_RxCpltCallback
 .text.Error_Handler
                0x08004a18        0xc ./Core/Src/main.o
                0x08004a18                Error_Handler
 .text.HAL_MspInit
                0x08004a24       0x50 ./Core/Src/stm32f4xx_hal_msp.o
                0x08004a24                HAL_MspInit
 .text.HAL_SPI_MspInit
                0x08004a74      0x14c ./Core/Src/stm32f4xx_hal_msp.o
                0x08004a74                HAL_SPI_MspInit
 .text.HAL_TIM_Base_MspInit
                0x08004bc0       0xb4 ./Core/Src/stm32f4xx_hal_msp.o
                0x08004bc0                HAL_TIM_Base_MspInit
 .text.HAL_TIM_MspPostInit
                0x08004c74       0x74 ./Core/Src/stm32f4xx_hal_msp.o
                0x08004c74                HAL_TIM_MspPostInit
 .text.HAL_UART_MspInit
                0x08004ce8      0x344 ./Core/Src/stm32f4xx_hal_msp.o
                0x08004ce8                HAL_UART_MspInit
 .text.NMI_Handler
                0x0800502c        0x8 ./Core/Src/stm32f4xx_it.o
                0x0800502c                NMI_Handler
 .text.HardFault_Handler
                0x08005034        0x8 ./Core/Src/stm32f4xx_it.o
                0x08005034                HardFault_Handler
 .text.MemManage_Handler
                0x0800503c        0x8 ./Core/Src/stm32f4xx_it.o
                0x0800503c                MemManage_Handler
 .text.BusFault_Handler
                0x08005044        0x8 ./Core/Src/stm32f4xx_it.o
                0x08005044                BusFault_Handler
 .text.UsageFault_Handler
                0x0800504c        0x8 ./Core/Src/stm32f4xx_it.o
                0x0800504c                UsageFault_Handler
 .text.SVC_Handler
                0x08005054        0xe ./Core/Src/stm32f4xx_it.o
                0x08005054                SVC_Handler
 .text.DebugMon_Handler
                0x08005062        0xe ./Core/Src/stm32f4xx_it.o
                0x08005062                DebugMon_Handler
 .text.PendSV_Handler
                0x08005070        0xe ./Core/Src/stm32f4xx_it.o
                0x08005070                PendSV_Handler
 *fill*         0x0800507e        0x2 
 .text.SysTick_Handler
                0x08005080       0x40 ./Core/Src/stm32f4xx_it.o
                0x08005080                SysTick_Handler
 .text.DMA1_Stream1_IRQHandler
                0x080050c0       0x14 ./Core/Src/stm32f4xx_it.o
                0x080050c0                DMA1_Stream1_IRQHandler
 .text.TIM2_IRQHandler
                0x080050d4       0x14 ./Core/Src/stm32f4xx_it.o
                0x080050d4                TIM2_IRQHandler
 .text.SPI2_IRQHandler
                0x080050e8       0x14 ./Core/Src/stm32f4xx_it.o
                0x080050e8                SPI2_IRQHandler
 .text.USART3_IRQHandler
                0x080050fc       0x14 ./Core/Src/stm32f4xx_it.o
                0x080050fc                USART3_IRQHandler
 .text.TIM6_DAC_IRQHandler
                0x08005110       0x14 ./Core/Src/stm32f4xx_it.o
                0x08005110                TIM6_DAC_IRQHandler
 .text.DMA2_Stream1_IRQHandler
                0x08005124       0x14 ./Core/Src/stm32f4xx_it.o
                0x08005124                DMA2_Stream1_IRQHandler
 .text.USART6_IRQHandler
                0x08005138       0x14 ./Core/Src/stm32f4xx_it.o
                0x08005138                USART6_IRQHandler
 .text._sbrk    0x0800514c       0x6c ./Core/Src/sysmem.o
                0x0800514c                _sbrk
 .text.SystemInit
                0x080051b8       0x24 ./Core/Src/system_stm32f4xx.o
                0x080051b8                SystemInit
 .text.Reset_Handler
                0x080051dc       0x50 ./Core/Startup/startup_stm32f446retx.o
                0x080051dc                Reset_Handler
 .text.Default_Handler
                0x0800522c        0x2 ./Core/Startup/startup_stm32f446retx.o
                0x0800522c                RTC_Alarm_IRQHandler
                0x0800522c                EXTI2_IRQHandler
                0x0800522c                TIM8_CC_IRQHandler
                0x0800522c                FMPI2C1_EV_IRQHandler
                0x0800522c                SPI4_IRQHandler
                0x0800522c                TIM1_CC_IRQHandler
                0x0800522c                DMA2_Stream5_IRQHandler
                0x0800522c                DMA1_Stream5_IRQHandler
                0x0800522c                PVD_IRQHandler
                0x0800522c                SDIO_IRQHandler
                0x0800522c                TAMP_STAMP_IRQHandler
                0x0800522c                CAN2_RX1_IRQHandler
                0x0800522c                EXTI3_IRQHandler
                0x0800522c                TIM8_TRG_COM_TIM14_IRQHandler
                0x0800522c                TIM1_UP_TIM10_IRQHandler
                0x0800522c                TIM8_UP_TIM13_IRQHandler
                0x0800522c                I2C3_ER_IRQHandler
                0x0800522c                EXTI0_IRQHandler
                0x0800522c                I2C2_EV_IRQHandler
                0x0800522c                DMA1_Stream2_IRQHandler
                0x0800522c                CAN1_RX0_IRQHandler
                0x0800522c                FPU_IRQHandler
                0x0800522c                OTG_HS_WKUP_IRQHandler
                0x0800522c                CAN2_SCE_IRQHandler
                0x0800522c                DMA2_Stream2_IRQHandler
                0x0800522c                SPI1_IRQHandler
                0x0800522c                TIM1_BRK_TIM9_IRQHandler
                0x0800522c                DCMI_IRQHandler
                0x0800522c                CAN2_RX0_IRQHandler
                0x0800522c                DMA2_Stream3_IRQHandler
                0x0800522c                SAI2_IRQHandler
                0x0800522c                CAN1_RX1_IRQHandler
                0x0800522c                UART5_IRQHandler
                0x0800522c                DMA2_Stream0_IRQHandler
                0x0800522c                TIM4_IRQHandler
                0x0800522c                QUADSPI_IRQHandler
                0x0800522c                I2C1_EV_IRQHandler
                0x0800522c                DMA1_Stream6_IRQHandler
                0x0800522c                UART4_IRQHandler
                0x0800522c                TIM3_IRQHandler
                0x0800522c                RCC_IRQHandler
                0x0800522c                TIM8_BRK_TIM12_IRQHandler
                0x0800522c                Default_Handler
                0x0800522c                CEC_IRQHandler
                0x0800522c                EXTI15_10_IRQHandler
                0x0800522c                ADC_IRQHandler
                0x0800522c                DMA1_Stream7_IRQHandler
                0x0800522c                TIM7_IRQHandler
                0x0800522c                CAN2_TX_IRQHandler
                0x0800522c                TIM5_IRQHandler
                0x0800522c                DMA2_Stream7_IRQHandler
                0x0800522c                I2C3_EV_IRQHandler
                0x0800522c                EXTI9_5_IRQHandler
                0x0800522c                RTC_WKUP_IRQHandler
                0x0800522c                SPDIF_RX_IRQHandler
                0x0800522c                OTG_HS_EP1_IN_IRQHandler
                0x0800522c                DMA1_Stream0_IRQHandler
                0x0800522c                CAN1_TX_IRQHandler
                0x0800522c                FMPI2C1_ER_IRQHandler
                0x0800522c                EXTI4_IRQHandler
                0x0800522c                OTG_HS_EP1_OUT_IRQHandler
                0x0800522c                WWDG_IRQHandler
                0x0800522c                OTG_FS_WKUP_IRQHandler
                0x0800522c                TIM1_TRG_COM_TIM11_IRQHandler
                0x0800522c                OTG_HS_IRQHandler
                0x0800522c                EXTI1_IRQHandler
                0x0800522c                USART2_IRQHandler
                0x0800522c                I2C2_ER_IRQHandler
                0x0800522c                CAN1_SCE_IRQHandler
                0x0800522c                FLASH_IRQHandler
                0x0800522c                DMA2_Stream4_IRQHandler
                0x0800522c                USART1_IRQHandler
                0x0800522c                OTG_FS_IRQHandler
                0x0800522c                SPI3_IRQHandler
                0x0800522c                DMA1_Stream4_IRQHandler
                0x0800522c                I2C1_ER_IRQHandler
                0x0800522c                FMC_IRQHandler
                0x0800522c                DMA2_Stream6_IRQHandler
                0x0800522c                SAI1_IRQHandler
                0x0800522c                DMA1_Stream3_IRQHandler
 *fill*         0x0800522e        0x2 
 .text.HAL_Init
                0x08005230       0x44 ./Drivers/STM32F4xx_HAL_Driver/Src/stm32f4xx_hal.o
                0x08005230                HAL_Init
 .text.HAL_InitTick
                0x08005274       0x60 ./Drivers/STM32F4xx_HAL_Driver/Src/stm32f4xx_hal.o
                0x08005274                HAL_InitTick
 .text.HAL_IncTick
                0x080052d4       0x28 ./Drivers/STM32F4xx_HAL_Driver/Src/stm32f4xx_hal.o
                0x080052d4                HAL_IncTick
 .text.HAL_GetTick
                0x080052fc       0x18 ./Drivers/STM32F4xx_HAL_Driver/Src/stm32f4xx_hal.o
                0x080052fc                HAL_GetTick
 .text.HAL_Delay
                0x08005314       0x48 ./Drivers/STM32F4xx_HAL_Driver/Src/stm32f4xx_hal.o
                0x08005314                HAL_Delay
 .text.__NVIC_SetPriorityGrouping
                0x0800535c       0x48 ./Drivers/STM32F4xx_HAL_Driver/Src/stm32f4xx_hal_cortex.o
 .text.__NVIC_GetPriorityGrouping
                0x080053a4       0x1c ./Drivers/STM32F4xx_HAL_Driver/Src/stm32f4xx_hal_cortex.o
 .text.__NVIC_EnableIRQ
                0x080053c0       0x3c ./Drivers/STM32F4xx_HAL_Driver/Src/stm32f4xx_hal_cortex.o
 .text.__NVIC_SetPriority
                0x080053fc       0x54 ./Drivers/STM32F4xx_HAL_Driver/Src/stm32f4xx_hal_cortex.o
 .text.NVIC_EncodePriority
                0x08005450       0x66 ./Drivers/STM32F4xx_HAL_Driver/Src/stm32f4xx_hal_cortex.o
 *fill*         0x080054b6        0x2 
 .text.SysTick_Config
                0x080054b8       0x44 ./Drivers/STM32F4xx_HAL_Driver/Src/stm32f4xx_hal_cortex.o
 .text.HAL_NVIC_SetPriorityGrouping
                0x080054fc       0x16 ./Drivers/STM32F4xx_HAL_Driver/Src/stm32f4xx_hal_cortex.o
                0x080054fc                HAL_NVIC_SetPriorityGrouping
 .text.HAL_NVIC_SetPriority
                0x08005512       0x38 ./Drivers/STM32F4xx_HAL_Driver/Src/stm32f4xx_hal_cortex.o
                0x08005512                HAL_NVIC_SetPriority
 .text.HAL_NVIC_EnableIRQ
                0x0800554a       0x1c ./Drivers/STM32F4xx_HAL_Driver/Src/stm32f4xx_hal_cortex.o
                0x0800554a                HAL_NVIC_EnableIRQ
 .text.HAL_SYSTICK_Config
                0x08005566       0x18 ./Drivers/STM32F4xx_HAL_Driver/Src/stm32f4xx_hal_cortex.o
                0x08005566                HAL_SYSTICK_Config
 .text.HAL_SYSTICK_IRQHandler
                0x0800557e        0xc ./Drivers/STM32F4xx_HAL_Driver/Src/stm32f4xx_hal_cortex.o
                0x0800557e                HAL_SYSTICK_IRQHandler
 .text.HAL_SYSTICK_Callback
                0x0800558a        0xe ./Drivers/STM32F4xx_HAL_Driver/Src/stm32f4xx_hal_cortex.o
                0x0800558a                HAL_SYSTICK_Callback
 .text.HAL_DMA_Init
                0x08005598      0x15c ./Drivers/STM32F4xx_HAL_Driver/Src/stm32f4xx_hal_dma.o
                0x08005598                HAL_DMA_Init
 .text.HAL_DMA_Start_IT
                0x080056f4       0xb0 ./Drivers/STM32F4xx_HAL_Driver/Src/stm32f4xx_hal_dma.o
                0x080056f4                HAL_DMA_Start_IT
 .text.HAL_DMA_Abort
                0x080057a4       0xe0 ./Drivers/STM32F4xx_HAL_Driver/Src/stm32f4xx_hal_dma.o
                0x080057a4                HAL_DMA_Abort
 .text.HAL_DMA_Abort_IT
                0x08005884       0x44 ./Drivers/STM32F4xx_HAL_Driver/Src/stm32f4xx_hal_dma.o
                0x08005884                HAL_DMA_Abort_IT
 .text.HAL_DMA_IRQHandler
                0x080058c8      0x314 ./Drivers/STM32F4xx_HAL_Driver/Src/stm32f4xx_hal_dma.o
                0x080058c8                HAL_DMA_IRQHandler
 .text.DMA_SetConfig
                0x08005bdc       0x5c ./Drivers/STM32F4xx_HAL_Driver/Src/stm32f4xx_hal_dma.o
 .text.DMA_CalcBaseAndBitshift
                0x08005c38       0x6c ./Drivers/STM32F4xx_HAL_Driver/Src/stm32f4xx_hal_dma.o
 .text.DMA_CheckFifoParam
                0x08005ca4       0xf8 ./Drivers/STM32F4xx_HAL_Driver/Src/stm32f4xx_hal_dma.o
 .text.HAL_GPIO_Init
                0x08005d9c      0x328 ./Drivers/STM32F4xx_HAL_Driver/Src/stm32f4xx_hal_gpio.o
                0x08005d9c                HAL_GPIO_Init
 .text.HAL_GPIO_WritePin
                0x080060c4       0x32 ./Drivers/STM32F4xx_HAL_Driver/Src/stm32f4xx_hal_gpio.o
                0x080060c4                HAL_GPIO_WritePin
 *fill*         0x080060f6        0x2 
 .text.HAL_RCC_ClockConfig
                0x080060f8      0x1cc ./Drivers/STM32F4xx_HAL_Driver/Src/stm32f4xx_hal_rcc.o
                0x080060f8                HAL_RCC_ClockConfig
 .text.HAL_RCC_GetHCLKFreq
                0x080062c4       0x18 ./Drivers/STM32F4xx_HAL_Driver/Src/stm32f4xx_hal_rcc.o
                0x080062c4                HAL_RCC_GetHCLKFreq
 .text.HAL_RCC_GetPCLK1Freq
                0x080062dc       0x28 ./Drivers/STM32F4xx_HAL_Driver/Src/stm32f4xx_hal_rcc.o
                0x080062dc                HAL_RCC_GetPCLK1Freq
 .text.HAL_RCC_GetPCLK2Freq
                0x08006304       0x28 ./Drivers/STM32F4xx_HAL_Driver/Src/stm32f4xx_hal_rcc.o
                0x08006304                HAL_RCC_GetPCLK2Freq
 .text.HAL_RCC_GetSysClockFreq
                0x0800632c      0x460 ./Drivers/STM32F4xx_HAL_Driver/Src/stm32f4xx_hal_rcc_ex.o
                0x0800632c                HAL_RCC_GetSysClockFreq
 .text.HAL_RCC_OscConfig
                0x0800678c      0x53c ./Drivers/STM32F4xx_HAL_Driver/Src/stm32f4xx_hal_rcc_ex.o
                0x0800678c                HAL_RCC_OscConfig
 .text.HAL_SPI_Init
                0x08006cc8      0x112 ./Drivers/STM32F4xx_HAL_Driver/Src/stm32f4xx_hal_spi.o
                0x08006cc8                HAL_SPI_Init
 .text.HAL_SPI_Transmit
                0x08006dda      0x288 ./Drivers/STM32F4xx_HAL_Driver/Src/stm32f4xx_hal_spi.o
                0x08006dda                HAL_SPI_Transmit
 .text.HAL_SPI_TransmitReceive
                0x08007062      0x352 ./Drivers/STM32F4xx_HAL_Driver/Src/stm32f4xx_hal_spi.o
                0x08007062                HAL_SPI_TransmitReceive
 .text.HAL_SPI_IRQHandler
                0x080073b4      0x200 ./Drivers/STM32F4xx_HAL_Driver/Src/stm32f4xx_hal_spi.o
                0x080073b4                HAL_SPI_IRQHandler
 .text.HAL_SPI_ErrorCallback
                0x080075b4       0x14 ./Drivers/STM32F4xx_HAL_Driver/Src/stm32f4xx_hal_spi.o
                0x080075b4                HAL_SPI_ErrorCallback
 .text.SPI_DMAAbortOnError
                0x080075c8       0x28 ./Drivers/STM32F4xx_HAL_Driver/Src/stm32f4xx_hal_spi.o
 .text.SPI_WaitFlagStateUntilTimeout
                0x080075f0      0x110 ./Drivers/STM32F4xx_HAL_Driver/Src/stm32f4xx_hal_spi.o
 .text.SPI_EndRxTxTransaction
                0x08007700       0xa8 ./Drivers/STM32F4xx_HAL_Driver/Src/stm32f4xx_hal_spi.o
 .text.HAL_TIM_Base_Init
                0x080077a8       0x9e ./Drivers/STM32F4xx_HAL_Driver/Src/stm32f4xx_hal_tim.o
                0x080077a8                HAL_TIM_Base_Init
 *fill*         0x08007846        0x2 
 .text.HAL_TIM_Base_Start_IT
                0x08007848       0xe0 ./Drivers/STM32F4xx_HAL_Driver/Src/stm32f4xx_hal_tim.o
                0x08007848                HAL_TIM_Base_Start_IT
 .text.HAL_TIM_PWM_Init
                0x08007928       0x9e ./Drivers/STM32F4xx_HAL_Driver/Src/stm32f4xx_hal_tim.o
                0x08007928                HAL_TIM_PWM_Init
 .text.HAL_TIM_PWM_MspInit
                0x080079c6       0x14 ./Drivers/STM32F4xx_HAL_Driver/Src/stm32f4xx_hal_tim.o
                0x080079c6                HAL_TIM_PWM_MspInit
 *fill*         0x080079da        0x2 
 .text.HAL_TIM_PWM_Start
                0x080079dc      0x190 ./Drivers/STM32F4xx_HAL_Driver/Src/stm32f4xx_hal_tim.o
                0x080079dc                HAL_TIM_PWM_Start
 .text.HAL_TIM_IRQHandler
                0x08007b6c      0x1e0 ./Drivers/STM32F4xx_HAL_Driver/Src/stm32f4xx_hal_tim.o
                0x08007b6c                HAL_TIM_IRQHandler
 .text.HAL_TIM_PWM_ConfigChannel
                0x08007d4c      0x184 ./Drivers/STM32F4xx_HAL_Driver/Src/stm32f4xx_hal_tim.o
                0x08007d4c                HAL_TIM_PWM_ConfigChannel
 .text.HAL_TIM_ConfigClockSource
                0x08007ed0      0x18e ./Drivers/STM32F4xx_HAL_Driver/Src/stm32f4xx_hal_tim.o
                0x08007ed0                HAL_TIM_ConfigClockSource
 .text.HAL_TIM_OC_DelayElapsedCallback
                0x0800805e       0x14 ./Drivers/STM32F4xx_HAL_Driver/Src/stm32f4xx_hal_tim.o
                0x0800805e                HAL_TIM_OC_DelayElapsedCallback
 .text.HAL_TIM_IC_CaptureCallback
                0x08008072       0x14 ./Drivers/STM32F4xx_HAL_Driver/Src/stm32f4xx_hal_tim.o
                0x08008072                HAL_TIM_IC_CaptureCallback
 .text.HAL_TIM_PWM_PulseFinishedCallback
                0x08008086       0x14 ./Drivers/STM32F4xx_HAL_Driver/Src/stm32f4xx_hal_tim.o
                0x08008086                HAL_TIM_PWM_PulseFinishedCallback
 .text.HAL_TIM_TriggerCallback
                0x0800809a       0x14 ./Drivers/STM32F4xx_HAL_Driver/Src/stm32f4xx_hal_tim.o
                0x0800809a                HAL_TIM_TriggerCallback
 *fill*         0x080080ae        0x2 
 .text.TIM_Base_SetConfig
                0x080080b0      0x14c ./Drivers/STM32F4xx_HAL_Driver/Src/stm32f4xx_hal_tim.o
                0x080080b0                TIM_Base_SetConfig
 .text.TIM_OC1_SetConfig
                0x080081fc       0xe0 ./Drivers/STM32F4xx_HAL_Driver/Src/stm32f4xx_hal_tim.o
 .text.TIM_OC2_SetConfig
                0x080082dc       0xec ./Drivers/STM32F4xx_HAL_Driver/Src/stm32f4xx_hal_tim.o
                0x080082dc                TIM_OC2_SetConfig
 .text.TIM_OC3_SetConfig
                0x080083c8       0xe8 ./Drivers/STM32F4xx_HAL_Driver/Src/stm32f4xx_hal_tim.o
 .text.TIM_OC4_SetConfig
                0x080084b0       0xac ./Drivers/STM32F4xx_HAL_Driver/Src/stm32f4xx_hal_tim.o
 .text.TIM_TI1_ConfigInputStage
                0x0800855c       0x5e ./Drivers/STM32F4xx_HAL_Driver/Src/stm32f4xx_hal_tim.o
 .text.TIM_TI2_ConfigInputStage
                0x080085ba       0x60 ./Drivers/STM32F4xx_HAL_Driver/Src/stm32f4xx_hal_tim.o
 .text.TIM_ITRx_SetConfig
                0x0800861a       0x36 ./Drivers/STM32F4xx_HAL_Driver/Src/stm32f4xx_hal_tim.o
 .text.TIM_ETR_SetConfig
                0x08008650       0x40 ./Drivers/STM32F4xx_HAL_Driver/Src/stm32f4xx_hal_tim.o
                0x08008650                TIM_ETR_SetConfig
 .text.TIM_CCxChannelCmd
                0x08008690       0x4a ./Drivers/STM32F4xx_HAL_Driver/Src/stm32f4xx_hal_tim.o
                0x08008690                TIM_CCxChannelCmd
 *fill*         0x080086da        0x2 
 .text.HAL_TIMEx_MasterConfigSynchronization
                0x080086dc       0xf8 ./Drivers/STM32F4xx_HAL_Driver/Src/stm32f4xx_hal_tim_ex.o
                0x080086dc                HAL_TIMEx_MasterConfigSynchronization
 .text.HAL_TIMEx_ConfigBreakDeadTime
                0x080087d4       0xa4 ./Drivers/STM32F4xx_HAL_Driver/Src/stm32f4xx_hal_tim_ex.o
                0x080087d4                HAL_TIMEx_ConfigBreakDeadTime
 .text.HAL_TIMEx_CommutCallback
                0x08008878       0x14 ./Drivers/STM32F4xx_HAL_Driver/Src/stm32f4xx_hal_tim_ex.o
                0x08008878                HAL_TIMEx_CommutCallback
 .text.HAL_TIMEx_BreakCallback
                0x0800888c       0x14 ./Drivers/STM32F4xx_HAL_Driver/Src/stm32f4xx_hal_tim_ex.o
                0x0800888c                HAL_TIMEx_BreakCallback
 .text.HAL_UART_Init
                0x080088a0       0xa0 ./Drivers/STM32F4xx_HAL_Driver/Src/stm32f4xx_hal_uart.o
                0x080088a0                HAL_UART_Init
 .text.HAL_UART_Transmit
                0x08008940      0x116 ./Drivers/STM32F4xx_HAL_Driver/Src/stm32f4xx_hal_uart.o
                0x08008940                HAL_UART_Transmit
 .text.HAL_UART_Receive_DMA
                0x08008a56       0x4a ./Drivers/STM32F4xx_HAL_Driver/Src/stm32f4xx_hal_uart.o
                0x08008a56                HAL_UART_Receive_DMA
 .text.HAL_UART_IRQHandler
                0x08008aa0      0x554 ./Drivers/STM32F4xx_HAL_Driver/Src/stm32f4xx_hal_uart.o
                0x08008aa0                HAL_UART_IRQHandler
 .text.HAL_UART_TxCpltCallback
                0x08008ff4       0x14 ./Drivers/STM32F4xx_HAL_Driver/Src/stm32f4xx_hal_uart.o
                0x08008ff4                HAL_UART_TxCpltCallback
 .text.HAL_UART_RxHalfCpltCallback
                0x08009008       0x14 ./Drivers/STM32F4xx_HAL_Driver/Src/stm32f4xx_hal_uart.o
                0x08009008                HAL_UART_RxHalfCpltCallback
 .text.HAL_UART_ErrorCallback
                0x0800901c       0x14 ./Drivers/STM32F4xx_HAL_Driver/Src/stm32f4xx_hal_uart.o
                0x0800901c                HAL_UART_ErrorCallback
 .text.HAL_UARTEx_RxEventCallback
                0x08009030       0x18 ./Drivers/STM32F4xx_HAL_Driver/Src/stm32f4xx_hal_uart.o
                0x08009030                HAL_UARTEx_RxEventCallback
 .text.UART_DMAReceiveCplt
                0x08009048      0x12c ./Drivers/STM32F4xx_HAL_Driver/Src/stm32f4xx_hal_uart.o
 .text.UART_DMARxHalfCplt
                0x08009174       0x3c ./Drivers/STM32F4xx_HAL_Driver/Src/stm32f4xx_hal_uart.o
 .text.UART_DMAError
                0x080091b0       0x94 ./Drivers/STM32F4xx_HAL_Driver/Src/stm32f4xx_hal_uart.o
 .text.UART_WaitOnFlagUntilTimeout
                0x08009244       0xb2 ./Drivers/STM32F4xx_HAL_Driver/Src/stm32f4xx_hal_uart.o
 *fill*         0x080092f6        0x2 
 .text.UART_Start_Receive_DMA
                0x080092f8      0x14c ./Drivers/STM32F4xx_HAL_Driver/Src/stm32f4xx_hal_uart.o
                0x080092f8                UART_Start_Receive_DMA
 .text.UART_EndTxTransfer
                0x08009444       0x50 ./Drivers/STM32F4xx_HAL_Driver/Src/stm32f4xx_hal_uart.o
 .text.UART_EndRxTransfer
                0x08009494       0xc6 ./Drivers/STM32F4xx_HAL_Driver/Src/stm32f4xx_hal_uart.o
 .text.UART_DMAAbortOnError
                0x0800955a       0x22 ./Drivers/STM32F4xx_HAL_Driver/Src/stm32f4xx_hal_uart.o
 .text.UART_Transmit_IT
                0x0800957c       0xa0 ./Drivers/STM32F4xx_HAL_Driver/Src/stm32f4xx_hal_uart.o
 .text.UART_EndTransmit_IT
                0x0800961c       0x30 ./Drivers/STM32F4xx_HAL_Driver/Src/stm32f4xx_hal_uart.o
 .text.UART_Receive_IT
                0x0800964c      0x17c ./Drivers/STM32F4xx_HAL_Driver/Src/stm32f4xx_hal_uart.o
 .text.UART_SetConfig
                0x080097c8      0x4e8 ./Drivers/STM32F4xx_HAL_Driver/Src/stm32f4xx_hal_uart.o
 .text.MX_FATFS_Init
                0x08009cb0       0x24 ./FATFS/App/fatfs.o
                0x08009cb0                MX_FATFS_Init
 .text.get_fattime
                0x08009cd4       0x10 ./FATFS/App/fatfs.o
                0x08009cd4                get_fattime
 .text.USER_initialize
                0x08009ce4       0x1c ./FATFS/Target/user_diskio.o
                0x08009ce4                USER_initialize
 .text.USER_status
                0x08009d00       0x1c ./FATFS/Target/user_diskio.o
                0x08009d00                USER_status
 .text.USER_read
                0x08009d1c       0x26 ./FATFS/Target/user_diskio.o
                0x08009d1c                USER_read
 .text.USER_write
                0x08009d42       0x26 ./FATFS/Target/user_diskio.o
                0x08009d42                USER_write
 .text.USER_ioctl
                0x08009d68       0x26 ./FATFS/Target/user_diskio.o
                0x08009d68                USER_ioctl
 *fill*         0x08009d8e        0x2 
 .text.disk_status
                0x08009d90       0x34 ./Middlewares/Third_Party/FatFs/src/diskio.o
                0x08009d90                disk_status
 .text.disk_initialize
                0x08009dc4       0x50 ./Middlewares/Third_Party/FatFs/src/diskio.o
                0x08009dc4                disk_initialize
 .text.disk_read
                0x08009e14       0x40 ./Middlewares/Third_Party/FatFs/src/diskio.o
                0x08009e14                disk_read
 .text.disk_write
                0x08009e54       0x40 ./Middlewares/Third_Party/FatFs/src/diskio.o
                0x08009e54                disk_write
 .text.disk_ioctl
                0x08009e94       0x3c ./Middlewares/Third_Party/FatFs/src/diskio.o
                0x08009e94                disk_ioctl
 .text.ld_word  0x08009ed0       0x32 ./Middlewares/Third_Party/FatFs/src/ff.o
 .text.ld_dword
                0x08009f02       0x46 ./Middlewares/Third_Party/FatFs/src/ff.o
 .text.st_word  0x08009f48       0x36 ./Middlewares/Third_Party/FatFs/src/ff.o
 .text.st_dword
                0x08009f7e       0x58 ./Middlewares/Third_Party/FatFs/src/ff.o
 .text.mem_cpy  0x08009fd6       0x42 ./Middlewares/Third_Party/FatFs/src/ff.o
 .text.mem_set  0x0800a018       0x36 ./Middlewares/Third_Party/FatFs/src/ff.o
 .text.mem_cmp  0x0800a04e       0x4e ./Middlewares/Third_Party/FatFs/src/ff.o
 .text.chk_chr  0x0800a09c       0x36 ./Middlewares/Third_Party/FatFs/src/ff.o
 *fill*         0x0800a0d2        0x2 
 .text.chk_lock
                0x0800a0d4       0xb8 ./Middlewares/Third_Party/FatFs/src/ff.o
 .text.enq_lock
                0x0800a18c       0x44 ./Middlewares/Third_Party/FatFs/src/ff.o
 .text.inc_lock
                0x0800a1d0      0x11c ./Middlewares/Third_Party/FatFs/src/ff.o
 .text.dec_lock
                0x0800a2ec       0x78 ./Middlewares/Third_Party/FatFs/src/ff.o
 .text.clear_lock
                0x0800a364       0x48 ./Middlewares/Third_Party/FatFs/src/ff.o
 .text.sync_window
                0x0800a3ac       0x88 ./Middlewares/Third_Party/FatFs/src/ff.o
 .text.move_window
                0x0800a434       0x5a ./Middlewares/Third_Party/FatFs/src/ff.o
 *fill*         0x0800a48e        0x2 
 .text.sync_fs  0x0800a490       0xe0 ./Middlewares/Third_Party/FatFs/src/ff.o
 .text.clust2sect
                0x0800a570       0x3e ./Middlewares/Third_Party/FatFs/src/ff.o
 .text.get_fat  0x0800a5ae      0x1a6 ./Middlewares/Third_Party/FatFs/src/ff.o
 .text.put_fat  0x0800a754      0x234 ./Middlewares/Third_Party/FatFs/src/ff.o
 .text.remove_chain
                0x0800a988       0xca ./Middlewares/Third_Party/FatFs/src/ff.o
 .text.create_chain
                0x0800aa52      0x130 ./Middlewares/Third_Party/FatFs/src/ff.o
 .text.clmt_clust
                0x0800ab82       0x70 ./Middlewares/Third_Party/FatFs/src/ff.o
 .text.dir_sdi  0x0800abf2      0x112 ./Middlewares/Third_Party/FatFs/src/ff.o
 .text.dir_next
                0x0800ad04      0x1ac ./Middlewares/Third_Party/FatFs/src/ff.o
 .text.dir_alloc
                0x0800aeb0       0x8e ./Middlewares/Third_Party/FatFs/src/ff.o
 .text.ld_clust
                0x0800af3e       0x3e ./Middlewares/Third_Party/FatFs/src/ff.o
 .text.st_clust
                0x0800af7c       0x40 ./Middlewares/Third_Party/FatFs/src/ff.o
 .text.cmp_lfn  0x0800afbc       0xe0 ./Middlewares/Third_Party/FatFs/src/ff.o
 .text.pick_lfn
                0x0800b09c       0xc8 ./Middlewares/Third_Party/FatFs/src/ff.o
 .text.put_lfn  0x0800b164       0xd0 ./Middlewares/Third_Party/FatFs/src/ff.o
 .text.gen_numname
                0x0800b234      0x11c ./Middlewares/Third_Party/FatFs/src/ff.o
 .text.sum_sfn  0x0800b350       0x42 ./Middlewares/Third_Party/FatFs/src/ff.o
 .text.dir_read
                0x0800b392      0x14e ./Middlewares/Third_Party/FatFs/src/ff.o
 .text.dir_find
                0x0800b4e0      0x180 ./Middlewares/Third_Party/FatFs/src/ff.o
 .text.dir_register
                0x0800b660      0x1f0 ./Middlewares/Third_Party/FatFs/src/ff.o
 .text.get_fileinfo
                0x0800b850      0x1bc ./Middlewares/Third_Party/FatFs/src/ff.o
 .text.create_name
                0x0800ba0c      0x370 ./Middlewares/Third_Party/FatFs/src/ff.o
 .text.follow_path
                0x0800bd7c       0xec ./Middlewares/Third_Party/FatFs/src/ff.o
 .text.get_ldnumber
                0x0800be68       0x88 ./Middlewares/Third_Party/FatFs/src/ff.o
 .text.check_fs
                0x0800bef0       0xac ./Middlewares/Third_Party/FatFs/src/ff.o
 .text.find_volume
                0x0800bf9c      0x50c ./Middlewares/Third_Party/FatFs/src/ff.o
 .text.validate
                0x0800c4a8       0x6a ./Middlewares/Third_Party/FatFs/src/ff.o
 *fill*         0x0800c512        0x2 
 .text.f_mount  0x0800c514       0x8c ./Middlewares/Third_Party/FatFs/src/ff.o
                0x0800c514                f_mount
 .text.f_open   0x0800c5a0      0x390 ./Middlewares/Third_Party/FatFs/src/ff.o
                0x0800c5a0                f_open
 .text.f_read   0x0800c930      0x2be ./Middlewares/Third_Party/FatFs/src/ff.o
                0x0800c930                f_read
 .text.f_write  0x0800cbee      0x328 ./Middlewares/Third_Party/FatFs/src/ff.o
                0x0800cbee                f_write
 .text.f_sync   0x0800cf16       0xfc ./Middlewares/Third_Party/FatFs/src/ff.o
                0x0800cf16                f_sync
 .text.f_close  0x0800d012       0x54 ./Middlewares/Third_Party/FatFs/src/ff.o
                0x0800d012                f_close
 .text.f_opendir
                0x0800d066       0xe6 ./Middlewares/Third_Party/FatFs/src/ff.o
                0x0800d066                f_opendir
 .text.f_closedir
                0x0800d14c       0x4c ./Middlewares/Third_Party/FatFs/src/ff.o
                0x0800d14c                f_closedir
 .text.f_readdir
                0x0800d198       0x7a ./Middlewares/Third_Party/FatFs/src/ff.o
                0x0800d198                f_readdir
 .text.f_gets   0x0800d212       0x7c ./Middlewares/Third_Party/FatFs/src/ff.o
                0x0800d212                f_gets
 .text.putc_bfd
                0x0800d28e       0x7a ./Middlewares/Third_Party/FatFs/src/ff.o
 .text.putc_flush
                0x0800d308       0x4a ./Middlewares/Third_Party/FatFs/src/ff.o
 .text.putc_init
                0x0800d352       0x2a ./Middlewares/Third_Party/FatFs/src/ff.o
 .text.f_puts   0x0800d37c       0x48 ./Middlewares/Third_Party/FatFs/src/ff.o
                0x0800d37c                f_puts
 .text.FATFS_LinkDriverEx
                0x0800d3c4       0x98 ./Middlewares/Third_Party/FatFs/src/ff_gen_drv.o
                0x0800d3c4                FATFS_LinkDriverEx
 .text.FATFS_LinkDriver
                0x0800d45c       0x1e ./Middlewares/Third_Party/FatFs/src/ff_gen_drv.o
                0x0800d45c                FATFS_LinkDriver
 *fill*         0x0800d47a        0x2 
 .text.ff_convert
                0x0800d47c       0x78 ./Middlewares/Third_Party/FatFs/src/option/ccsbcs.o
                0x0800d47c                ff_convert
 .text.ff_wtoupper
                0x0800d4f4      0x114 ./Middlewares/Third_Party/FatFs/src/option/ccsbcs.o
                0x0800d4f4                ff_wtoupper
 .text._strtol_l.isra.0
                0x0800d608       0xf4 C:/ST/STM32CubeIDE_2.1.0/STM32CubeIDE/plugins/com.st.stm32cube.ide.mcu.externaltools.gnu-tools-for-stm32.14.3.rel1.win32_1.0.100.202602081740/tools/bin/../lib/gcc/arm-none-eabi/14.3.1/../../../../arm-none-eabi/lib/thumb/v7e-m+fp/hard\libc_nano.a(libc_a-strtol.o)
 .text._strtol_r
                0x0800d6fc        0x4 C:/ST/STM32CubeIDE_2.1.0/STM32CubeIDE/plugins/com.st.stm32cube.ide.mcu.externaltools.gnu-tools-for-stm32.14.3.rel1.win32_1.0.100.202602081740/tools/bin/../lib/gcc/arm-none-eabi/14.3.1/../../../../arm-none-eabi/lib/thumb/v7e-m+fp/hard\libc_nano.a(libc_a-strtol.o)
                0x0800d6fc                _strtol_r
 .text.strtol   0x0800d700       0x14 C:/ST/STM32CubeIDE_2.1.0/STM32CubeIDE/plugins/com.st.stm32cube.ide.mcu.externaltools.gnu-tools-for-stm32.14.3.rel1.win32_1.0.100.202602081740/tools/bin/../lib/gcc/arm-none-eabi/14.3.1/../../../../arm-none-eabi/lib/thumb/v7e-m+fp/hard\libc_nano.a(libc_a-strtol.o)
                0x0800d700                strtol
 .text.sprintf  0x0800d714       0x44 C:/ST/STM32CubeIDE_2.1.0/STM32CubeIDE/plugins/com.st.stm32cube.ide.mcu.externaltools.gnu-tools-for-stm32.14.3.rel1.win32_1.0.100.202602081740/tools/bin/../lib/gcc/arm-none-eabi/14.3.1/../../../../arm-none-eabi/lib/thumb/v7e-m+fp/hard\libc_nano.a(libc_a-sprintf.o)
                0x0800d714                siprintf
                0x0800d714                sprintf
 .text.sscanf   0x0800d758       0x58 C:/ST/STM32CubeIDE_2.1.0/STM32CubeIDE/plugins/com.st.stm32cube.ide.mcu.externaltools.gnu-tools-for-stm32.14.3.rel1.win32_1.0.100.202602081740/tools/bin/../lib/gcc/arm-none-eabi/14.3.1/../../../../arm-none-eabi/lib/thumb/v7e-m+fp/hard\libc_nano.a(libc_a-sscanf.o)
                0x0800d758                siscanf
                0x0800d758                sscanf
 .text.__seofread
                0x0800d7b0        0x4 C:/ST/STM32CubeIDE_2.1.0/STM32CubeIDE/plugins/com.st.stm32cube.ide.mcu.externaltools.gnu-tools-for-stm32.14.3.rel1.win32_1.0.100.202602081740/tools/bin/../lib/gcc/arm-none-eabi/14.3.1/../../../../arm-none-eabi/lib/thumb/v7e-m+fp/hard\libc_nano.a(libc_a-stdio.o)
                0x0800d7b0                __seofread
 .text.memset   0x0800d7b4       0x10 C:/ST/STM32CubeIDE_2.1.0/STM32CubeIDE/plugins/com.st.stm32cube.ide.mcu.externaltools.gnu-tools-for-stm32.14.3.rel1.win32_1.0.100.202602081740/tools/bin/../lib/gcc/arm-none-eabi/14.3.1/../../../../arm-none-eabi/lib/thumb/v7e-m+fp/hard\libc_nano.a(libc_a-memset.o)
                0x0800d7b4                memset
 .text.__errno  0x0800d7c4        0xc C:/ST/STM32CubeIDE_2.1.0/STM32CubeIDE/plugins/com.st.stm32cube.ide.mcu.externaltools.gnu-tools-for-stm32.14.3.rel1.win32_1.0.100.202602081740/tools/bin/../lib/gcc/arm-none-eabi/14.3.1/../../../../arm-none-eabi/lib/thumb/v7e-m+fp/hard\libc_nano.a(libc_a-errno.o)
                0x0800d7c4                __errno
 .text.__libc_init_array
                0x0800d7d0       0x48 C:/ST/STM32CubeIDE_2.1.0/STM32CubeIDE/plugins/com.st.stm32cube.ide.mcu.externaltools.gnu-tools-for-stm32.14.3.rel1.win32_1.0.100.202602081740/tools/bin/../lib/gcc/arm-none-eabi/14.3.1/../../../../arm-none-eabi/lib/thumb/v7e-m+fp/hard\libc_nano.a(libc_a-init.o)
                0x0800d7d0                __libc_init_array
 .text.__retarget_lock_acquire_recursive
                0x0800d818        0x2 C:/ST/STM32CubeIDE_2.1.0/STM32CubeIDE/plugins/com.st.stm32cube.ide.mcu.externaltools.gnu-tools-for-stm32.14.3.rel1.win32_1.0.100.202602081740/tools/bin/../lib/gcc/arm-none-eabi/14.3.1/../../../../arm-none-eabi/lib/thumb/v7e-m+fp/hard\libc_nano.a(libc_a-lock.o)
                0x0800d818                __retarget_lock_acquire_recursive
 .text.__retarget_lock_release_recursive
                0x0800d81a        0x2 C:/ST/STM32CubeIDE_2.1.0/STM32CubeIDE/plugins/com.st.stm32cube.ide.mcu.externaltools.gnu-tools-for-stm32.14.3.rel1.win32_1.0.100.202602081740/tools/bin/../lib/gcc/arm-none-eabi/14.3.1/../../../../arm-none-eabi/lib/thumb/v7e-m+fp/hard\libc_nano.a(libc_a-lock.o)
                0x0800d81a                __retarget_lock_release_recursive
 .text._free_r  0x0800d81c       0x94 C:/ST/STM32CubeIDE_2.1.0/STM32CubeIDE/plugins/com.st.stm32cube.ide.mcu.externaltools.gnu-tools-for-stm32.14.3.rel1.win32_1.0.100.202602081740/tools/bin/../lib/gcc/arm-none-eabi/14.3.1/../../../../arm-none-eabi/lib/thumb/v7e-m+fp/hard\libc_nano.a(libc_a-freer.o)
                0x0800d81c                _free_r
 .text.sbrk_aligned
                0x0800d8b0       0x44 C:/ST/STM32CubeIDE_2.1.0/STM32CubeIDE/plugins/com.st.stm32cube.ide.mcu.externaltools.gnu-tools-for-stm32.14.3.rel1.win32_1.0.100.202602081740/tools/bin/../lib/gcc/arm-none-eabi/14.3.1/../../../../arm-none-eabi/lib/thumb/v7e-m+fp/hard\libc_nano.a(libc_a-mallocr.o)
 .text._malloc_r
                0x0800d8f4      0x100 C:/ST/STM32CubeIDE_2.1.0/STM32CubeIDE/plugins/com.st.stm32cube.ide.mcu.externaltools.gnu-tools-for-stm32.14.3.rel1.win32_1.0.100.202602081740/tools/bin/../lib/gcc/arm-none-eabi/14.3.1/../../../../arm-none-eabi/lib/thumb/v7e-m+fp/hard\libc_nano.a(libc_a-mallocr.o)
                0x0800d8f4                _malloc_r
 .text.__malloc_lock
                0x0800d9f4        0xc C:/ST/STM32CubeIDE_2.1.0/STM32CubeIDE/plugins/com.st.stm32cube.ide.mcu.externaltools.gnu-tools-for-stm32.14.3.rel1.win32_1.0.100.202602081740/tools/bin/../lib/gcc/arm-none-eabi/14.3.1/../../../../arm-none-eabi/lib/thumb/v7e-m+fp/hard\libc_nano.a(libc_a-mlock.o)
                0x0800d9f4                __malloc_lock
 .text.__malloc_unlock
                0x0800da00        0xc C:/ST/STM32CubeIDE_2.1.0/STM32CubeIDE/plugins/com.st.stm32cube.ide.mcu.externaltools.gnu-tools-for-stm32.14.3.rel1.win32_1.0.100.202602081740/tools/bin/../lib/gcc/arm-none-eabi/14.3.1/../../../../arm-none-eabi/lib/thumb/v7e-m+fp/hard\libc_nano.a(libc_a-mlock.o)
                0x0800da00                __malloc_unlock
 .text.__ssputs_r
                0x0800da0c       0xc0 C:/ST/STM32CubeIDE_2.1.0/STM32CubeIDE/plugins/com.st.stm32cube.ide.mcu.externaltools.gnu-tools-for-stm32.14.3.rel1.win32_1.0.100.202602081740/tools/bin/../lib/gcc/arm-none-eabi/14.3.1/../../../../arm-none-eabi/lib/thumb/v7e-m+fp/hard\libc_nano.a(libc_a-nano-svfprintf.o)
                0x0800da0c                __ssputs_r
 .text._svfprintf_r
                0x0800dacc      0x1f0 C:/ST/STM32CubeIDE_2.1.0/STM32CubeIDE/plugins/com.st.stm32cube.ide.mcu.externaltools.gnu-tools-for-stm32.14.3.rel1.win32_1.0.100.202602081740/tools/bin/../lib/gcc/arm-none-eabi/14.3.1/../../../../arm-none-eabi/lib/thumb/v7e-m+fp/hard\libc_nano.a(libc_a-nano-svfprintf.o)
                0x0800dacc                _svfiprintf_r
                0x0800dacc                _svfprintf_r
 .text._sungetc_r
                0x0800dcbc       0x7a C:/ST/STM32CubeIDE_2.1.0/STM32CubeIDE/plugins/com.st.stm32cube.ide.mcu.externaltools.gnu-tools-for-stm32.14.3.rel1.win32_1.0.100.202602081740/tools/bin/../lib/gcc/arm-none-eabi/14.3.1/../../../../arm-none-eabi/lib/thumb/v7e-m+fp/hard\libc_nano.a(libc_a-nano-svfscanf.o)
                0x0800dcbc                _sungetc_r
 .text.__ssrefill_r
                0x0800dd36       0x3a C:/ST/STM32CubeIDE_2.1.0/STM32CubeIDE/plugins/com.st.stm32cube.ide.mcu.externaltools.gnu-tools-for-stm32.14.3.rel1.win32_1.0.100.202602081740/tools/bin/../lib/gcc/arm-none-eabi/14.3.1/../../../../arm-none-eabi/lib/thumb/v7e-m+fp/hard\libc_nano.a(libc_a-nano-svfscanf.o)
                0x0800dd36                __ssrefill_r
 .text.__ssvfscanf_r
                0x0800dd70      0x2fc C:/ST/STM32CubeIDE_2.1.0/STM32CubeIDE/plugins/com.st.stm32cube.ide.mcu.externaltools.gnu-tools-for-stm32.14.3.rel1.win32_1.0.100.202602081740/tools/bin/../lib/gcc/arm-none-eabi/14.3.1/../../../../arm-none-eabi/lib/thumb/v7e-m+fp/hard\libc_nano.a(libc_a-nano-svfscanf.o)
                0x0800dd70                __ssvfiscanf_r
                0x0800dd70                __ssvfscanf_r
 .text._printf_common
                0x0800e06c       0xda C:/ST/STM32CubeIDE_2.1.0/STM32CubeIDE/plugins/com.st.stm32cube.ide.mcu.externaltools.gnu-tools-for-stm32.14.3.rel1.win32_1.0.100.202602081740/tools/bin/../lib/gcc/arm-none-eabi/14.3.1/../../../../arm-none-eabi/lib/thumb/v7e-m+fp/hard\libc_nano.a(libc_a-nano-vfprintf_i.o)
                0x0800e06c                _printf_common
 *fill*         0x0800e146        0x2 
 .text._printf_i
                0x0800e148      0x24c C:/ST/STM32CubeIDE_2.1.0/STM32CubeIDE/plugins/com.st.stm32cube.ide.mcu.externaltools.gnu-tools-for-stm32.14.3.rel1.win32_1.0.100.202602081740/tools/bin/../lib/gcc/arm-none-eabi/14.3.1/../../../../arm-none-eabi/lib/thumb/v7e-m+fp/hard\libc_nano.a(libc_a-nano-vfprintf_i.o)
                0x0800e148                _printf_i
 .text._scanf_chars
                0x0800e394       0xb4 C:/ST/STM32CubeIDE_2.1.0/STM32CubeIDE/plugins/com.st.stm32cube.ide.mcu.externaltools.gnu-tools-for-stm32.14.3.rel1.win32_1.0.100.202602081740/tools/bin/../lib/gcc/arm-none-eabi/14.3.1/../../../../arm-none-eabi/lib/thumb/v7e-m+fp/hard\libc_nano.a(libc_a-nano-vfscanf_i.o)
                0x0800e394                _scanf_chars
 .text._scanf_i
                0x0800e448      0x1e4 C:/ST/STM32CubeIDE_2.1.0/STM32CubeIDE/plugins/com.st.stm32cube.ide.mcu.externaltools.gnu-tools-for-stm32.14.3.rel1.win32_1.0.100.202602081740/tools/bin/../lib/gcc/arm-none-eabi/14.3.1/../../../../arm-none-eabi/lib/thumb/v7e-m+fp/hard\libc_nano.a(libc_a-nano-vfscanf_i.o)
                0x0800e448                _scanf_i
 .text.__sccl   0x0800e62c       0x72 C:/ST/STM32CubeIDE_2.1.0/STM32CubeIDE/plugins/com.st.stm32cube.ide.mcu.externaltools.gnu-tools-for-stm32.14.3.rel1.win32_1.0.100.202602081740/tools/bin/../lib/gcc/arm-none-eabi/14.3.1/../../../../arm-none-eabi/lib/thumb/v7e-m+fp/hard\libc_nano.a(libc_a-sccl.o)
                0x0800e62c                __sccl
 .text.__submore
                0x0800e69e       0x74 C:/ST/STM32CubeIDE_2.1.0/STM32CubeIDE/plugins/com.st.stm32cube.ide.mcu.externaltools.gnu-tools-for-stm32.14.3.rel1.win32_1.0.100.202602081740/tools/bin/../lib/gcc/arm-none-eabi/14.3.1/../../../../arm-none-eabi/lib/thumb/v7e-m+fp/hard\libc_nano.a(libc_a-ungetc.o)
                0x0800e69e                __submore
 .text.memmove  0x0800e712       0x32 C:/ST/STM32CubeIDE_2.1.0/STM32CubeIDE/plugins/com.st.stm32cube.ide.mcu.externaltools.gnu-tools-for-stm32.14.3.rel1.win32_1.0.100.202602081740/tools/bin/../lib/gcc/arm-none-eabi/14.3.1/../../../../arm-none-eabi/lib/thumb/v7e-m+fp/hard\libc_nano.a(libc_a-memmove.o)
                0x0800e712                memmove
 .text._sbrk_r  0x0800e744       0x20 C:/ST/STM32CubeIDE_2.1.0/STM32CubeIDE/plugins/com.st.stm32cube.ide.mcu.externaltools.gnu-tools-for-stm32.14.3.rel1.win32_1.0.100.202602081740/tools/bin/../lib/gcc/arm-none-eabi/14.3.1/../../../../arm-none-eabi/lib/thumb/v7e-m+fp/hard\libc_nano.a(libc_a-sbrkr.o)
                0x0800e744                _sbrk_r
 .text.memcpy   0x0800e764       0x1c C:/ST/STM32CubeIDE_2.1.0/STM32CubeIDE/plugins/com.st.stm32cube.ide.mcu.externaltools.gnu-tools-for-stm32.14.3.rel1.win32_1.0.100.202602081740/tools/bin/../lib/gcc/arm-none-eabi/14.3.1/../../../../arm-none-eabi/lib/thumb/v7e-m+fp/hard\libc_nano.a(libc_a-memcpy-stub.o)
                0x0800e764                memcpy
 .text._realloc_r
                0x0800e780       0x5c C:/ST/STM32CubeIDE_2.1.0/STM32CubeIDE/plugins/com.st.stm32cube.ide.mcu.externaltools.gnu-tools-for-stm32.14.3.rel1.win32_1.0.100.202602081740/tools/bin/../lib/gcc/arm-none-eabi/14.3.1/../../../../arm-none-eabi/lib/thumb/v7e-m+fp/hard\libc_nano.a(libc_a-reallocr.o)
                0x0800e780                _realloc_r
 .text._strtoul_l.isra.0
                0x0800e7dc       0xdc C:/ST/STM32CubeIDE_2.1.0/STM32CubeIDE/plugins/com.st.stm32cube.ide.mcu.externaltools.gnu-tools-for-stm32.14.3.rel1.win32_1.0.100.202602081740/tools/bin/../lib/gcc/arm-none-eabi/14.3.1/../../../../arm-none-eabi/lib/thumb/v7e-m+fp/hard\libc_nano.a(libc_a-strtoul.o)
 .text._strtoul_r
                0x0800e8b8        0x4 C:/ST/STM32CubeIDE_2.1.0/STM32CubeIDE/plugins/com.st.stm32cube.ide.mcu.externaltools.gnu-tools-for-stm32.14.3.rel1.win32_1.0.100.202602081740/tools/bin/../lib/gcc/arm-none-eabi/14.3.1/../../../../arm-none-eabi/lib/thumb/v7e-m+fp/hard\libc_nano.a(libc_a-strtoul.o)
                0x0800e8b8                _strtoul_r
 .text._malloc_usable_size_r
                0x0800e8bc       0x10 C:/ST/STM32CubeIDE_2.1.0/STM32CubeIDE/plugins/com.st.stm32cube.ide.mcu.externaltools.gnu-tools-for-stm32.14.3.rel1.win32_1.0.100.202602081740/tools/bin/../lib/gcc/arm-none-eabi/14.3.1/../../../../arm-none-eabi/lib/thumb/v7e-m+fp/hard\libc_nano.a(libc_a-msizer.o)
                0x0800e8bc                _malloc_usable_size_r
 *(.glue_7)
 .glue_7        0x0800e8cc        0x0 linker stubs
 *(.glue_7t)
 .glue_7t       0x0800e8cc        0x0 linker stubs
 *(.eh_frame)
 .eh_frame      0x0800e8cc        0x0 C:/ST/STM32CubeIDE_2.1.0/STM32CubeIDE/plugins/com.st.stm32cube.ide.mcu.externaltools.gnu-tools-for-stm32.14.3.rel1.win32_1.0.100.202602081740/tools/bin/../lib/gcc/arm-none-eabi/14.3.1/thumb/v7e-m+fp/hard/crtbegin.o
 *(.init)
 .init          0x0800e8cc        0x4 C:/ST/STM32CubeIDE_2.1.0/STM32CubeIDE/plugins/com.st.stm32cube.ide.mcu.externaltools.gnu-tools-for-stm32.14.3.rel1.win32_1.0.100.202602081740/tools/bin/../lib/gcc/arm-none-eabi/14.3.1/thumb/v7e-m+fp/hard/crti.o
                0x0800e8cc                _init
 .init          0x0800e8d0        0x8 C:/ST/STM32CubeIDE_2.1.0/STM32CubeIDE/plugins/com.st.stm32cube.ide.mcu.externaltools.gnu-tools-for-stm32.14.3.rel1.win32_1.0.100.202602081740/tools/bin/../lib/gcc/arm-none-eabi/14.3.1/thumb/v7e-m+fp/hard/crtn.o
 *(.fini)
 .fini          0x0800e8d8        0x4 C:/ST/STM32CubeIDE_2.1.0/STM32CubeIDE/plugins/com.st.stm32cube.ide.mcu.externaltools.gnu-tools-for-stm32.14.3.rel1.win32_1.0.100.202602081740/tools/bin/../lib/gcc/arm-none-eabi/14.3.1/thumb/v7e-m+fp/hard/crti.o
                0x0800e8d8                _fini
 .fini          0x0800e8dc        0x8 C:/ST/STM32CubeIDE_2.1.0/STM32CubeIDE/plugins/com.st.stm32cube.ide.mcu.externaltools.gnu-tools-for-stm32.14.3.rel1.win32_1.0.100.202602081740/tools/bin/../lib/gcc/arm-none-eabi/14.3.1/thumb/v7e-m+fp/hard/crtn.o
                0x0800e8e4                        . = ALIGN (0x4)
                0x0800e8e4                        _etext = .

.vfp11_veneer   0x0800e8e4        0x0
 .vfp11_veneer  0x0800e8e4        0x0 linker stubs

.v4_bx          0x0800e8e4        0x0
 .v4_bx         0x0800e8e4        0x0 linker stubs

.iplt           0x0800e8e4        0x0
 .iplt          0x0800e8e4        0x0 C:/ST/STM32CubeIDE_2.1.0/STM32CubeIDE/plugins/com.st.stm32cube.ide.mcu.externaltools.gnu-tools-for-stm32.14.3.rel1.win32_1.0.100.202602081740/tools/bin/../lib/gcc/arm-none-eabi/14.3.1/thumb/v7e-m+fp/hard/crtbegin.o

.rodata         0x0800e8e4    0x28560
                0x0800e8e4                        . = ALIGN (0x4)
 *(.rodata)
 .rodata        0x0800e8e4       0x10 ./Core/Src/fatfs_sd.o
 .rodata        0x0800e8f4      0x4f7 ./Core/Src/main.o
 *fill*         0x0800edeb        0x1 
 .rodata        0x0800edec       0x48 ./Middlewares/Third_Party/FatFs/src/ff.o
 .rodata        0x0800ee34        0xc C:/ST/STM32CubeIDE_2.1.0/STM32CubeIDE/plugins/com.st.stm32cube.ide.mcu.externaltools.gnu-tools-for-stm32.14.3.rel1.win32_1.0.100.202602081740/tools/bin/../lib/gcc/arm-none-eabi/14.3.1/../../../../arm-none-eabi/lib/thumb/v7e-m+fp/hard\libc_nano.a(libc_a-nano-vfscanf_i.o)
 *(.rodata*)
 .rodata.smallFont
                0x0800ee40      0x474 ./Core/Src/font.o
                0x0800ee40                smallFont
 .rodata.bigFont
                0x0800f2b4      0xbe0 ./Core/Src/font.o
                0x0800f2b4                bigFont
 .rodata.pista5
                0x0800fe94    0x25800 ./Core/Src/graficos.o
                0x0800fe94                pista5
 .rodata.cars1  0x08035694      0x800 ./Core/Src/main.o
                0x08035694                cars1
 .rodata.cars2  0x08035e94      0x800 ./Core/Src/main.o
                0x08035e94                cars2
 .rodata.boost  0x08036694      0x200 ./Core/Src/main.o
                0x08036694                boost
 .rodata.AHBPrescTable
                0x08036894       0x10 ./Core/Src/system_stm32f4xx.o
                0x08036894                AHBPrescTable
 .rodata.APBPrescTable
                0x080368a4        0x8 ./Core/Src/system_stm32f4xx.o
                0x080368a4                APBPrescTable
 .rodata.flagBitshiftOffset.0
                0x080368ac        0x8 ./Drivers/STM32F4xx_HAL_Driver/Src/stm32f4xx_hal_dma.o
 .rodata.ExCvt  0x080368b4       0x80 ./Middlewares/Third_Party/FatFs/src/ff.o
 .rodata.LfnOfs
                0x08036934        0xd ./Middlewares/Third_Party/FatFs/src/ff.o
 *fill*         0x08036941        0x3 
 .rodata.Tbl    0x08036944      0x100 ./Middlewares/Third_Party/FatFs/src/option/ccsbcs.o
 .rodata.cvt1.1
                0x08036a44      0x1f2 ./Middlewares/Third_Party/FatFs/src/option/ccsbcs.o
 *fill*         0x08036c36        0x2 
 .rodata.cvt2.0
                0x08036c38       0xbc ./Middlewares/Third_Party/FatFs/src/option/ccsbcs.o
 .rodata._ctype_
                0x08036cf4      0x101 C:/ST/STM32CubeIDE_2.1.0/STM32CubeIDE/plugins/com.st.stm32cube.ide.mcu.externaltools.gnu-tools-for-stm32.14.3.rel1.win32_1.0.100.202602081740/tools/bin/../lib/gcc/arm-none-eabi/14.3.1/../../../../arm-none-eabi/lib/thumb/v7e-m+fp/hard\libc_nano.a(libc_a-ctype_.o)
                0x08036cf4                _ctype_
 .rodata._svfprintf_r.str1.1
                0x08036df5       0x4e C:/ST/STM32CubeIDE_2.1.0/STM32CubeIDE/plugins/com.st.stm32cube.ide.mcu.externaltools.gnu-tools-for-stm32.14.3.rel1.win32_1.0.100.202602081740/tools/bin/../lib/gcc/arm-none-eabi/14.3.1/../../../../arm-none-eabi/lib/thumb/v7e-m+fp/hard\libc_nano.a(libc_a-nano-svfprintf.o)
                                 0x11 (size before relaxing)
 .rodata.__ssvfscanf_r.str1.1
                0x08036e43        0x4 C:/ST/STM32CubeIDE_2.1.0/STM32CubeIDE/plugins/com.st.stm32cube.ide.mcu.externaltools.gnu-tools-for-stm32.14.3.rel1.win32_1.0.100.202602081740/tools/bin/../lib/gcc/arm-none-eabi/14.3.1/../../../../arm-none-eabi/lib/thumb/v7e-m+fp/hard\libc_nano.a(libc_a-nano-svfscanf.o)
 .rodata._printf_i.str1.1
                0x08036e43       0x22 C:/ST/STM32CubeIDE_2.1.0/STM32CubeIDE/plugins/com.st.stm32cube.ide.mcu.externaltools.gnu-tools-for-stm32.14.3.rel1.win32_1.0.100.202602081740/tools/bin/../lib/gcc/arm-none-eabi/14.3.1/../../../../arm-none-eabi/lib/thumb/v7e-m+fp/hard\libc_nano.a(libc_a-nano-vfprintf_i.o)
 .rodata._scanf_i.str1.1
                0x08036e43       0x12 C:/ST/STM32CubeIDE_2.1.0/STM32CubeIDE/plugins/com.st.stm32cube.ide.mcu.externaltools.gnu-tools-for-stm32.14.3.rel1.win32_1.0.100.202602081740/tools/bin/../lib/gcc/arm-none-eabi/14.3.1/../../../../arm-none-eabi/lib/thumb/v7e-m+fp/hard\libc_nano.a(libc_a-nano-vfscanf_i.o)
 .rodata.str1.1
                0x08036e43        0x9 C:/ST/STM32CubeIDE_2.1.0/STM32CubeIDE/plugins/com.st.stm32cube.ide.mcu.externaltools.gnu-tools-for-stm32.14.3.rel1.win32_1.0.100.202602081740/tools/bin/../lib/gcc/arm-none-eabi/14.3.1/../../../../arm-none-eabi/lib/thumb/v7e-m+fp/hard\libc_nano.a(libc_a-nano-vfscanf_i.o)
                0x08036e68                        . = ALIGN (0x4)
 *fill*         0x08036e43        0x1 

.ARM.extab      0x08036e44        0x0
                0x08036e44                        . = ALIGN (0x4)
 *(.ARM.extab* .gnu.linkonce.armextab.*)
                0x08036e44                        . = ALIGN (0x4)

.ARM            0x08036e44        0x8
                0x08036e44                        . = ALIGN (0x4)
                0x08036e44                        __exidx_start = .
 *(.ARM.exidx*)
 .ARM.exidx     0x08036e44        0x8 C:/ST/STM32CubeIDE_2.1.0/STM32CubeIDE/plugins/com.st.stm32cube.ide.mcu.externaltools.gnu-tools-for-stm32.14.3.rel1.win32_1.0.100.202602081740/tools/bin/../lib/gcc/arm-none-eabi/14.3.1/../../../../arm-none-eabi/lib/thumb/v7e-m+fp/hard\libc_nano.a(libc_a-strlen.o)
 .ARM.exidx     0x08036e4c        0x0 C:/ST/STM32CubeIDE_2.1.0/STM32CubeIDE/plugins/com.st.stm32cube.ide.mcu.externaltools.gnu-tools-for-stm32.14.3.rel1.win32_1.0.100.202602081740/tools/bin/../lib/gcc/arm-none-eabi/14.3.1/../../../../arm-none-eabi/lib/thumb/v7e-m+fp/hard\libc_nano.a(libc_a-memchr.o)
                                  0x8 (size before relaxing)
 .ARM.exidx     0x08036e4c        0x0 C:/ST/STM32CubeIDE_2.1.0/STM32CubeIDE/plugins/com.st.stm32cube.ide.mcu.externaltools.gnu-tools-for-stm32.14.3.rel1.win32_1.0.100.202602081740/tools/bin/../lib/gcc/arm-none-eabi/14.3.1/thumb/v7e-m+fp/hard\libgcc.a(_udivmoddi4.o)
                                  0x8 (size before relaxing)
                0x08036e4c                        __exidx_end = .
                0x08036e4c                        . = ALIGN (0x4)

.preinit_array  0x08036e4c        0x0
                0x08036e4c                        . = ALIGN (0x4)
                0x08036e4c                        PROVIDE (__preinit_array_start = .)
 *(.preinit_array*)
                0x08036e4c                        PROVIDE (__preinit_array_end = .)
                0x08036e4c                        . = ALIGN (0x4)

.init_array     0x08036e4c        0x4
                0x08036e4c                        . = ALIGN (0x4)
                0x08036e4c                        PROVIDE (__init_array_start = .)
 *(SORT_BY_NAME(.init_array.*))
 *(.init_array*)
 .init_array    0x08036e4c        0x4 C:/ST/STM32CubeIDE_2.1.0/STM32CubeIDE/plugins/com.st.stm32cube.ide.mcu.externaltools.gnu-tools-for-stm32.14.3.rel1.win32_1.0.100.202602081740/tools/bin/../lib/gcc/arm-none-eabi/14.3.1/thumb/v7e-m+fp/hard/crtbegin.o
                0x08036e50                        PROVIDE (__init_array_end = .)
                0x08036e50                        . = ALIGN (0x4)

.fini_array     0x08036e50        0x4
                0x08036e50                        . = ALIGN (0x4)
                [!provide]                        PROVIDE (__fini_array_start = .)
 *(SORT_BY_NAME(.fini_array.*))
 *(.fini_array*)
 .fini_array    0x08036e50        0x4 C:/ST/STM32CubeIDE_2.1.0/STM32CubeIDE/plugins/com.st.stm32cube.ide.mcu.externaltools.gnu-tools-for-stm32.14.3.rel1.win32_1.0.100.202602081740/tools/bin/../lib/gcc/arm-none-eabi/14.3.1/thumb/v7e-m+fp/hard/crtbegin.o
                [!provide]                        PROVIDE (__fini_array_end = .)
                0x08036e54                        . = ALIGN (0x4)
                0x08036e54                        _sidata = LOADADDR (.data)

.rel.dyn        0x08036e54        0x0
 .rel.iplt      0x08036e54        0x0 C:/ST/STM32CubeIDE_2.1.0/STM32CubeIDE/plugins/com.st.stm32cube.ide.mcu.externaltools.gnu-tools-for-stm32.14.3.rel1.win32_1.0.100.202602081740/tools/bin/../lib/gcc/arm-none-eabi/14.3.1/thumb/v7e-m+fp/hard/crtbegin.o

.data           0x20000000       0x8c load address 0x08036e54
                0x20000000                        . = ALIGN (0x4)
                0x20000000                        _sdata = .
 *(.data)
 *(.data*)
 .data.Stat     0x20000000        0x1 ./Core/Src/fatfs_sd.o
 *fill*         0x20000001        0x1 
 .data.dir_x_car1
                0x20000002        0x2 ./Core/Src/main.o
                0x20000002                dir_x_car1
 .data.dir_y_car1
                0x20000004        0x2 ./Core/Src/main.o
                0x20000004                dir_y_car1
 .data.indx1    0x20000006        0x1 ./Core/Src/main.o
                0x20000006                indx1
 *fill*         0x20000007        0x1 
 .data.dir_x_car2
                0x20000008        0x2 ./Core/Src/main.o
                0x20000008                dir_x_car2
 .data.dir_y_car2
                0x2000000a        0x2 ./Core/Src/main.o
                0x2000000a                dir_y_car2
 .data.indx2    0x2000000c        0x1 ./Core/Src/main.o
                0x2000000c                indx2
 *fill*         0x2000000d        0x1 
 .data.boost_x  0x2000000e        0x2 ./Core/Src/main.o
                0x2000000e                boost_x
 .data.boost_y  0x20000010        0x2 ./Core/Src/main.o
                0x20000010                boost_y
 .data.STEP_SIZE_CAR1
                0x20000012        0x1 ./Core/Src/main.o
                0x20000012                STEP_SIZE_CAR1
 .data.STEP_SIZE_CAR2
                0x20000013        0x1 ./Core/Src/main.o
                0x20000013                STEP_SIZE_CAR2
 .data.highscore0_seg
                0x20000014        0x2 ./Core/Src/main.o
                0x20000014                highscore0_seg
 .data.highscore1_seg
                0x20000016        0x2 ./Core/Src/main.o
                0x20000016                highscore1_seg
 .data.highscore2_seg
                0x20000018        0x2 ./Core/Src/main.o
                0x20000018                highscore2_seg
 *fill*         0x2000001a        0x2 
 .data.SystemCoreClock
                0x2000001c        0x4 ./Core/Src/system_stm32f4xx.o
                0x2000001c                SystemCoreClock
 .data.uwTickPrio
                0x20000020        0x4 ./Drivers/STM32F4xx_HAL_Driver/Src/stm32f4xx_hal.o
                0x20000020                uwTickPrio
 .data.uwTickFreq
                0x20000024        0x1 ./Drivers/STM32F4xx_HAL_Driver/Src/stm32f4xx_hal.o
                0x20000024                uwTickFreq
 *fill*         0x20000025        0x3 
 .data.USER_Driver
                0x20000028       0x14 ./FATFS/Target/user_diskio.o
                0x20000028                USER_Driver
 .data._impure_ptr
                0x2000003c        0x4 C:/ST/STM32CubeIDE_2.1.0/STM32CubeIDE/plugins/com.st.stm32cube.ide.mcu.externaltools.gnu-tools-for-stm32.14.3.rel1.win32_1.0.100.202602081740/tools/bin/../lib/gcc/arm-none-eabi/14.3.1/../../../../arm-none-eabi/lib/thumb/v7e-m+fp/hard\libc_nano.a(libc_a-impure.o)
                0x2000003c                _impure_ptr
 .data._impure_data
                0x20000040       0x4c C:/ST/STM32CubeIDE_2.1.0/STM32CubeIDE/plugins/com.st.stm32cube.ide.mcu.externaltools.gnu-tools-for-stm32.14.3.rel1.win32_1.0.100.202602081740/tools/bin/../lib/gcc/arm-none-eabi/14.3.1/../../../../arm-none-eabi/lib/thumb/v7e-m+fp/hard\libc_nano.a(libc_a-impure.o)
                0x20000040                _impure_data
 *(.RamFunc)
 *(.RamFunc*)
                0x2000008c                        . = ALIGN (0x4)
                0x2000008c                        _edata = .

.igot.plt       0x2000008c        0x0 load address 0x08036ee0
 .igot.plt      0x2000008c        0x0 C:/ST/STM32CubeIDE_2.1.0/STM32CubeIDE/plugins/com.st.stm32cube.ide.mcu.externaltools.gnu-tools-for-stm32.14.3.rel1.win32_1.0.100.202602081740/tools/bin/../lib/gcc/arm-none-eabi/14.3.1/thumb/v7e-m+fp/hard/crtbegin.o
                0x2000008c                        . = ALIGN (0x4)

.bss            0x2000008c     0x5154 load address 0x08036ee0
                0x2000008c                        _sbss = .
                0x2000008c                        __bss_start__ = _sbss
 *(.bss)
 .bss           0x2000008c       0x1c C:/ST/STM32CubeIDE_2.1.0/STM32CubeIDE/plugins/com.st.stm32cube.ide.mcu.externaltools.gnu-tools-for-stm32.14.3.rel1.win32_1.0.100.202602081740/tools/bin/../lib/gcc/arm-none-eabi/14.3.1/thumb/v7e-m+fp/hard/crtbegin.o
 *(.bss*)
 .bss.Timer1    0x200000a8        0x2 ./Core/Src/fatfs_sd.o
                0x200000a8                Timer1
 .bss.Timer2    0x200000aa        0x2 ./Core/Src/fatfs_sd.o
                0x200000aa                Timer2
 .bss.CardType  0x200000ac        0x1 ./Core/Src/fatfs_sd.o
 .bss.PowerFlag
                0x200000ad        0x1 ./Core/Src/fatfs_sd.o
 *fill*         0x200000ae        0x2 
 .bss.fs        0x200000b0     0x1038 ./Core/Src/main.o
                0x200000b0                fs
 .bss.fil       0x200010e8     0x1030 ./Core/Src/main.o
                0x200010e8                fil
 .bss.fres      0x20002118        0x1 ./Core/Src/main.o
                0x20002118                fres
 *fill*         0x20002119        0x3 
 .bss.buffer    0x2000211c       0x64 ./Core/Src/main.o
                0x2000211c                buffer
 .bss.data      0x20002180        0x1 ./Core/Src/main.o
                0x20002180                data
 *fill*         0x20002181        0x3 
 .bss.hspi1     0x20002184       0x58 ./Core/Src/main.o
                0x20002184                hspi1
 .bss.hspi2     0x200021dc       0x58 ./Core/Src/main.o
                0x200021dc                hspi2
 .bss.htim1     0x20002234       0x48 ./Core/Src/main.o
                0x20002234                htim1
 .bss.htim2     0x2000227c       0x48 ./Core/Src/main.o
                0x2000227c                htim2
 .bss.htim6     0x200022c4       0x48 ./Core/Src/main.o
                0x200022c4                htim6
 .bss.huart5    0x2000230c       0x48 ./Core/Src/main.o
                0x2000230c                huart5
 .bss.huart2    0x20002354       0x48 ./Core/Src/main.o
                0x20002354                huart2
 .bss.huart3    0x2000239c       0x48 ./Core/Src/main.o
                0x2000239c                huart3
 .bss.huart6    0x200023e4       0x48 ./Core/Src/main.o
                0x200023e4                huart6
 .bss.hdma_usart3_rx
                0x2000242c       0x60 ./Core/Src/main.o
                0x2000242c                hdma_usart3_rx
 .bss.hdma_usart6_rx
                0x2000248c       0x60 ./Core/Src/main.o
                0x2000248c                hdma_usart6_rx
 .bss.estado_juego
                0x200024ec        0x1 ./Core/Src/main.o
                0x200024ec                estado_juego
 .bss.flag_velocidad
                0x200024ed        0x1 ./Core/Src/main.o
                0x200024ed                flag_velocidad
 .bss.flag_mapa_carrera
                0x200024ee        0x1 ./Core/Src/main.o
                0x200024ee                flag_mapa_carrera
 .bss.flag_menu
                0x200024ef        0x1 ./Core/Src/main.o
                0x200024ef                flag_menu
 .bss.rx_control1
                0x200024f0        0x1 ./Core/Src/main.o
                0x200024f0                rx_control1
 *fill*         0x200024f1        0x3 
 .bss.rx_control2
                0x200024f4        0x1 ./Core/Src/main.o
                0x200024f4                rx_control2
 .bss.flag_jugando
                0x200024f5        0x1 ./Core/Src/main.o
                0x200024f5                flag_jugando
 .bss.flag_ganador
                0x200024f6        0x1 ./Core/Src/main.o
                0x200024f6                flag_ganador
 .bss.contador  0x200024f7        0x1 ./Core/Src/main.o
                0x200024f7                contador
 .bss.contador_seg
                0x200024f8        0x2 ./Core/Src/main.o
                0x200024f8                contador_seg
 .bss.new_x_car1
                0x200024fa        0x2 ./Core/Src/main.o
                0x200024fa                new_x_car1
 .bss.new_y_car1
                0x200024fc        0x2 ./Core/Src/main.o
                0x200024fc                new_y_car1
 .bss.move_ready1
                0x200024fe        0x1 ./Core/Src/main.o
                0x200024fe                move_ready1
 .bss.cmd1      0x200024ff        0x1 ./Core/Src/main.o
                0x200024ff                cmd1
 .bss.new_x_car2
                0x20002500        0x2 ./Core/Src/main.o
                0x20002500                new_x_car2
 .bss.new_y_car2
                0x20002502        0x2 ./Core/Src/main.o
                0x20002502                new_y_car2
 .bss.move_ready2
                0x20002504        0x1 ./Core/Src/main.o
                0x20002504                move_ready2
 .bss.cmd2      0x20002505        0x1 ./Core/Src/main.o
                0x20002505                cmd2
 .bss.VELOCIDAD
                0x20002506        0x1 ./Core/Src/main.o
                0x20002506                VELOCIDAD
 *fill*         0x20002507        0x1 
 .bss.img_block
                0x20002508     0x2800 ./Core/Src/main.o
                0x20002508                img_block
 .bss.prev_x_car1
                0x20004d08        0x2 ./Core/Src/main.o
                0x20004d08                prev_x_car1
 .bss.prev_x_car2
                0x20004d0a        0x2 ./Core/Src/main.o
                0x20004d0a                prev_x_car2
 .bss.laps_car1
                0x20004d0c        0x1 ./Core/Src/main.o
                0x20004d0c                laps_car1
 .bss.laps_car2
                0x20004d0d        0x1 ./Core/Src/main.o
                0x20004d0d                laps_car2
 .bss.crossed_car1
                0x20004d0e        0x1 ./Core/Src/main.o
                0x20004d0e                crossed_car1
 .bss.crossed_car2
                0x20004d0f        0x1 ./Core/Src/main.o
                0x20004d0f                crossed_car2
 .bss.cp_car2   0x20004d10        0x1 ./Core/Src/main.o
                0x20004d10                cp_car2
 .bss.cp_car1   0x20004d11        0x1 ./Core/Src/main.o
                0x20004d11                cp_car1
 .bss.boost_visible
                0x20004d12        0x1 ./Core/Src/main.o
                0x20004d12                boost_visible
 *fill*         0x20004d13        0x1 
 .bss.boost_timer
                0x20004d14        0x2 ./Core/Src/main.o
                0x20004d14                boost_timer
 .bss.boost_car1
                0x20004d16        0x1 ./Core/Src/main.o
                0x20004d16                boost_car1
 .bss.boost_car2
                0x20004d17        0x1 ./Core/Src/main.o
                0x20004d17                boost_car2
 .bss.boost_time_car1
                0x20004d18        0x2 ./Core/Src/main.o
                0x20004d18                boost_time_car1
 .bss.boost_time_car2
                0x20004d1a        0x2 ./Core/Src/main.o
                0x20004d1a                boost_time_car2
 .bss.cp1_event_car1
                0x20004d1c        0x1 ./Core/Src/main.o
                0x20004d1c                cp1_event_car1
 .bss.cp1_event_car2
                0x20004d1d        0x1 ./Core/Src/main.o
                0x20004d1d                cp1_event_car2
 .bss.boost_spawned
                0x20004d1e        0x1 ./Core/Src/main.o
                0x20004d1e                boost_spawned
 .bss.highscore0_dec
                0x20004d1f        0x1 ./Core/Src/main.o
                0x20004d1f                highscore0_dec
 .bss.highscore1_dec
                0x20004d20        0x1 ./Core/Src/main.o
                0x20004d20                highscore1_dec
 .bss.highscore2_dec
                0x20004d21        0x1 ./Core/Src/main.o
                0x20004d21                highscore2_dec
 .bss.flag_highscore
                0x20004d22        0x1 ./Core/Src/main.o
                0x20004d22                flag_highscore
 *fill*         0x20004d23        0x1 
 .bss.collision_map
                0x20004d24      0x12c ./Core/Src/main.o
                0x20004d24                collision_map
 .bss.boost_drawn.0
                0x20004e50        0x1 ./Core/Src/main.o
 *fill*         0x20004e51        0x3 
 .bss.__sbrk_heap_end
                0x20004e54        0x4 ./Core/Src/sysmem.o
 .bss.uwTick    0x20004e58        0x4 ./Drivers/STM32F4xx_HAL_Driver/Src/stm32f4xx_hal.o
                0x20004e58                uwTick
 .bss.retUSER   0x20004e5c        0x1 ./FATFS/App/fatfs.o
                0x20004e5c                retUSER
 *fill*         0x20004e5d        0x3 
 .bss.USERPath  0x20004e60        0x4 ./FATFS/App/fatfs.o
                0x20004e60                USERPath
 .bss.FatFs     0x20004e64        0x4 ./Middlewares/Third_Party/FatFs/src/ff.o
 .bss.Fsid      0x20004e68        0x2 ./Middlewares/Third_Party/FatFs/src/ff.o
 *fill*         0x20004e6a        0x2 
 .bss.Files     0x20004e6c       0x20 ./Middlewares/Third_Party/FatFs/src/ff.o
 .bss.LfnBuf    0x20004e8c      0x200 ./Middlewares/Third_Party/FatFs/src/ff.o
 .bss.disk      0x2000508c        0xc ./Middlewares/Third_Party/FatFs/src/ff_gen_drv.o
                0x2000508c                disk
 .bss.__sf      0x20005098      0x138 C:/ST/STM32CubeIDE_2.1.0/STM32CubeIDE/plugins/com.st.stm32cube.ide.mcu.externaltools.gnu-tools-for-stm32.14.3.rel1.win32_1.0.100.202602081740/tools/bin/../lib/gcc/arm-none-eabi/14.3.1/../../../../arm-none-eabi/lib/thumb/v7e-m+fp/hard\libc_nano.a(libc_a-findfp.o)
                0x20005098                __sf
 .bss.errno     0x200051d0        0x4 C:/ST/STM32CubeIDE_2.1.0/STM32CubeIDE/plugins/com.st.stm32cube.ide.mcu.externaltools.gnu-tools-for-stm32.14.3.rel1.win32_1.0.100.202602081740/tools/bin/../lib/gcc/arm-none-eabi/14.3.1/../../../../arm-none-eabi/lib/thumb/v7e-m+fp/hard\libc_nano.a(libc_a-reent.o)
                0x200051d0                errno
 .bss.__lock___malloc_recursive_mutex
                0x200051d4        0x1 C:/ST/STM32CubeIDE_2.1.0/STM32CubeIDE/plugins/com.st.stm32cube.ide.mcu.externaltools.gnu-tools-for-stm32.14.3.rel1.win32_1.0.100.202602081740/tools/bin/../lib/gcc/arm-none-eabi/14.3.1/../../../../arm-none-eabi/lib/thumb/v7e-m+fp/hard\libc_nano.a(libc_a-lock.o)
                0x200051d4                __lock___malloc_recursive_mutex
 *fill*         0x200051d5        0x3 
 .bss.__malloc_sbrk_start
                0x200051d8        0x4 C:/ST/STM32CubeIDE_2.1.0/STM32CubeIDE/plugins/com.st.stm32cube.ide.mcu.externaltools.gnu-tools-for-stm32.14.3.rel1.win32_1.0.100.202602081740/tools/bin/../lib/gcc/arm-none-eabi/14.3.1/../../../../arm-none-eabi/lib/thumb/v7e-m+fp/hard\libc_nano.a(libc_a-mallocr.o)
                0x200051d8                __malloc_sbrk_start
 .bss.__malloc_free_list
                0x200051dc        0x4 C:/ST/STM32CubeIDE_2.1.0/STM32CubeIDE/plugins/com.st.stm32cube.ide.mcu.externaltools.gnu-tools-for-stm32.14.3.rel1.win32_1.0.100.202602081740/tools/bin/../lib/gcc/arm-none-eabi/14.3.1/../../../../arm-none-eabi/lib/thumb/v7e-m+fp/hard\libc_nano.a(libc_a-mallocr.o)
                0x200051dc                __malloc_free_list
 *(COMMON)
                0x200051e0                        . = ALIGN (0x4)
                0x200051e0                        _ebss = .
                0x200051e0                        __bss_end__ = _ebss

._user_heap_stack
                0x200051e0      0x600 load address 0x08036ee0
                0x200051e0                        . = ALIGN (0x8)
                [!provide]                        PROVIDE (end = .)
                0x200051e0                        PROVIDE (_end = .)
                0x200053e0                        . = (. + _Min_Heap_Size)
 *fill*         0x200051e0      0x200 
                0x200057e0                        . = (. + _Min_Stack_Size)
 *fill*         0x200053e0      0x400 
                0x200057e0                        . = ALIGN (0x8)

/DISCARD/
 libc.a(*)
 libm.a(*)
 libgcc.a(*)

.ARM.attributes
                0x00000000       0x30
 *(.ARM.attributes)
 .ARM.attributes
                0x00000000       0x22 C:/ST/STM32CubeIDE_2.1.0/STM32CubeIDE/plugins/com.st.stm32cube.ide.mcu.externaltools.gnu-tools-for-stm32.14.3.rel1.win32_1.0.100.202602081740/tools/bin/../lib/gcc/arm-none-eabi/14.3.1/thumb/v7e-m+fp/hard/crti.o
 .ARM.attributes
                0x00000022       0x34 C:/ST/STM32CubeIDE_2.1.0/STM32CubeIDE/plugins/com.st.stm32cube.ide.mcu.externaltools.gnu-tools-for-stm32.14.3.rel1.win32_1.0.100.202602081740/tools/bin/../lib/gcc/arm-none-eabi/14.3.1/thumb/v7e-m+fp/hard/crtbegin.o
 .ARM.attributes
                0x00000056       0x34 ./Core/Src/fatfs_sd.o
 .ARM.attributes
                0x0000008a       0x34 ./Core/Src/font.o
 .ARM.attributes
                0x000000be       0x34 ./Core/Src/graficos.o
 .ARM.attributes
                0x000000f2       0x34 ./Core/Src/ili9341.o
 .ARM.attributes
                0x00000126       0x34 ./Core/Src/main.o
 .ARM.attributes
                0x0000015a       0x34 ./Core/Src/stm32f4xx_hal_msp.o
 .ARM.attributes
                0x0000018e       0x34 ./Core/Src/stm32f4xx_it.o
 .ARM.attributes
                0x000001c2       0x34 ./Core/Src/sysmem.o
 .ARM.attributes
                0x000001f6       0x34 ./Core/Src/system_stm32f4xx.o
 .ARM.attributes
                0x0000022a       0x21 ./Core/Startup/startup_stm32f446retx.o
 .ARM.attributes
                0x0000024b       0x34 ./Drivers/STM32F4xx_HAL_Driver/Src/stm32f4xx_hal.o
 .ARM.attributes
                0x0000027f       0x34 ./Drivers/STM32F4xx_HAL_Driver/Src/stm32f4xx_hal_cortex.o
 .ARM.attributes
                0x000002b3       0x34 ./Drivers/STM32F4xx_HAL_Driver/Src/stm32f4xx_hal_dma.o
 .ARM.attributes
                0x000002e7       0x34 ./Drivers/STM32F4xx_HAL_Driver/Src/stm32f4xx_hal_gpio.o
 .ARM.attributes
                0x0000031b       0x34 ./Drivers/STM32F4xx_HAL_Driver/Src/stm32f4xx_hal_rcc.o
 .ARM.attributes
                0x0000034f       0x34 ./Drivers/STM32F4xx_HAL_Driver/Src/stm32f4xx_hal_rcc_ex.o
 .ARM.attributes
                0x00000383       0x34 ./Drivers/STM32F4xx_HAL_Driver/Src/stm32f4xx_hal_spi.o
 .ARM.attributes
                0x000003b7       0x34 ./Drivers/STM32F4xx_HAL_Driver/Src/stm32f4xx_hal_tim.o
 .ARM.attributes
                0x000003eb       0x34 ./Drivers/STM32F4xx_HAL_Driver/Src/stm32f4xx_hal_tim_ex.o
 .ARM.attributes
                0x0000041f       0x34 ./Drivers/STM32F4xx_HAL_Driver/Src/stm32f4xx_hal_uart.o
 .ARM.attributes
                0x00000453       0x34 ./FATFS/App/fatfs.o
 .ARM.attributes
                0x00000487       0x34 ./FATFS/Target/user_diskio.o
 .ARM.attributes
                0x000004bb       0x34 ./Middlewares/Third_Party/FatFs/src/diskio.o
 .ARM.attributes
                0x000004ef       0x34 ./Middlewares/Third_Party/FatFs/src/ff.o
 .ARM.attributes
                0x00000523       0x34 ./Middlewares/Third_Party/FatFs/src/ff_gen_drv.o
 .ARM.attributes
                0x00000557       0x34 ./Middlewares/Third_Party/FatFs/src/option/ccsbcs.o
 .ARM.attributes
                0x0000058b       0x34 C:/ST/STM32CubeIDE_2.1.0/STM32CubeIDE/plugins/com.st.stm32cube.ide.mcu.externaltools.gnu-tools-for-stm32.14.3.rel1.win32_1.0.100.202602081740/tools/bin/../lib/gcc/arm-none-eabi/14.3.1/../../../../arm-none-eabi/lib/thumb/v7e-m+fp/hard\libc_nano.a(libc_a-strtol.o)
 .ARM.attributes
                0x000005bf       0x34 C:/ST/STM32CubeIDE_2.1.0/STM32CubeIDE/plugins/com.st.stm32cube.ide.mcu.externaltools.gnu-tools-for-stm32.14.3.rel1.win32_1.0.100.202602081740/tools/bin/../lib/gcc/arm-none-eabi/14.3.1/../../../../arm-none-eabi/lib/thumb/v7e-m+fp/hard\libc_nano.a(libc_a-ctype_.o)
 .ARM.attributes
                0x000005f3       0x34 C:/ST/STM32CubeIDE_2.1.0/STM32CubeIDE/plugins/com.st.stm32cube.ide.mcu.externaltools.gnu-tools-for-stm32.14.3.rel1.win32_1.0.100.202602081740/tools/bin/../lib/gcc/arm-none-eabi/14.3.1/../../../../arm-none-eabi/lib/thumb/v7e-m+fp/hard\libc_nano.a(libc_a-findfp.o)
 .ARM.attributes
                0x00000627       0x34 C:/ST/STM32CubeIDE_2.1.0/STM32CubeIDE/plugins/com.st.stm32cube.ide.mcu.externaltools.gnu-tools-for-stm32.14.3.rel1.win32_1.0.100.202602081740/tools/bin/../lib/gcc/arm-none-eabi/14.3.1/../../../../arm-none-eabi/lib/thumb/v7e-m+fp/hard\libc_nano.a(libc_a-sprintf.o)
 .ARM.attributes
                0x0000065b       0x34 C:/ST/STM32CubeIDE_2.1.0/STM32CubeIDE/plugins/com.st.stm32cube.ide.mcu.externaltools.gnu-tools-for-stm32.14.3.rel1.win32_1.0.100.202602081740/tools/bin/../lib/gcc/arm-none-eabi/14.3.1/../../../../arm-none-eabi/lib/thumb/v7e-m+fp/hard\libc_nano.a(libc_a-sscanf.o)
 .ARM.attributes
                0x0000068f       0x34 C:/ST/STM32CubeIDE_2.1.0/STM32CubeIDE/plugins/com.st.stm32cube.ide.mcu.externaltools.gnu-tools-for-stm32.14.3.rel1.win32_1.0.100.202602081740/tools/bin/../lib/gcc/arm-none-eabi/14.3.1/../../../../arm-none-eabi/lib/thumb/v7e-m+fp/hard\libc_nano.a(libc_a-stdio.o)
 .ARM.attributes
                0x000006c3       0x34 C:/ST/STM32CubeIDE_2.1.0/STM32CubeIDE/plugins/com.st.stm32cube.ide.mcu.externaltools.gnu-tools-for-stm32.14.3.rel1.win32_1.0.100.202602081740/tools/bin/../lib/gcc/arm-none-eabi/14.3.1/../../../../arm-none-eabi/lib/thumb/v7e-m+fp/hard\libc_nano.a(libc_a-memset.o)
 .ARM.attributes
                0x000006f7       0x34 C:/ST/STM32CubeIDE_2.1.0/STM32CubeIDE/plugins/com.st.stm32cube.ide.mcu.externaltools.gnu-tools-for-stm32.14.3.rel1.win32_1.0.100.202602081740/tools/bin/../lib/gcc/arm-none-eabi/14.3.1/../../../../arm-none-eabi/lib/thumb/v7e-m+fp/hard\libc_nano.a(libc_a-reent.o)
 .ARM.attributes
                0x0000072b       0x34 C:/ST/STM32CubeIDE_2.1.0/STM32CubeIDE/plugins/com.st.stm32cube.ide.mcu.externaltools.gnu-tools-for-stm32.14.3.rel1.win32_1.0.100.202602081740/tools/bin/../lib/gcc/arm-none-eabi/14.3.1/../../../../arm-none-eabi/lib/thumb/v7e-m+fp/hard\libc_nano.a(libc_a-impure.o)
 .ARM.attributes
                0x0000075f       0x34 C:/ST/STM32CubeIDE_2.1.0/STM32CubeIDE/plugins/com.st.stm32cube.ide.mcu.externaltools.gnu-tools-for-stm32.14.3.rel1.win32_1.0.100.202602081740/tools/bin/../lib/gcc/arm-none-eabi/14.3.1/../../../../arm-none-eabi/lib/thumb/v7e-m+fp/hard\libc_nano.a(libc_a-errno.o)
 .ARM.attributes
                0x00000793       0x34 C:/ST/STM32CubeIDE_2.1.0/STM32CubeIDE/plugins/com.st.stm32cube.ide.mcu.externaltools.gnu-tools-for-stm32.14.3.rel1.win32_1.0.100.202602081740/tools/bin/../lib/gcc/arm-none-eabi/14.3.1/../../../../arm-none-eabi/lib/thumb/v7e-m+fp/hard\libc_nano.a(libc_a-init.o)
 .ARM.attributes
                0x000007c7       0x34 C:/ST/STM32CubeIDE_2.1.0/STM32CubeIDE/plugins/com.st.stm32cube.ide.mcu.externaltools.gnu-tools-for-stm32.14.3.rel1.win32_1.0.100.202602081740/tools/bin/../lib/gcc/arm-none-eabi/14.3.1/../../../../arm-none-eabi/lib/thumb/v7e-m+fp/hard\libc_nano.a(libc_a-lock.o)
 .ARM.attributes
                0x000007fb       0x17 C:/ST/STM32CubeIDE_2.1.0/STM32CubeIDE/plugins/com.st.stm32cube.ide.mcu.externaltools.gnu-tools-for-stm32.14.3.rel1.win32_1.0.100.202602081740/tools/bin/../lib/gcc/arm-none-eabi/14.3.1/../../../../arm-none-eabi/lib/thumb/v7e-m+fp/hard\libc_nano.a(libc_a-strlen.o)
 .ARM.attributes
                0x00000812       0x34 C:/ST/STM32CubeIDE_2.1.0/STM32CubeIDE/plugins/com.st.stm32cube.ide.mcu.externaltools.gnu-tools-for-stm32.14.3.rel1.win32_1.0.100.202602081740/tools/bin/../lib/gcc/arm-none-eabi/14.3.1/../../../../arm-none-eabi/lib/thumb/v7e-m+fp/hard\libc_nano.a(libc_a-freer.o)
 .ARM.attributes
                0x00000846       0x34 C:/ST/STM32CubeIDE_2.1.0/STM32CubeIDE/plugins/com.st.stm32cube.ide.mcu.externaltools.gnu-tools-for-stm32.14.3.rel1.win32_1.0.100.202602081740/tools/bin/../lib/gcc/arm-none-eabi/14.3.1/../../../../arm-none-eabi/lib/thumb/v7e-m+fp/hard\libc_nano.a(libc_a-mallocr.o)
 .ARM.attributes
                0x0000087a       0x34 C:/ST/STM32CubeIDE_2.1.0/STM32CubeIDE/plugins/com.st.stm32cube.ide.mcu.externaltools.gnu-tools-for-stm32.14.3.rel1.win32_1.0.100.202602081740/tools/bin/../lib/gcc/arm-none-eabi/14.3.1/../../../../arm-none-eabi/lib/thumb/v7e-m+fp/hard\libc_nano.a(libc_a-mlock.o)
 .ARM.attributes
                0x000008ae       0x34 C:/ST/STM32CubeIDE_2.1.0/STM32CubeIDE/plugins/com.st.stm32cube.ide.mcu.externaltools.gnu-tools-for-stm32.14.3.rel1.win32_1.0.100.202602081740/tools/bin/../lib/gcc/arm-none-eabi/14.3.1/../../../../arm-none-eabi/lib/thumb/v7e-m+fp/hard\libc_nano.a(libc_a-nano-svfprintf.o)
 .ARM.attributes
                0x000008e2       0x34 C:/ST/STM32CubeIDE_2.1.0/STM32CubeIDE/plugins/com.st.stm32cube.ide.mcu.externaltools.gnu-tools-for-stm32.14.3.rel1.win32_1.0.100.202602081740/tools/bin/../lib/gcc/arm-none-eabi/14.3.1/../../../../arm-none-eabi/lib/thumb/v7e-m+fp/hard\libc_nano.a(libc_a-nano-svfscanf.o)
 .ARM.attributes
                0x00000916       0x34 C:/ST/STM32CubeIDE_2.1.0/STM32CubeIDE/plugins/com.st.stm32cube.ide.mcu.externaltools.gnu-tools-for-stm32.14.3.rel1.win32_1.0.100.202602081740/tools/bin/../lib/gcc/arm-none-eabi/14.3.1/../../../../arm-none-eabi/lib/thumb/v7e-m+fp/hard\libc_nano.a(libc_a-nano-vfprintf_i.o)
 .ARM.attributes
                0x0000094a       0x34 C:/ST/STM32CubeIDE_2.1.0/STM32CubeIDE/plugins/com.st.stm32cube.ide.mcu.externaltools.gnu-tools-for-stm32.14.3.rel1.win32_1.0.100.202602081740/tools/bin/../lib/gcc/arm-none-eabi/14.3.1/../../../../arm-none-eabi/lib/thumb/v7e-m+fp/hard\libc_nano.a(libc_a-nano-vfscanf_i.o)
 .ARM.attributes
                0x0000097e       0x34 C:/ST/STM32CubeIDE_2.1.0/STM32CubeIDE/plugins/com.st.stm32cube.ide.mcu.externaltools.gnu-tools-for-stm32.14.3.rel1.win32_1.0.100.202602081740/tools/bin/../lib/gcc/arm-none-eabi/14.3.1/../../../../arm-none-eabi/lib/thumb/v7e-m+fp/hard\libc_nano.a(libc_a-sccl.o)
 .ARM.attributes
                0x000009b2       0x34 C:/ST/STM32CubeIDE_2.1.0/STM32CubeIDE/plugins/com.st.stm32cube.ide.mcu.externaltools.gnu-tools-for-stm32.14.3.rel1.win32_1.0.100.202602081740/tools/bin/../lib/gcc/arm-none-eabi/14.3.1/../../../../arm-none-eabi/lib/thumb/v7e-m+fp/hard\libc_nano.a(libc_a-ungetc.o)
 .ARM.attributes
                0x000009e6       0x34 C:/ST/STM32CubeIDE_2.1.0/STM32CubeIDE/plugins/com.st.stm32cube.ide.mcu.externaltools.gnu-tools-for-stm32.14.3.rel1.win32_1.0.100.202602081740/tools/bin/../lib/gcc/arm-none-eabi/14.3.1/../../../../arm-none-eabi/lib/thumb/v7e-m+fp/hard\libc_nano.a(libc_a-memmove.o)
 .ARM.attributes
                0x00000a1a       0x34 C:/ST/STM32CubeIDE_2.1.0/STM32CubeIDE/plugins/com.st.stm32cube.ide.mcu.externaltools.gnu-tools-for-stm32.14.3.rel1.win32_1.0.100.202602081740/tools/bin/../lib/gcc/arm-none-eabi/14.3.1/../../../../arm-none-eabi/lib/thumb/v7e-m+fp/hard\libc_nano.a(libc_a-sbrkr.o)
 .ARM.attributes
                0x00000a4e       0x1c C:/ST/STM32CubeIDE_2.1.0/STM32CubeIDE/plugins/com.st.stm32cube.ide.mcu.externaltools.gnu-tools-for-stm32.14.3.rel1.win32_1.0.100.202602081740/tools/bin/../lib/gcc/arm-none-eabi/14.3.1/../../../../arm-none-eabi/lib/thumb/v7e-m+fp/hard\libc_nano.a(libc_a-memchr.o)
 .ARM.attributes